2019-07-22 20:33:39.054 1665-1866/? I/OVRPlatform: [HttpRequest] Request `me?fields=current_party{id,leader{id},users{id,alias,display_name,profile_url,profile_url_small,presence,presence_status,presence_app{id,package_name},avatar_v2{avatar_image{uri}}},invited_users{id,alias,display_name,profile_url,profile_url_small,presence,presence_status,presence_app{id,package_name},avatar_v2{avatar_image{uri}}}}' (id: 47183) succeeded: {"id":"238666243259190"}
2019-07-22 20:33:39.055 1665-1932/? I/OVRPlatform: [RequestStopwatch] HttpRequestAsync (me?fields=current_party{id,leader{id},users{id,alias,display_name,profile_url,profile_url_small,presence,presence_status,presence_app{id,package_name},avatar_v2{avatar_image{uri}}},invited_users{id,alias,display_name,profile_url,profile_url_small,presence,presence_status,presence_app{id,package_name},avatar_v2{avatar_image{uri}}}}) took 120.3770 milliseconds
2019-07-22 20:33:39.063 1665-1726/? I/[OAR] PartyManager: Party Response Parse Time: 0.037969ms
2019-07-22 20:33:39.071 1567-1567/? I/PlatformPluginManager: enforcePartyChatStateConsistency - User not in a party.
2019-07-22 20:33:39.071 1567-1567/? I/PlatformPluginManager: stopPartyChat
2019-07-22 20:33:39.071 1567-1567/? I/PlatformPlugin: [PlatformPluginManager] Stopping party chat
2019-07-22 20:33:39.072 4385-4441/? I/RCTVRNET: Request complete: 'docid=' 'traceid=HBnqAqwhATW' code=400 time=103
2019-07-22 20:33:39.083 4385-4441/? I/RCTVRNET: Request complete: 'docid=' 'traceid=CuF9Evj0FW7' code=200 time=125
2019-07-22 20:33:39.092 4385-4410/? I/panelapp: LE reactvr_info
2019-07-22 20:33:39.093 4385-4410/? W/AnalyticsLogger: AnalyticsLogger::Insert warning: Overwriting extra for event {reactvr_info} with same value: key={code}, value={400}
2019-07-22 20:33:39.096 4385-4410/? D/OculusLogger:  logEvent(reactvr_info, {{device_type=PACIFIC, download_size=144, headset_type=PACIFIC, total_time=103, transfer_time=0, connect_time=0, firstbyte_time=103, code=400, id=238666243259190, traceID=HBnqAqwhATW, session_id=b792853a-c929-4195-9c58-8e2d6f78c275, uid=508, download_speed=1398, device_region=UNSPECIFIED, namelookup_time=0, docID=, type=network_fetch_complete, real_timestamp=1563820419072}}, false)
2019-07-22 20:33:39.097 4385-4410/? I/panelapp: LE reactvr_info
2019-07-22 20:33:39.097 4385-4410/? W/AnalyticsLogger: AnalyticsLogger::Insert warning: Overwriting extra for event {reactvr_info} with same value: key={code}, value={200}
2019-07-22 20:33:39.101 4385-4410/? D/OculusLogger:  logEvent(reactvr_info, {{download_size=483, device_type=PACIFIC, headset_type=PACIFIC, total_time=125, transfer_time=0, connect_time=0, firstbyte_time=125, code=200, id=238666243259190, traceID=CuF9Evj0FW7, session_id=b792853a-c929-4195-9c58-8e2d6f78c275, uid=507, namelookup_time=0, device_region=UNSPECIFIED, download_speed=3864, docID=, type=network_fetch_complete, real_timestamp=1563820419084}}, false)
2019-07-22 20:33:39.116 4385-4385/? I/HomeApplication: onUserId
2019-07-22 20:33:39.397 1665-1726/? I/[OAR] AudioSystem: Device 0 doesn't have BufferedHapticVibration
2019-07-22 20:33:39.397 1665-1726/? I/[OAR] AudioMixer: Creating a new stream for client UiSound0
2019-07-22 20:33:39.397 1665-1726/? I/[OAR] AudioMixer: PlaySoundEffect: 8425 samples at 45972.301078
2019-07-22 20:33:39.573 1665-29233/? I/[OAR] AudioMixer: Finishing mono effect
2019-07-22 20:33:39.703 1665-1726/? I/[OAR] AudioSystem: Device 0 doesn't have BufferedHapticVibration
2019-07-22 20:33:39.703 1665-1726/? I/[OAR] AudioMixer: Creating a new stream for client UiSound1
2019-07-22 20:33:39.703 1665-1726/? I/[OAR] AudioMixer: PlaySoundEffect: 8425 samples at 45972.601078
2019-07-22 20:33:39.873 1665-29233/? I/[OAR] AudioMixer: Finishing mono effect
2019-07-22 20:33:39.891 1665-29232/? I/UtilPoller: GPU Util 0.475785 / CPU Util 0.995588 (avg 0.789925)
2019-07-22 20:33:39.960 4385-4410/? I/RvrPnl: FPS=62.6858/105.062/16.8651, MSPF=0.0159526/9.51815/59.294, MEMALLOC=33.8044
2019-07-22 20:33:39.973 1322-1322/? D/VRPowerManagerService: processing message: sensor changed
2019-07-22 20:33:39.974 1322-1322/? I/VRPowerManagerService: transition from HEADSET_MOUNTED to HEADSET_UNMOUNTED
2019-07-22 20:33:39.979 1281-1803/? D/VRPowerManagerClient: Headset state: 3
2019-07-22 20:33:39.980 1337-1752/? D/TrackingService: Received transition request to STANDBY current is RUNNING
2019-07-22 20:33:39.980 1337-1752/? D/TrackingService: Executing transition from RUNNING to STANDBY
2019-07-22 20:33:39.980 1337-1752/? D/TrackingService: Setting power state to STANDBY
2019-07-22 20:33:39.980 1281-1803/? V/ControllerNotifications: Handling unmount notification
2019-07-22 20:33:39.980 468-1475/? D/audio_hw_primary: adev_set_mic_mute state 0
2019-07-22 20:33:39.984 1665-1726/? I/VrApi: ovr_HandleHmdEvents: HMT was UNmounted
2019-07-22 20:33:39.996 1665-1726/? I/[OAR] ShellApp: HMD Mount State Changed - unmounted
2019-07-22 20:33:39.996 1665-1726/? I/[OAR] ShellApp: Background
2019-07-22 20:33:39.996 1665-1726/? I/[OAR] PanelAppHost: OnBackground
2019-07-22 20:33:39.996 1665-1726/? I/[OAR] PanelAppHost: Panel app 3 (com.oculus.vrshell.home/com.oculus.vrshell.home.LibraryService) changing state from foreground to background
2019-07-22 20:33:39.997 1665-1726/? D/[OAR] MainActivity: notify OS to set com.oculus.vrshell.home/com.oculus.vrshell.home.LibraryService to BACKGROUND
2019-07-22 20:33:40.001 1665-1726/? I/[OAR] PanelAppHost: com.oculus.vrshell.home/com.oculus.vrshell.home.LibraryService:3 is now backgrounded due to: hmdDismount
2019-07-22 20:33:40.006 4385-4410/? I/RCTVR: AppState backgroundReason [hmdDismount]
2019-07-22 20:33:40.014 4385-4437/? I/RCTVR_HERMES: [info]: 'Analytics', { section_name: 'library',
      sub_section_name: 'unknown_sources',
      active_duration_ms: 1054.6374990046024,
      real_timestamp: 1563820420013,
      type: 'section_exit' }
2019-07-22 20:33:40.016 4385-4437/? I/RCTVR_HERMES: [info]: 'Analytics', { section_name: 'library',
      sub_section_name: 'unknown_sources',
      tile: 'home_launcher_tile_mini',
      target_type: 'launcher_tile_tutorial',
      active_duration_ms: 1052.4203630015254,
      real_timestamp: 1563820420015,
      type: 'oculus_home_impression_tile' }
2019-07-22 20:33:40.019 4385-4437/? V/RCTVR_HERMES: [log]: 'Home', 'HomeGraphQueryUtils: fetching https://graph.oculus.com/graphql?forced_locale=de_DE&q=viewer()%7Buser%7Bdevice_preferences.device_id(%3Cdevice_id%3E)%7Bsessions_in_vr%7D%7D%7D&query_params=%7B%22device_id%22%3A%221ea56fd95349b43d%22%7D'
2019-07-22 20:33:40.022 4385-4437/? V/RCTVR_HERMES: [log]: 'Home', 'SessionsInVR: Failed to fetch.'
2019-07-22 20:33:40.100 4385-4410/? D/OculusLogger:  logEvent(section_exit, {{from_pkg=com.oculus.vrshell, device_type=PACIFIC, headset_type=PACIFIC, id=238666243259190, session_id=b792853a-c929-4195-9c58-8e2d6f78c275, device_region=UNSPECIFIED, sub_section_name=unknown_sources, active_duration_ms=1054.6374990046024, section_name=library, real_timestamp=1563820420013, service_type=LIBRARY}}, false)
2019-07-22 20:33:40.101 4385-4410/? D/OculusLogger:  logEvent(oculus_home_impression_tile, {{from_pkg=com.oculus.vrshell, device_type=PACIFIC, headset_type=PACIFIC, id=238666243259190, session_id=b792853a-c929-4195-9c58-8e2d6f78c275, target_type=launcher_tile_tutorial, device_region=UNSPECIFIED, sub_section_name=unknown_sources, active_duration_ms=1052.4203630015254, tile=home_launcher_tile_mini, section_name=library, service_type=LIBRARY, real_timestamp=1563820420015}}, false)
2019-07-22 20:33:40.101 4385-4410/? I/panelapp: LE reactvr
2019-07-22 20:33:40.102 4385-4410/? D/OculusLogger:  logEvent(reactvr, {{device_type=PACIFIC, headset_type=PACIFIC, id=238666243259190, session_id=b792853a-c929-4195-9c58-8e2d6f78c275, uid=509, device_region=UNSPECIFIED, type=network_fetch_start, real_timestamp=1563820420020}}, false)
2019-07-22 20:33:40.103 4385-4437/? W/RCTVR_HERMES: [warn]: QEData empty or corrupt for sessionless__oculus_mobile_library_badge_updates_category_universe
2019-07-22 20:33:40.174 1665-29231/? I/Telemetry: App memory usage: PSS=252MB
2019-07-22 20:33:40.179 1665-29231/? I/VrApi: FPS=1,Prd=1020ms,Tear=0,Early=0,Stale=0,VSnc=1,Lat=0,Fov=0,CPU2/GPU=2/2,1132/315MHz,OC=F,TA=E/C/0,SP=F/F/N,Mem=1017MHz,Free=993MB,PSM=0,PLS=0,Temp=27.5C/25.0C,TW=0.27ms,App=2.06ms,GD=0.00ms
2019-07-22 20:33:40.199 1567-1844/? W/VRLifecycleManager: onHeadsetUnmounted
2019-07-22 20:33:40.202 1567-29051/? I/VRLifecycleSessionManager: Stored session info.
2019-07-22 20:33:40.204 1665-29228/? I/Clocks: ReleaseClocks - start
2019-07-22 20:33:40.206 1567-1844/? I/PlatformPluginManager: setHeadsetMountState: false
2019-07-22 20:33:40.208 625-739/? D/VrApiService: CPU_CLUSTER_0: No client requests exists, release clocks
2019-07-22 20:33:40.209 1567-1844/? I/OVRPlatform: [AudioManager] SetHeadsetMounted: false
2019-07-22 20:33:40.209 1567-1844/? I/OVRPlatform: [AudioManager] Current headsetMounted_ false
2019-07-22 20:33:40.209 1567-1844/? I/OVRPlatform: [AudioManager] Current headphoneStatus_: DISCONNECTED
2019-07-22 20:33:40.209 1567-1844/? I/OVRPlatform: [PartyChat] Setting connection MicrophoneMutedState MUTED
2019-07-22 20:33:40.209 1567-29044/? I/OVRPlatform: [PartyChat] Updating playback mode to 0
2019-07-22 20:33:40.211 625-739/? D/VrApiService: CPU_CLUSTER_1: No client requests exists, release clocks
2019-07-22 20:33:40.211 625-739/? D/VrApiService: GPU: No client requests exists, release clocks
2019-07-22 20:33:40.211 625-739/? D/VrApiService: CPUBW: No client requests exists, release clocks
2019-07-22 20:33:40.210 1567-1844/? I/MountStatusPoller: mounted false
2019-07-22 20:33:40.212 625-739/? D/VrApiService: GPUBW: No client requests exists, release clocks
2019-07-22 20:33:40.213 1567-29051/? W/VRLifecycleManager: onHeadsetUnmounted
2019-07-22 20:33:40.213 1567-29051/? I/MountStatusPoller: mounted false
2019-07-22 20:33:40.214 1665-29228/? I/Clocks: ReleaseClocks - end (9.6 ms)
2019-07-22 20:33:40.214 1665-29228/? I/Clocks: LockClocks( cpu=3, gpu=2 ) - start
2019-07-22 20:33:40.216 1665-29228/? I/Clocks: CPU levels [0, 5]
2019-07-22 20:33:40.216 1665-29228/? I/Clocks: GPU levels [0, 5]