2019-07-22 20:33:37.957 1567-1844/? I/OVRPlatform: [AudioManager] Current headsetMounted_ true
2019-07-22 20:33:37.957 1567-1844/? I/OVRPlatform: [AudioManager] Current headphoneStatus_: DISCONNECTED
2019-07-22 20:33:37.957 1567-1844/? I/OVRPlatform: [PartyChat] Setting connection MicrophoneMutedState UNMUTED
2019-07-22 20:33:37.957 1567-29044/? I/OVRPlatform: [PartyChat] Updating playback mode to 1
2019-07-22 20:33:37.958 1567-1844/? I/MountStatusPoller: mounted true
2019-07-22 20:33:38.393 973-29212/? I/VrApi: FPS=60,Prd=40ms,Tear=0,Early=0,Stale=0,VSnc=1,Lat=0,Fov=0,CPU2/GPU=2/1,1132/214MHz,OC=F,TA=E/0/0,SP=F/N/N,Mem=1017MHz,Free=890MB,PSM=0,PLS=0,Temp=27.5C/25.0C,TW=3.89ms,App=1.09ms,GD=0.00ms
2019-07-22 20:33:38.475 973-29209/? I/Clocks: ReleaseClocks - start
2019-07-22 20:33:38.477 625-2625/? D/VrApiService: CPU_CLUSTER_0: No client requests exists, release clocks
2019-07-22 20:33:38.478 625-2625/? D/VrApiService: CPU_CLUSTER_1: No client requests exists, release clocks
2019-07-22 20:33:38.479 625-2625/? D/VrApiService: GPU: No client requests exists, release clocks
2019-07-22 20:33:38.479 625-2625/? D/VrApiService: CPUBW: No client requests exists, release clocks
2019-07-22 20:33:38.479 625-2625/? D/VrApiService: GPUBW: No client requests exists, release clocks
2019-07-22 20:33:38.480 973-29209/? I/Clocks: ReleaseClocks - end (4.3 ms)
2019-07-22 20:33:38.480 973-29209/? I/Clocks: LockClocks( cpu=1, gpu=1 ) - start
2019-07-22 20:33:38.482 973-29213/? I/UtilPoller: GPU Util 0.306243 / CPU Util 0.583333 (avg 0.387509)
2019-07-22 20:33:38.483 973-29209/? I/Clocks: CPU levels [0, 5]
2019-07-22 20:33:38.483 973-29209/? I/Clocks: GPU levels [0, 5]
2019-07-22 20:33:38.483 625-625/? D/VrApiService: CPU_CLUSTER_0: Client 973 sends freq request [10, 10]
2019-07-22 20:33:38.483 625-625/? D/VrApiService: CPU_CLUSTER_0: Next Perf Level = (10, 10)
2019-07-22 20:33:38.483 625-625/? D/VrApiService: CPU_CLUSTER_1: Client 973 sends freq request [10, 10]
2019-07-22 20:33:38.484 625-625/? D/VrApiService: CPU_CLUSTER_1: Next Perf Level = (10, 10)
2019-07-22 20:33:38.485 625-625/? D/VrApiService: CPUBW: Client 973 sends freq request [8, 11]
2019-07-22 20:33:38.485 625-625/? D/VrApiService: CPUBW: Next Perf Level = (8, 11)
2019-07-22 20:33:38.487 625-625/? D/VrApiService: GPUBW: Client 973 sends freq request [9, 11]
2019-07-22 20:33:38.487 625-625/? D/VrApiService: GPUBW: Next Perf Level = (9, 11)
2019-07-22 20:33:38.487 625-625/? D/VrApiService: GPU: Client 973 sends freq request [1, 1]
2019-07-22 20:33:38.487 625-625/? D/VrApiService: GPU: Next Perf Level = (1, 1)
2019-07-22 20:33:38.488 973-29209/? I/Clocks: LockClocks( cpu=1, gpu=1 ) - end (6.8 ms)
2019-07-22 20:33:38.562 973-29205/? W/ActivityManager: Ignoring remove of inactive process: ProcessRecord{5666ef1 0:com.nintendont.virtualboygo/u0a126}
2019-07-22 20:33:38.562 468-24604/? I/AudioPolicyManagerCustom: FLAG None hence request for a primary output
2019-07-22 20:33:38.564 468-4175/? I/AudioPolicyManagerCustom: FLAG None hence request for a primary output
2019-07-22 20:33:38.571 468-512/? D/audio_hw_primary: start_output_stream: enter: stream(0xe6434c00)usecase(1: low-latency-playback) devices(0x2)
2019-07-22 20:33:38.571 468-512/? E/audio_hw_extn: audio_extn_perf_lock_acquire: Failed to acquire perf lock, err: -1
2019-07-22 20:33:38.572 468-512/? D/audio_hw_primary: select_devices for use case (low-latency-playback)
2019-07-22 20:33:38.572 468-512/? D/audio_hw_primary: select_devices: out_snd_device(2: speaker) in_snd_device(0: )
2019-07-22 20:33:38.572 468-512/? I/msm8974_platform: platform_check_and_set_codec_backend_cfg:becf: afe: bitwidth 16, samplerate 48000 channels 2, backend_idx 0 usecase = 1 device (speaker)
2019-07-22 20:33:38.572 468-512/? D/msm8974_platform: platform_can_split_snd_device: snd_device(2) num devices(1) new_snd_devices(0)
2019-07-22 20:33:38.572 468-512/? I/msm8974_platform: platform_check_and_set_codec_backend_cfg: new_snd_devices[0] is 2
2019-07-22 20:33:38.572 468-512/? I/msm8974_platform: platform_check_codec_backend_cfg:becf: afe: bitwidth 16, samplerate 48000 channels 2, backend_idx 0 usecase = 1 device (speaker)
2019-07-22 20:33:38.572 468-512/? D/msm8974_platform: platform_check_codec_backend_cfg:becf: afe: playback on non-44.1-support device Configure afe to default Sample Rate(48k)
2019-07-22 20:33:38.572 468-512/? I/msm8974_platform: platform_check_codec_backend_cfg:becf: afe: Codec selected backend: 0 updated bit width: 16 and sample rate: 48000
2019-07-22 20:33:38.572 468-512/? D/audio_hw_primary: check_usecases_codec_backend:becf: force routing 0
2019-07-22 20:33:38.572 468-512/? E/msm8974_platform: platform_check_backends_match: Invalid snd_device = 
2019-07-22 20:33:38.572 468-512/? D/audio_hw_primary: check_usecases_codec_backend:becf: (40) check_usecases curr device: speaker, usecase device: backends match 0
2019-07-22 20:33:38.572 468-512/? D/audio_hw_primary: check_usecases_codec_backend:becf: check_usecases num.of Usecases to switch 0
2019-07-22 20:33:38.572 468-512/? D/hardware_info: hw_info_append_hw_type : device_name = speaker
2019-07-22 20:33:38.573 468-512/? D/msm8974_platform: platform_can_split_snd_device: snd_device(2) num devices(0) new_snd_devices(-422246352)
2019-07-22 20:33:38.573 468-512/? D/audio_hw_primary: enable_snd_device: snd_device(2: speaker)
2019-07-22 20:33:38.573 468-512/? D/aud_dev_arbi: acquireOneDevice: device owner for device 2 is 1
2019-07-22 20:33:38.586 1567-1567/? I/PlatformPluginManager: onAppStart android false
2019-07-22 20:33:38.586 1567-1567/? I/PlatformPluginManager: onAppStart - Stopping party chat passthrough
2019-07-22 20:33:38.586 1567-1567/? I/PlatformPlugin: [PlatformPluginManager] SetSystemVoipPassthrough 0
2019-07-22 20:33:38.587 1567-1567/? I/OVRPlatform: [PartyChat] PartyChatSetPassthrough 0
2019-07-22 20:33:38.587 1567-29044/? I/OVRPlatform: [PartyChat] Updating playback mode to 1
2019-07-22 20:33:38.588 973-29207/? I/TimeWarpProgs: [0x7f6a4636f8] Built layerProgram 0x4440065 (texture type 0) in 12.0 ms
2019-07-22 20:33:38.589 1567-1567/? I/OVRPlatform: [PartiesAPI] ovr_Party_PluginGetSharedMemHandle: This function is deprecated, do not use
2019-07-22 20:33:38.594 1567-1567/? E/OVRMediaServiceManager: Not initialized
2019-07-22 20:33:38.613 468-512/? I/audio_hw_primary: select_devices Selected apptype: 69936
2019-07-22 20:33:38.614 468-512/? I/audio_hw_utils: audio_extn_utils_send_app_type_cfg PLAYBACK app_type = 69936, acdb_dev_id = 15, sample_rate = 48000
2019-07-22 20:33:38.614 468-512/? D/msm8974_platform: platform_can_split_snd_device: snd_device(2) num devices(1) new_snd_devices(-431181231)
2019-07-22 20:33:38.614 468-512/? D/audio_hw_primary: enable_audio_route: apply mixer and update path: low-latency-playback
2019-07-22 20:33:38.617 468-512/? D/audio_hw_primary: select_devices: done
2019-07-22 20:33:38.618 468-512/? D/msm8974_platform: platform_set_channel_map mixer_ctl_name:Playback Channel Map15
2019-07-22 20:33:38.619 468-512/? D/msm8974_platform: platform_set_channel_map: set mapping(1 2 0 0 0 0 0 0) for channel:2
2019-07-22 20:33:38.628 973-29207/? I/VrApi: ---------- vrapi_LeaveVrMode [start] ----------
2019-07-22 20:33:38.628 973-29207/? I/TrackingServiceClient: OVR::TrackingService::ClientSetInterface
2019-07-22 20:33:38.628 973-29207/? D/TrackingServiceClient: onClientDisconnect
2019-07-22 20:33:38.628 973-29207/? D/TrackingServiceConnectionNative: onClientDisconnect
2019-07-22 20:33:38.629 1337-1369/? I/TrackingService: Unregistering client by ITrackingService.unregisterClient
2019-07-22 20:33:38.629 1337-1369/? I/TrackingService: TrackingServiceHost Unregistering client: pid 973
2019-07-22 20:33:38.629 973-29207/? D/BinderConnection: Disconnecting from TrackingService service
2019-07-22 20:33:38.629 973-29207/? D/TrackingServiceConnectionNative: onDisconnected
2019-07-22 20:33:38.629 973-29207/? D/TrackingServiceClient: TrackingServiceConnection mConnectedRemotes.clear()
2019-07-22 20:33:38.629 973-29207/? I/TrackingServiceClient: OVR::TrackingService::ClientSetInterface
2019-07-22 20:33:38.633 973-29207/? I/InputDeviceManager: ovrInputDeviceManager::Shutdown
2019-07-22 20:33:38.638 973-29208/? I/InputHooks_Internal: InputHooksThreadRun ShutdownRequest received
2019-07-22 20:33:38.639 973-29207/? D/InputHooksJava: Disabling Java Input Hooks
2019-07-22 20:33:38.641 973-29207/? D/BatteryReceiver: Unregistering battery receiver
2019-07-22 20:33:38.642 973-29207/? D/VrApi: targetSDKVersion 25
2019-07-22 20:33:38.644 973-29207/? I/VrApi: DEVICE MODEL NUMBER = Pacific
2019-07-22 20:33:38.644 973-29207/? I/VrApi: DEVICE HARDWARE = pacific
2019-07-22 20:33:38.644 973-29207/? I/VrApi: DEVICE BUILD NAME = user-256880.5390.0
2019-07-22 20:33:38.644 973-29207/? I/VrApi: DEVICE BUILD TYPE = user
2019-07-22 20:33:38.644 973-29207/? I/VrApi: DEVICE OS VERSION = 7.1.2
2019-07-22 20:33:38.644 973-29207/? I/VrApi: VRAPI VERSION = 1.1.23.0-145662328-145662328 Mar 12 2019 15:08:43 Development RELEASE
2019-07-22 20:33:38.644 973-29207/? I/VrApi: VRAPI LOADER VERSION = 1.1.15.0
2019-07-22 20:33:38.644 973-29207/? I/VrApi: APP NAME = Android-System
2019-07-22 20:33:38.644 973-29207/? I/VrApi: APP VERSION = 7.1.2 versionCode 25 internalVersionName <none>
2019-07-22 20:33:38.644 973-29207/? I/VrApi: APP VR TYPE = <none>
2019-07-22 20:33:38.644 973-29207/? I/VrApi: APP PACKAGE NAME = android
2019-07-22 20:33:38.644 973-29207/? I/VrApi: APP ACTIVITY CLASS = com.oculus.os.DialogContext
2019-07-22 20:33:38.646 973-29207/? I/VrApi: OVR::Stats thread stopped
2019-07-22 20:33:38.646 973-29209/? I/Clocks: ReleaseClocks - start
2019-07-22 20:33:38.648 625-2625/? D/VrApiService: CPU_CLUSTER_0: No client requests exists, release clocks
2019-07-22 20:33:38.651 625-2625/? D/VrApiService: CPU_CLUSTER_1: No client requests exists, release clocks
2019-07-22 20:33:38.651 625-2625/? D/VrApiService: GPU: No client requests exists, release clocks
2019-07-22 20:33:38.651 625-2625/? D/VrApiService: CPUBW: No client requests exists, release clocks
2019-07-22 20:33:38.652 625-2625/? D/VrApiService: GPUBW: No client requests exists, release clocks
2019-07-22 20:33:38.653 973-29209/? I/Clocks: ReleaseClocks - end (6.0 ms)
2019-07-22 20:33:38.653 973-29207/? I/TimeWarp: ------------- ~TimeWarpLocal() Start -------------
2019-07-22 20:33:38.653 973-29207/? I/TimeWarp: pthread_join() called
2019-07-22 20:33:38.658 973-29210/? I/TimeWarp: ShutdownRequest received
2019-07-22 20:33:38.658 973-29210/? I/TimeWarp: WarpThreadShutdown()
2019-07-22 20:33:38.659 973-29210/? I/ScreenCapture: Destroy ScreenCapture object
2019-07-22 20:33:38.659 973-29210/? D/Appshot: release android
2019-07-22 20:33:38.660 973-29210/? I/TimeWarp: [0x7f6a4636f8] Destroying 5 layer programs (texture type 0)
2019-07-22 20:33:38.661 973-29210/? I/TimeWarp: [0x7f6a4636f8] Destroying 1 layer programs (texture type 3)
2019-07-22 20:33:38.661 973-29210/? I/TimeWarp: [0x7f6a463798] Destroying 4 layer programs (texture type 0)
2019-07-22 20:33:38.661 973-29210/? I/DirectRender: 0x7f6a45ae98 DirectRender::Shutdown
2019-07-22 20:33:38.661 973-29210/? I/DirectRender: Restoring EGL_RENDER_BUFFER to 12420
2019-07-22 20:33:38.665 973-29210/? I/DirectRender: VrSurfaceManager::Shutdown
2019-07-22 20:33:38.668 973-993/? W/AppOps: Finishing op nesting under-run: uid 1000 pkg android code 24 time=0 duration=0 nesting=0
2019-07-22 20:33:38.670 973-29210/? I/TimeWarp: WarpThreadShutdown() - End
2019-07-22 20:33:38.670 973-29210/? I/TimeWarp: Exiting WarpThreadLoop()
2019-07-22 20:33:38.671 973-29207/? I/TimeWarp: pthread_join() returned
2019-07-22 20:33:38.671 973-29207/? I/TimeWarp: eglDestroySurface()
2019-07-22 20:33:38.672 973-29207/? I/TimeWarp: OVR::Clocks thread stopped
2019-07-22 20:33:38.672 973-29207/? I/Vsync: ---------------- Vsync::Shutdown ----------------
2019-07-22 20:33:38.672 973-29207/? I/Vsync: Measured display refresh rate = 59.86 Hz
2019-07-22 20:33:38.672 973-29207/? I/Vsync: Closed /sys/class/graphics/fb0/vsync_event
2019-07-22 20:33:38.672 973-29207/? I/TimeWarp: ------------- ~TimeWarpLocal() End -------------
2019-07-22 20:33:38.672 973-29207/? I/VrApi: ---------- vrapi_LeaveVrMode [end] ----------
2019-07-22 20:33:38.672 973-29207/? I/VrIntegration: ------------ vrintegration_Shutdown -----------
2019-07-22 20:33:38.689 973-987/? I/VrApi: ------------ vrapi_Shutdown [start] -----------
2019-07-22 20:33:38.689 973-987/? D/TrackingServiceClient: onShutdown
2019-07-22 20:33:38.689 973-987/? I/AudioCapture: AudioCapture::Shutdown
2019-07-22 20:33:38.689 973-987/? D/SystemActivitiesReceiver: Unregistering Oculus System Activity receiver
2019-07-22 20:33:38.689 973-987/? I/Breakpad: Breakpad Shutdown
2019-07-22 20:33:38.695 468-512/? E/audio_hw_extn: audio_extn_perf_lock_release: Perf lock release error 
2019-07-22 20:33:38.695 468-512/? D/audio_hw_primary: start_output_stream: exit
2019-07-22 20:33:38.696 973-987/? D/ScreenCaptureReceiver: stopReceiver android
2019-07-22 20:33:38.700 973-987/? I/VrApi: ------------ vrapi_Shutdown [end] -----------
2019-07-22 20:33:38.700 973-987/? D/NonVrActivityIntentWrapper: Is Intent { act=com.oculus.os.clearactivity.FINISH cat=[android.intent.category.LAUNCHER] flg=0x10000000 pkg=com.oculus.os.clearactivity cmp=com.oculus.os.clearactivity/.ClearActivity (has extras) }, a valid launch intent: false
2019-07-22 20:33:38.700 973-987/? I/ActivityManager: START u0 {act=com.oculus.os.clearactivity.FINISH cat=[android.intent.category.LAUNCHER] flg=0x10000000 pkg=com.oculus.os.clearactivity cmp=com.oculus.os.clearactivity/.ClearActivity (has extras)} from uid 1000 on display 0
2019-07-22 20:33:38.706 973-3745/? D/ActivityTrigger: ActivityTrigger activityPauseTrigger 
2019-07-22 20:33:38.712 1567-1567/? I/PlatformPluginManager: enforcePartyChatStateConsistency - User not in a party.
2019-07-22 20:33:38.712 1567-1567/? I/PlatformPluginManager: stopPartyChat
2019-07-22 20:33:38.712 1567-1567/? I/PlatformPlugin: [PlatformPluginManager] Stopping party chat
2019-07-22 20:33:38.739 1665-1665/? D/[OAR] MainActivity: onResume()
2019-07-22 20:33:38.739 1665-1665/? I/[OAR] ShellVideoPlayer: onActivityResumed
2019-07-22 20:33:38.739 1665-1665/? D/OculusVideoPlayer: onResume()
2019-07-22 20:33:38.740 973-1361/? I/MediaFocusControl:  AudioFocus  requestAudioFocus() from uid/pid 10021/1665 clientId=android.media.AudioManager@5ce1257com.oculus.video.OculusVideoPlayer@89e8144 req=1 flags=0x0
2019-07-22 20:33:38.740 1665-1665/? D/OculusVideoPlayer: requestAudioFocus(): GRANTED audio focus
2019-07-22 20:33:38.741 1665-1726/? I/[OAR] ShellApp: 0xca87a298 msg: resume
2019-07-22 20:33:38.743 1665-1665/? D/[OAR] MainActivity: Updating companion server prefs
2019-07-22 20:33:38.768 1665-1665/? D/[OAR] MainActivity: com.oculus.vrshell.MainActivity@90fbc81 surfaceCreated()
2019-07-22 20:33:38.768 1665-1665/? I/[OAR] ShellMain:     looperMessageQueue->SendPrintf("surfaceCreated ")
2019-07-22 20:33:38.769 1665-1726/? I/[OAR] ShellApp: 0xca87a298 msg: surfaceCreated
2019-07-22 20:33:38.769 1665-1726/? I/[OAR] ShellApp: ---------- ShellApp::EnterVrMode() ----------
2019-07-22 20:33:38.769 1665-1726/? I/[OAR] ShellApp: phone is in developer mode
2019-07-22 20:33:38.769 1665-1726/? I/[OAR] ShellApp: vrapi_EnterVrMode()
2019-07-22 20:33:38.769 1665-1726/? I/VrApi: ---------- vrapi_EnterVrMode [start] ----------
2019-07-22 20:33:38.769 1665-1726/? I/InputHooks_Internal: OculusButtonMappingOverride: 0
2019-07-22 20:33:38.770 1665-1726/? D/InputHooksJava: Enabling Java Input Hooks
2019-07-22 20:33:38.770 1665-1726/? I/InputDeviceManager: ovrInputDeviceManager::Initialize
2019-07-22 20:33:38.772 1665-1726/? I/ScreenCaptureHelper: GetScreenCaptureInhibitFlagFromVrHelper
2019-07-22 20:33:38.774 1665-1726/? D/VRProviderHelper: Could not find provider
2019-07-22 20:33:38.774 1665-1726/? D/TrackingServiceConnectionNative: onClientConnect
2019-07-22 20:33:38.774 1665-1726/? D/BinderConnection: Connecting to TrackingService
2019-07-22 20:33:38.775 1665-1726/? D/TrackingServiceConnectionNative: onConnected
2019-07-22 20:33:38.775 1337-1752/? I/TrackingService: TrackingService::getSharedMemoryFileDescriptor
2019-07-22 20:33:38.775 1665-1726/? I/TrackingServiceClient: OVR::TrackingService::ClientSetInterface
2019-07-22 20:33:38.775 1665-1726/? I/TrackingServiceClient: TrackingService client: roFd(117)
2019-07-22 20:33:38.775 1665-1726/? I/TrackingServiceClient: TrackingService client: connected to interface version 7.
2019-07-22 20:33:38.776 1665-1726/? I/TrackingServiceClient: TrackingService client: last prediction time is 0.000790 seconds old
2019-07-22 20:33:38.776 1665-1726/? I/TrackingServiceClient: TrackingService client: provided by pid=1337
2019-07-22 20:33:38.776 1337-1385/? I/TrackingService: TrackingService::registerClient
2019-07-22 20:33:38.776 1337-1385/? I/TrackingService: Registering client with TrackingServiceHost
2019-07-22 20:33:38.776 1337-1385/? I/TrackingService: Notifying client pid 1665 of new remote 53d2fe40aaa3be04
2019-07-22 20:33:38.776 1665-1726/? D/TrackingServiceClient: TrackingServiceClient onRemoteConnected 53d2fe40aaa3be04
2019-07-22 20:33:38.777 1337-1385/? I/TrackingService: TrackingServiceHost GetSharedMemoryFileDescriptor for client pid 1665
2019-07-22 20:33:38.777 1337-1385/? I/TrackingService: TrackingServiceHost registered common client; there are 0 secure clients
2019-07-22 20:33:38.777 1665-1726/? I/TrackingServiceClient: ClientConnectComplete
2019-07-22 20:33:38.778 1665-1726/? D/VrApi: targetSDKVersion 27
2019-07-22 20:33:38.779 1665-1726/? I/VrApi: DEVICE MODEL NUMBER = Pacific
2019-07-22 20:33:38.779 1665-1726/? I/VrApi: DEVICE HARDWARE = pacific
2019-07-22 20:33:38.779 1665-1726/? I/VrApi: DEVICE BUILD NAME = user-256880.5390.0
2019-07-22 20:33:38.779 1665-1726/? I/VrApi: DEVICE BUILD TYPE = user
2019-07-22 20:33:38.779 1665-1726/? I/VrApi: DEVICE OS VERSION = 7.1.2
2019-07-22 20:33:38.779 1665-1726/? I/VrApi: VRAPI VERSION = 1.1.23.0-145662328-145662328 Mar 12 2019 15:08:52 Development RELEASE
2019-07-22 20:33:38.779 1665-1726/? I/VrApi: VRAPI LOADER VERSION = 1.1.16.0
2019-07-22 20:33:38.779 1665-1726/? I/VrApi: APP NAME = Oculus App Runtime
2019-07-22 20:33:38.779 1665-1726/? I/VrApi: APP VERSION = 3.12.31 versionCode 152555004 internalVersionName 3.12.31.c5c5d49cbcf3 2019_04_30_18_56
2019-07-22 20:33:38.779 1665-1726/? I/VrApi: APP VR TYPE = vr_only
2019-07-22 20:33:38.779 1665-1726/? I/VrApi: APP PACKAGE NAME = com.oculus.vrshell
2019-07-22 20:33:38.779 1665-1726/? I/VrApi: APP ACTIVITY CLASS = com.oculus.vrshell.MainActivity
2019-07-22 20:33:38.779 1665-1726/? I/VrApi: ovrModeParms::VRAPI_MODE_FLAG_ALLOW_POWER_SAVE = 1
2019-07-22 20:33:38.779 1665-1726/? I/VrApi: ovrModeParms::VRAPI_MODE_FLAG_RESET_WINDOW_FULLSCREEN = 1
2019-07-22 20:33:38.779 1665-1726/? I/VrApi: ovrModeParms::VRAPI_MODE_FLAG_NATIVE_WINDOW = 1
2019-07-22 20:33:38.779 1665-1726/? I/VrApi: ovrModeParms::VRAPI_MODE_FLAG_FRONT_BUFFER_PROTECTED = 0
2019-07-22 20:33:38.779 1665-1726/? I/VrApi: ovrModeParms::VRAPI_MODE_FLAG_FRONT_BUFFER_565 = 0
2019-07-22 20:33:38.779 1665-1726/? I/VrApi: ovrModeParms::VRAPI_MODE_FLAG_FRONT_BUFFER_SRGB = 1
2019-07-22 20:33:38.779 1665-1726/? I/VrApi: ovrModeParms::VRAPI_MODE_FLAG_CREATE_CONTEXT_NO_ERROR = 0
2019-07-22 20:33:38.779 1665-1726/? I/VrApi: HMD sensor attached.
2019-07-22 20:33:38.781 625-625/? D/VrApiService: refresh-rate changed to 72Hz
2019-07-22 20:33:38.782 1665-1726/? I/VrApi: Set Display(0) Refresh Rate = 72.000000
2019-07-22 20:33:38.782 1665-1726/? D/BatteryReceiver: Registering battery receiver
2019-07-22 20:33:38.787 1665-1726/? D/HeadsetReceiver: getCurrentHeadsetState: false
2019-07-22 20:33:38.787 1665-1726/? I/DeviceStatus_Android: nativeHeadsetEvent(0)
2019-07-22 20:33:38.790 1665-1726/? I/DeviceStatus_Android: nativeGamepadListener(0)
2019-07-22 20:33:38.791 1665-1726/? I/TimeWarp: ---------------- TimeWarpLocal() ----------------
2019-07-22 20:33:38.801 1665-1726/? I/TimeWarp: CheckProfilerConnected: profiler 0
2019-07-22 20:33:38.801 1665-1726/? I/TimeWarp: forceNumScreenSlices = 1
2019-07-22 20:33:38.801 1665-1726/? I/TimeWarp: warpMeshClipMode = 1
2019-07-22 20:33:38.801 1665-1726/? I/TimeWarp: colorScale: 1.000000 1.000000 1.000000
2019-07-22 20:33:38.802 1665-1726/? I/Vsync: ---------------- Vsync::Init ----------------
2019-07-22 20:33:38.802 1665-1726/? I/Vsync: Using VsyncModel 0
2019-07-22 20:33:38.802 1665-1726/? I/Vsync: Opened /sys/class/graphics/fb0/vsync_event
2019-07-22 20:33:38.802 1665-1726/? I/Clocks: UseVrsvc 1
2019-07-22 20:33:38.802 1665-1726/? I/TimeWarp: OVR::Clocks thread started
2019-07-22 20:33:38.802 1665-1726/? I/TimeWarp: Application context EGL_CONTEXT_CLIENT_VERSION = 3
2019-07-22 20:33:38.802 1665-1726/? I/TimeWarp: TimeWarpAllocatedFrontBuffer = 1
2019-07-22 20:33:38.802 1665-1726/? I/TimeWarp: VRAPI_MODE_FLAG_FRONT_BUFFER_SRGB
2019-07-22 20:33:38.804 1665-1726/? I/TimeWarp: display       cached=       0x1 new=       0x1
2019-07-22 20:33:38.804 1665-1726/? I/TimeWarp: config        cached=0xca9d4c10 new=0xca9d4c10
2019-07-22 20:33:38.804 1665-1726/? I/TimeWarp: native_window cached=0xc1d5e808 new=0xc1fe2008
2019-07-22 20:33:38.804 1665-1726/? I/TimeWarp: num_attribs   cached=         2 new=         2
2019-07-22 20:33:38.804 1665-1726/? I/TimeWarp: attrib_list   cached=    5FDF0B new=    5FDF0B
2019-07-22 20:33:38.804 1665-1726/? I/TimeWarp: eglCreateWindowSurfaceCached: destroying cached surface 0xc89dd000
2019-07-22 20:33:38.810 1665-1726/? I/TimeWarp: eglCreateWindowSurfaceCached: created new surface 0xc89dd000
2019-07-22 20:33:38.810 1665-1726/? I/TimeWarp: ANativeWindow_GetFormat = HAL_PIXEL_FORMAT_RGBA_8888 (1)
2019-07-22 20:33:38.810 1665-1726/? I/TimeWarp: frontBufferWidth = 2560
2019-07-22 20:33:38.810 1665-1726/? I/TimeWarp: frontBufferHeight = 1440
2019-07-22 20:33:38.810 1665-1726/? I/TimeWarp: frontBufferIsProtected = 0
2019-07-22 20:33:38.810 1665-1726/? I/TimeWarp: frontBufferIs565 = 0
2019-07-22 20:33:38.811 1665-29229/? I/TimeWarp: WarpThreadInit()
2019-07-22 20:33:38.812 1665-29228/? I/Clocks: LockClocks( cpu=2, gpu=2 ) - start
2019-07-22 20:33:38.814 1665-29228/? I/Clocks: CPU levels [0, 5]
2019-07-22 20:33:38.814 1665-29228/? I/Clocks: GPU levels [0, 5]
2019-07-22 20:33:38.814 625-2325/? D/VrApiService: CPU_CLUSTER_0: Client 1665 sends freq request [11, 11]
2019-07-22 20:33:38.814 625-2325/? D/VrApiService: CPU_CLUSTER_0: Next Perf Level = (11, 11)
2019-07-22 20:33:38.814 625-2325/? D/VrApiService: CPU_CLUSTER_1: Client 1665 sends freq request [11, 11]
2019-07-22 20:33:38.814 625-2325/? D/VrApiService: CPU_CLUSTER_1: Next Perf Level = (11, 11)
2019-07-22 20:33:38.819 625-2325/? D/VrApiService: CPUBW: Client 1665 sends freq request [8, 11]
2019-07-22 20:33:38.819 625-2325/? D/VrApiService: CPUBW: Next Perf Level = (8, 11)
2019-07-22 20:33:38.820 625-2325/? D/VrApiService: GPUBW: Client 1665 sends freq request [9, 11]
2019-07-22 20:33:38.820 625-2325/? D/VrApiService: GPUBW: Next Perf Level = (9, 11)
2019-07-22 20:33:38.820 625-2325/? D/VrApiService: GPU: Client 1665 sends freq request [2, 2]
2019-07-22 20:33:38.820 625-2325/? D/VrApiService: GPU: Next Perf Level = (2, 2)
2019-07-22 20:33:38.821 1665-29228/? I/Clocks: LockClocks( cpu=2, gpu=2 ) - end (9.1 ms)
2019-07-22 20:33:38.824 1665-29229/? I/Clocks: SetSchedFifo( tid=29229, pri=2 ) succeeded
2019-07-22 20:33:38.824 1665-29228/? I/Clocks: ReleaseClocks - start
2019-07-22 20:33:38.826 1665-29229/? I/TimeWarp: Context is EGL_CONTEXT_PRIORITY_HIGH_IMG
2019-07-22 20:33:38.826 625-625/? D/VrApiService: CPU_CLUSTER_0: No client requests exists, release clocks
2019-07-22 20:33:38.827 1665-29229/? I/GL_Utils: es3 = TRUE
2019-07-22 20:33:38.827 1665-29229/? I/GL_Utils: Found: GL_OES_vertex_array_object
2019-07-22 20:33:38.827 1665-29229/? I/GL_Utils: Found: GL_QCOM_tiled_rendering
2019-07-22 20:33:38.828 1665-29229/? I/GL_Utils: Found: GL_EXT_sRGB_write_control
2019-07-22 20:33:38.828 1665-29229/? I/GL_Utils: Found: GL_EXT_disjoint_timer_query
2019-07-22 20:33:38.828 1665-29229/? I/GL_Utils: Found: GL_EXT_memory_object
2019-07-22 20:33:38.828 1665-29229/? I/GL_Utils: Found: GL_EXT_memory_object_fd
2019-07-22 20:33:38.828 1665-29229/? I/GL_Utils: Found: GL_QCOM_texture_foveated
2019-07-22 20:33:38.829 1665-29229/? I/GL_Utils: Found: GL_KHR_debug
2019-07-22 20:33:38.829 625-625/? D/VrApiService: CPU_CLUSTER_1: No client requests exists, release clocks
2019-07-22 20:33:38.829 1665-29229/? I/GL_Utils: Found: GL_EXT_texture_border_clamp
2019-07-22 20:33:38.829 625-625/? D/VrApiService: GPU: No client requests exists, release clocks
2019-07-22 20:33:38.829 625-625/? D/VrApiService: CPUBW: No client requests exists, release clocks
2019-07-22 20:33:38.830 1665-29229/? I/TimeWarp: frontBufferIsSrgb = 1
2019-07-22 20:33:38.830 1665-29229/? I/DirectRender: 0xc89de400 DirectRender::Init(true)
2019-07-22 20:33:38.830 1665-29229/? I/DirectRender: Performing an initial swapbuffers.
2019-07-22 20:33:38.832 625-625/? D/VrApiService: GPUBW: No client requests exists, release clocks
2019-07-22 20:33:38.833 1665-29229/? I/DirectRender: surface size: 2560 x 1440
2019-07-22 20:33:38.833 1665-29228/? I/Clocks: ReleaseClocks - end (8.9 ms)
2019-07-22 20:33:38.833 1665-29229/? I/DirectRender: Clearing JNI Exceptions
2019-07-22 20:33:38.833 1665-29229/? I/DirectRender: Supports KHR_mutable_render_buffer!
2019-07-22 20:33:38.835 1665-29229/? I/DirectRender: Set EGL_RENDER_BUFFER to EGL_SINGLE_BUFFER
2019-07-22 20:33:38.837 1665-29229/? I/DirectRender: Enabled auto refresh mode
2019-07-22 20:33:38.837 1665-29229/? I/DirectRender: TilerControl: 4
2019-07-22 20:33:38.837 1665-29229/? I/DirectRender: Fullscreen
2019-07-22 20:33:38.838 1665-29229/? I/OSSDK: CalibrationManager: Using standalone implementation
2019-07-22 20:33:38.838 1665-29229/? W/OsSdk: Couldn't find calibration data for LDISP_SN
2019-07-22 20:33:38.839 1665-29229/? W/OsSdk: Couldn't find calibration data for RDISP_SN
2019-07-22 20:33:38.839 1665-29229/? I/Distortion: Loaded distortion file from Calibration Manager
2019-07-22 20:33:38.839 1665-29229/? I/Distortion: ovrDistortionMeshHeader::magic = 0x56347807
2019-07-22 20:33:38.839 1665-29229/? I/Distortion: ovrDistortionMeshHeader::deviceModel = 0x40
2019-07-22 20:33:38.839 1665-29229/? I/Distortion: ovrDistortionMeshHeader::headsetModel = 0x40
2019-07-22 20:33:38.839 1665-29229/? I/Distortion: ovrDistortionMeshHeader::eyeBlocksWide = 32
2019-07-22 20:33:38.839 1665-29229/? I/Distortion: ovrDistortionMeshHeader::eyeBlocksHigh = 32
2019-07-22 20:33:38.840 1665-29229/? I/Distortion: ovrDistortionMeshHeader::lensSeparationMeters = 0.063500
2019-07-22 20:33:38.840 1665-29229/? I/Distortion: ovrDistortionMeshHeader::horizontalOffsetMeters = 0.000000
2019-07-22 20:33:38.840 1665-29229/? I/Distortion: ovrDistortionMeshHeader::displayWidthMeters = 0.120960
2019-07-22 20:33:38.840 1665-29229/? I/Distortion: ovrDistortionMeshHeader::displayHeightMeters = 0.068040
2019-07-22 20:33:38.840 1665-29229/? I/Distortion: ovrDistortionMeshHeader::displayWidthPixels = 2560
2019-07-22 20:33:38.840 1665-29229/? I/Distortion: ovrDistortionMeshHeader::displayHeightPixels = 1440
2019-07-22 20:33:38.840 1665-29229/? I/Distortion: ovrDistortionMeshHeader::eyeTextureWidthPixels = 1024
2019-07-22 20:33:38.840 1665-29229/? I/Distortion: ovrDistortionMeshHeader::eyeTextureHeightPixels = 1024
2019-07-22 20:33:38.840 1665-29229/? I/Distortion: ovrDistortionMeshHeader::leftEye = up 45.000000 / down 45.000000 / left 45.000000 / right 45.000000
2019-07-22 20:33:38.840 1665-29229/? I/Distortion: ovrDistortionMeshHeader::rightEye = up 45.000000 / down 45.000000 / left 45.000000 / right 45.000000
2019-07-22 20:33:38.840 1665-29229/? I/DistortionMesh: LoadDistortionMeshFromMemory
2019-07-22 20:33:38.840 1665-29229/? I/DistortionMesh: distortion mesh clipping saved 27.97% fill
2019-07-22 20:33:38.841 1665-29229/? I/TimeWarp: EYE_DECENTER using calibration offsets
2019-07-22 20:33:38.841 1665-29229/? I/OSSDK: CalibrationManager: Using standalone implementation
2019-07-22 20:33:38.842 1665-29229/? W/OsSdk: Couldn't find calibration data for LDISP_SN
2019-07-22 20:33:38.842 1665-29229/? W/OsSdk: Couldn't find calibration data for RDISP_SN
2019-07-22 20:33:38.842 1665-29229/? W/OsSdk: Couldn't find calibration data for calibration/display/left/left_screen_offset.json
2019-07-22 20:33:38.843 1665-29229/? W/TimeWarp: EYE_DECENTER failure to find left eye data
2019-07-22 20:33:38.843 1665-29229/? W/OsSdk: Couldn't find calibration data for calibration/display/right/right_screen_offset.json
2019-07-22 20:33:38.843 1665-29229/? W/TimeWarp: EYE_DECENTER failure to find right eye data
2019-07-22 20:33:38.843 1665-29229/? I/TimeWarp: EYE_DECENTER left H: 0 V: 0  right H: 0 V: 0
2019-07-22 20:33:38.846 1665-29229/? D/VrApiNotificationReceiverHelper: initializeForContext
2019-07-22 20:33:38.848 1665-29229/? I/SurfaceTextureNotifier: Allocated shared memory fd 64
2019-07-22 20:33:38.848 1665-29229/? I/NotificationSurfaceBroadcastReceiver: Registering com.oculus.vrdriver.new_notification_to_show
2019-07-22 20:33:38.848 1665-29229/? I/NotificationSurfaceBroadcastReceiver: Registering com.oculus.vrdriver.teardown_notification
2019-07-22 20:33:38.848 1665-29229/? I/NotificationSurfaceBroadcastReceiver: Registering com.oculus.vrdriver.block_input_for_overlay
2019-07-22 20:33:38.850 1665-29229/? I/ScreenCapture: Create ScreenCapture object
2019-07-22 20:33:38.850 1665-29229/? D/Appshot: init com.oculus.vrshell
2019-07-22 20:33:38.854 1665-29229/? I/TimeWarpProgs: [0xc89e69e0] Built layerProgram 0x40003 (texture type 0) in 2.7 ms
2019-07-22 20:33:38.857 1665-29229/? I/TimeWarpProgs: [0xc89e69e0] Built layerProgram 0x4440007 (texture type 0) in 2.3 ms
2019-07-22 20:33:38.857 1665-29229/? I/TimeWarp: WarpThreadInit() - End
2019-07-22 20:33:38.857 1665-1726/? I/TimeWarp: -------------- TimeWarpLocal() End --------------
2019-07-22 20:33:38.859 1665-1726/? I/ScreenCaptureHelper: Advertising com.oculus.vrshell as streamable
2019-07-22 20:33:38.861 1567-1567/? I/OVRMediaService: onStartCommand Received message type: set_package_name, caller package: null
2019-07-22 20:33:38.861 1567-1567/? I/OVRMediaService: Got package name intent (com.oculus.vrshell)
2019-07-22 20:33:38.862 1665-1726/? I/VrApi: OVR::Stats thread started
2019-07-22 20:33:38.863 1665-1726/? I/VrApi: System brightness = 255
2019-07-22 20:33:38.864 1567-1567/? I/PlatformPluginManager: onAppStart com.oculus.vrshell false
2019-07-22 20:33:38.865 1567-1567/? I/OVRPlatform: [PartiesAPI] ovr_Party_PluginGetSharedMemHandle: This function is deprecated, do not use
2019-07-22 20:33:38.866 1665-1726/? I/VrApi: Set brightness to 255
2019-07-22 20:33:38.868 1567-1567/? E/OVRMediaServiceManager: Not initialized
2019-07-22 20:33:38.869 1665-1726/? I/VrApi: Set DND mode to false
2019-07-22 20:33:38.872 1665-29231/? D/VrApi: targetSDKVersion 27
2019-07-22 20:33:38.872 1665-29231/? I/Metrics: device name = Oculus Pacific
2019-07-22 20:33:38.878 1665-1726/? I/VrApi: System DND mode = false
2019-07-22 20:33:38.879 1665-1726/? I/InputDeviceManager: ovrInputDeviceManager::SetRemoteConnected - hardwareID = 53d2fe40aaa3be04, modelID = 2005
2019-07-22 20:33:38.879 1665-1726/? I/InputDeviceManager: ovrInputDeviceManager::CreateDevice - hardwareID = 53d2fe40aaa3be04, modelID = 2005
2019-07-22 20:33:38.879 1665-1726/? I/InputDeviceManager: ovrInputDeviceManager::AllocDevice - hardwareID = 53d2fe40aaa3be04, modelID = 2005
2019-07-22 20:33:38.879 1665-1726/? I/VrApi: ---------- vrapi_EnterVrMode [end] ----------
2019-07-22 20:33:38.879 613-2704/? D/SettingsService: Setting value retrieved from db [managed_device : -1]
2019-07-22 20:33:38.881 1665-1726/? I/DynamicClockLevelScaler: Start: forcing GPU utilization
2019-07-22 20:33:38.882 1665-1726/? I/InputHooks_Internal: SetInhibitHandleHomeKey = true
2019-07-22 20:33:38.882 1665-1726/? I/InputHooks_Internal: SetInhibitHandleLongPress = true
2019-07-22 20:33:38.882 1665-1726/? I/GazeTimer: (45971.7503) CancelTimer
2019-07-22 20:33:38.882 1665-1726/? I/InputHooks_Internal: SetBlockRemoteButtonsWhenNotEmulatingHMT = false
2019-07-22 20:33:38.882 1665-1726/? I/InputHooks_Internal: SetReorientHMDOnControllerRecenter = true
2019-07-22 20:33:38.882 1665-1726/? I/[OAR] ShellApp: Setting clock levels to cpu=2, gpu=2
2019-07-22 20:33:38.882 1665-1726/? I/[OAR] ShellApp: Setting perf thread tids to main=1726, render=unset
2019-07-22 20:33:38.882 1665-1726/? I/Compositor: Initializing Compositor: 1024x1024, srgb=1, multiview=1
2019-07-22 20:33:38.882 1665-1726/? I/[OAR] ShellApp: FramebufferIsSrgb: true
2019-07-22 20:33:38.882 1665-1726/? I/[OAR] ShellApp: FramebufferIsProtected: false
2019-07-22 20:33:38.882 1665-1726/? I/InputHooks_Internal: SetInhibitHandleLongPress = false
2019-07-22 20:33:38.882 1665-1726/? I/GazeTimer: (45971.7505) CancelTimer
2019-07-22 20:33:38.882 1665-1726/? I/ScreenCaptureHelper: SetScreenCaptureInhibitFlag : enabled
2019-07-22 20:33:38.883 1665-1726/? D/VRProviderHelper: Could not find provider
2019-07-22 20:33:38.883 1665-1726/? I/PlatformManager: Resuming live stream
2019-07-22 20:33:38.885 1665-1726/? I/libOpenSLES: Emulating old channel mask behavior (ignoring positional mask 0x3, using default mask 0x3 based on channel count of 2)
2019-07-22 20:33:38.886 468-4175/? I/AudioPolicyManagerCustom: Direct PCM is disabled for this request
2019-07-22 20:33:38.888 468-468/? D/compress_voip: voice_extn_compress_voip_out_get_parameters: enter
2019-07-22 20:33:38.892 1665-1877/? I/OVRPlatform: [QueueAsyncResponseHandler] success: {"livestreaming_enabled":false,"is_paused":false,"livestreaming_type":0,"comments_visible":false,"mic_enabled":true}
2019-07-22 20:33:38.893 1665-1726/? D/AudioTrack: Client defaulted notificationFrames to 192 for frameCount 384
2019-07-22 20:33:38.898 1665-1726/? D/AudioTrack: updateAppOpsPlayAudio: checkOp OP_PLAY_AUDIO for com.oculus.vrshell returns: 0 (ALLOWED)
2019-07-22 20:33:38.899 468-514/? D/audio_hw_primary: start_output_stream: enter: stream(0xe607d000)usecase(12: audio-ull-playback) devices(0x2)
2019-07-22 20:33:38.899 468-514/? E/audio_hw_extn: audio_extn_perf_lock_acquire: Failed to acquire perf lock, err: -1
2019-07-22 20:33:38.899 468-514/? D/audio_hw_primary: select_devices for use case (audio-ull-playback)
2019-07-22 20:33:38.899 468-514/? D/audio_hw_primary: select_devices: out_snd_device(2: speaker) in_snd_device(0: )
2019-07-22 20:33:38.899 468-514/? I/msm8974_platform: platform_check_and_set_codec_backend_cfg:becf: afe: bitwidth 16, samplerate 48000 channels 2, backend_idx 0 usecase = 12 device (speaker)
2019-07-22 20:33:38.899 468-514/? D/msm8974_platform: platform_can_split_snd_device: snd_device(2) num devices(1) new_snd_devices(0)
2019-07-22 20:33:38.899 468-514/? I/msm8974_platform: platform_check_and_set_codec_backend_cfg: new_snd_devices[0] is 2
2019-07-22 20:33:38.899 468-514/? I/msm8974_platform: platform_check_codec_backend_cfg:becf: afe: bitwidth 16, samplerate 48000 channels 2, backend_idx 0 usecase = 12 device (speaker)
2019-07-22 20:33:38.899 468-514/? D/msm8974_platform: platform_check_codec_backend_cfg:napb: (0) - (low-latency-playback)id (1) sr 48000 bw (16) ch (2) device speaker
2019-07-22 20:33:38.899 468-514/? D/msm8974_platform: platform_check_codec_backend_cfg:becf: afe: playback on non-44.1-support device Configure afe to default Sample Rate(48k)
2019-07-22 20:33:38.899 468-514/? I/msm8974_platform: platform_check_codec_backend_cfg:becf: afe: Codec selected backend: 0 updated bit width: 16 and sample rate: 48000
2019-07-22 20:33:38.899 468-514/? D/audio_hw_primary: check_usecases_codec_backend:becf: force routing 0
2019-07-22 20:33:38.899 468-514/? D/audio_hw_primary: check_usecases_codec_backend:becf: (40) check_usecases curr device: speaker, usecase device:speaker backends match 1
2019-07-22 20:33:38.899 468-514/? E/msm8974_platform: platform_check_backends_match: Invalid snd_device = 
2019-07-22 20:33:38.899 468-514/? D/audio_hw_primary: check_usecases_codec_backend:becf: (40) check_usecases curr device: speaker, usecase device: backends match 0
2019-07-22 20:33:38.899 468-514/? D/audio_hw_primary: check_usecases_codec_backend:becf: check_usecases num.of Usecases to switch 0
2019-07-22 20:33:38.899 468-514/? D/hardware_info: hw_info_append_hw_type : device_name = speaker
2019-07-22 20:33:38.900 1665-1726/? I/[OAR] SystemUXController: Recentering for launch - 0, com.oculus.vrshell, , com.nintendont.virtualboygo
2019-07-22 20:33:38.900 1665-1726/? I/HostPlatform: Applying VRAPI Reorient
2019-07-22 20:33:38.900 1665-1726/? I/Sensor: NoFilter: 0
2019-07-22 20:33:38.900 1665-1726/? I/[OAR] InputManager: Adding controller deviceId = 0 type = 4
2019-07-22 20:33:38.900 1665-1665/? D/[OAR] MainActivity: com.oculus.vrshell.MainActivity@90fbc81 surfaceChanged() format: 4 width: 2560 height: 1440
2019-07-22 20:33:38.900 1665-1665/? I/[OAR] ShellMain:     ANativeWindow_release(newNativeWindow)
2019-07-22 20:33:38.900 1337-1733/? I/[CT]: [ORIENTATION:SensorFusionImpl-H]: SensorFusion 2: ResetCorrections
2019-07-22 20:33:38.903 1665-1726/? I/[OAR] ModelFile: LoadModelFileFromMemory assets/go_controller.ovrscene 1828913
2019-07-22 20:33:38.903 1665-1726/? I/[OAR] ModelFile: LoadModelFileFromMemory zfp = 0xb55b4b00
2019-07-22 20:33:38.910 468-514/? I/audio_hw_primary: select_devices Selected apptype: 69936
2019-07-22 20:33:38.910 468-514/? I/audio_hw_utils: audio_extn_utils_send_app_type_cfg PLAYBACK app_type = 69936, acdb_dev_id = 15, sample_rate = 48000
2019-07-22 20:33:38.910 468-514/? D/msm8974_platform: platform_can_split_snd_device: snd_device(2) num devices(1) new_snd_devices(-431181377)
2019-07-22 20:33:38.910 468-514/? D/audio_hw_primary: enable_audio_route: apply mixer and update path: audio-ull-playback
2019-07-22 20:33:38.911 468-514/? D/audio_hw_primary: select_devices: done
2019-07-22 20:33:38.911 1665-1726/? I/[OAR] ModelFile_OvrScene: parsing assets/go_controller.ovrscene
2019-07-22 20:33:38.912 1665-1726/? I/OVR_LogTimer: LoadModelFile_OvrScene took 0.0086 seconds
2019-07-22 20:33:38.912 1665-1726/? I/OVR_LogTimer: LoadZippedModelFile took 0.0087 seconds
2019-07-22 20:33:38.915 1665-1726/? I/[OAR] Scene: ClearScene()
2019-07-22 20:33:38.916 1665-1726/? I/[OAR] SceneView: OvrSceneView::Reset
2019-07-22 20:33:38.916 1665-1726/? I/[OAR] Scene: LoadScene()
2019-07-22 20:33:38.916 1665-1726/? I/[OAR] Scene: Freeing scene
2019-07-22 20:33:38.916 1665-1726/? I/[OAR] ShellApp: com.oculus.vrshell.home/com.oculus.vrshell.home.LibraryService:3 is now foregrounded
2019-07-22 20:33:38.916 1665-1726/? I/[OAR] PanelAppHost: Panel app 3 (com.oculus.vrshell.home/com.oculus.vrshell.home.LibraryService) changing state from background to foreground
2019-07-22 20:33:38.918 468-514/? D/msm8974_platform: platform_set_channel_map mixer_ctl_name:Playback Channel Map19
2019-07-22 20:33:38.918 468-514/? D/msm8974_platform: platform_set_channel_map: set mapping(1 2 0 0 0 0 0 0) for channel:2
2019-07-22 20:33:38.919 1665-1726/? D/[OAR] MainActivity: notify OS to set com.oculus.vrshell.home/com.oculus.vrshell.home.LibraryService to FOREGROUND
2019-07-22 20:33:38.920 1665-1665/? D/VrApi: getWindow().addFlags( WindowManager.LayoutParams.FLAG_FULLSCREEN )
2019-07-22 20:33:38.921 1665-1665/? D/[OAR] ShellControlBroadcastReceiver: onReceive with sAppPtr 3399337312 and action com.oculus.systemactivities.LOCAL_STREAM_STATE_UPDATE
2019-07-22 20:33:38.921 1567-1567/? I/PlatformPluginManager: onAppStart com.oculus.vrshell false
2019-07-22 20:33:38.922 1567-1567/? I/OVRPlatform: [PartiesAPI] ovr_Party_PluginGetSharedMemHandle: This function is deprecated, do not use
2019-07-22 20:33:38.923 468-514/? E/audio_hw_extn: audio_extn_perf_lock_release: Perf lock release error 
2019-07-22 20:33:38.923 468-514/? D/audio_hw_primary: start_output_stream: exit
2019-07-22 20:33:38.924 468-514/? W/qc_adm: margin check: adm_request_focus_v2(p) failed diff -48
2019-07-22 20:33:38.924 468-514/? W/qc_adm: margin check: adm_abandon_focus(p) failed diff -48
2019-07-22 20:33:38.926 1665-1726/? I/[OAR] SpeechRecognitionHandler: set enabled 0 from Disabled
2019-07-22 20:33:38.926 1665-1726/? I/InputHooks_Internal: SetInhibitHandleLongPress = false
2019-07-22 20:33:38.927 1665-1726/? I/GazeTimer: (45971.7952) CancelTimer
2019-07-22 20:33:38.927 1665-1726/? I/ScreenCaptureHelper: SetScreenCaptureInhibitFlag : enabled
2019-07-22 20:33:38.929 1665-1726/? D/VRProviderHelper: Could not find provider
2019-07-22 20:33:38.929 1665-1726/? I/PlatformManager: Resuming live stream
2019-07-22 20:33:38.932 1567-1567/? E/OVRMediaServiceManager: Not initialized
2019-07-22 20:33:38.934 1665-1726/? W/[OAR] PanelAppHost: ShellParse detected a sychronization hint that we were unprepared for. isSwap(true)
2019-07-22 20:33:38.934 1665-1726/? I/PlatformManager: isLiveStreaming response:  0
2019-07-22 20:33:38.934 1665-1726/? W/GLConsumer: [SurfaceTexture-85-1665-12] bindTextureImage: clearing GL error: 0x502
2019-07-22 20:33:38.935 1567-1567/? I/VRLifecycleSessionManager: Stored session info.
2019-07-22 20:33:38.939 1665-1870/? I/OVRPlatform: [CurlHttpClient] Executing HTTP request: https://graph.oculus.com//v1.20/me?fields=current_party{id,leader{id},users{id,alias,display_name,profile_url,profile_url_small,presence,presence_status,presence_app{id,package_name},avatar_v2{avatar_image{uri}}},invited_users{id,alias,display_name,profile_url,profile_url_small,presence,presence_status,presence_app{id,package_name},avatar_v2{avatar_image{uri}}}}&app_version=152555004
2019-07-22 20:33:38.939 4385-4410/? I/RCTVR: AppState foreground
2019-07-22 20:33:38.941 1665-1726/? I/[OAR] PanelRenderLayer: New SurfaceLayer 1400 x 540
2019-07-22 20:33:38.941 1728-1728/? I/[OAR] AnytimeUIAndroidPanelAppBase: updateControllerBattery - right, 37 percent
2019-07-22 20:33:38.945 1665-29228/? I/Clocks: LockClocks( cpu=2, gpu=2 ) - start
2019-07-22 20:33:38.951 1665-1876/? I/OVRPlatform: [QueueAsyncResponseHandler] success: {"livestreaming_enabled":false,"is_paused":false,"livestreaming_type":0,"comments_visible":false,"mic_enabled":true}
2019-07-22 20:33:38.952 4385-4410/? I/AppModule: Got permissions update, permissionsGranted = write_storage microphone
2019-07-22 20:33:38.952 4385-4410/? I/panelapp: LE reactvr_info
2019-07-22 20:33:38.952 4385-4410/? W/AnalyticsLogger: AnalyticsLogger::Insert warning: Overwriting extra for event {reactvr_info} with same value: key={code}, value={400}
2019-07-22 20:33:38.952 1665-29233/? I/[OAR] AudioEngine: PlayTimeOffset = 45971.821078
2019-07-22 20:33:38.953 4385-4410/? D/OculusLogger:  logEvent(reactvr_info, {{device_type=PACIFIC, download_size=144, headset_type=PACIFIC, total_time=107, transfer_time=0, connect_time=0, firstbyte_time=107, code=400, traceID=GO1/RT1opSm, id=238666243259190, session_id=b792853a-c929-4195-9c58-8e2d6f78c275, uid=506, download_speed=1345, device_region=UNSPECIFIED, namelookup_time=0, docID=, type=network_fetch_complete, real_timestamp=1563820414196}}, false)
2019-07-22 20:33:38.953 4385-4410/? I/RCTVRMEM: Total Allocated Space: 35446464, Total Free Space: 20128064, JavaScript Heap Size: 7120332
2019-07-22 20:33:38.953 4385-4410/? I/RvrPnl: FPS=1.98079/76.3586/0.204287, MSPF=0.50485/13.0961/4895.08, MEMALLOC=33.8044
2019-07-22 20:33:38.954 1665-1665/? D/[OAR] ShellControlBroadcastReceiver: onReceive with sAppPtr 3399337312 and action com.oculus.systemactivities.LOCAL_STREAM_STATE_UPDATE
2019-07-22 20:33:38.957 1665-29228/? I/Clocks: CPU levels [0, 5]
2019-07-22 20:33:38.958 4385-4437/? V/RCTVR_HERMES: [log]: 'Analytics', 'Section changed from library:unknown_sources to library:unknown_sources after 2191.6689999997616  ms (-4878.353157997131 inactive ms).'
2019-07-22 20:33:38.957 1665-29228/? I/Clocks: GPU levels [0, 5]
2019-07-22 20:33:38.961 4385-4437/? I/RCTVR_HERMES: [info]: 'Analytics', { section_name: 'library',
      sub_section_name: 'unknown_sources',
      inactive_time_ms: -4878.353157997131,
      real_timestamp: 1563820418958,
      type: 'section_entry' }
2019-07-22 20:33:38.962 1665-1726/? I/TimeWarpProgs: [0xc89e6990] Built layerProgram 0x4440004 (texture type 3) in 7.0 ms
2019-07-22 20:33:38.965 4385-4437/? V/RCTVR_HERMES: [log]: 'Home', 'HomeGraphQueryUtils: fetching https://graph.oculus.com/graphql?forced_locale=de_DE&q=viewer()%7Buser%7Bdevice_preferences.device_id(%3Cdevice_id%3E)%7Bsessions_in_vr%7D%7D%7D&query_params=%7B%22device_id%22%3A%221ea56fd95349b43d%22%7D'
2019-07-22 20:33:38.965 1665-1726/? I/TimeWarpProgs: [0xc89e6990] Built layerProgram 0x4441807 (texture type 0) in 2.5 ms
2019-07-22 20:33:38.967 1665-1726/? I/TimeWarpProgs: [0xc89e6990] Built layerProgram 0x4440005 (texture type 0) in 2.3 ms
2019-07-22 20:33:38.968 4385-4437/? V/RCTVR_HERMES: [log]: 'Home', 'SessionsInVR: Failed to fetch.'
2019-07-22 20:33:38.969 4385-4437/? I/RCTVR: JavaScript[0xc9459c98], Avg 1202.35719117447525, Max 11020141.7281400003, MaxInLast 4504.17230999469757
2019-07-22 20:33:38.969 4385-4437/? I/RCTVR_HERMES: Hermes Mem: numCollections 381, allocatedBytes 8748510, heapSize 18258728, va 12582912
2019-07-22 20:33:38.971 625-625/? D/VrApiService: CPU_CLUSTER_0: Client 1665 sends freq request [11, 11]
2019-07-22 20:33:38.971 625-625/? D/VrApiService: CPU_CLUSTER_0: Next Perf Level = (11, 11)
2019-07-22 20:33:38.977 4385-4437/? I/RCTVR_HERMES: [info]: 'Home', [ 'Permissions update received: write_storage microphone' ]
2019-07-22 20:33:38.977 1665-29229/? I/TimeWarp: Waited 0.120 seconds for first call to warp swap.
2019-07-22 20:33:38.977 1665-29229/? I/TimeWarp: Waited 0.000 seconds for first vsync.
2019-07-22 20:33:38.977 1665-29229/? I/TimeWarp: Setting global CAC to 1
2019-07-22 20:33:38.979 625-625/? D/VrApiService: CPU_CLUSTER_1: Client 1665 sends freq request [11, 11]
2019-07-22 20:33:38.979 625-625/? D/VrApiService: CPU_CLUSTER_1: Next Perf Level = (11, 11)
2019-07-22 20:33:38.981 4385-4437/? W/RCTVR_HERMES: [warn]: QEData empty or corrupt for sessionless__oculus_mobile_library_badge_updates_category_universe
2019-07-22 20:33:38.988 625-625/? D/VrApiService: CPUBW: Client 1665 sends freq request [8, 11]
2019-07-22 20:33:38.991 625-625/? D/VrApiService: CPUBW: Next Perf Level = (8, 11)
2019-07-22 20:33:38.995 625-625/? D/VrApiService: GPUBW: Client 1665 sends freq request [9, 11]
2019-07-22 20:33:38.995 625-625/? D/VrApiService: GPUBW: Next Perf Level = (9, 11)
2019-07-22 20:33:38.995 625-625/? D/VrApiService: GPU: Client 1665 sends freq request [2, 2]
2019-07-22 20:33:38.995 1665-1726/? I/[OAR] ShellApp: 0xca87a298 msg: broadcastIntent:
    is_capture_running = 0
    intent_action = com.oculus.systemactivities.LOCAL_STREAM_STATE_UPDATE
2019-07-22 20:33:38.995 1665-1726/? I/[OAR] SystemUXController: OnLocalStreamChanged, enabled?=0
2019-07-22 20:33:38.996 1665-1726/? I/[OAR] ShellApp: 0xca87a298 msg: broadcastIntent:
    is_capture_running = 0
    intent_action = com.oculus.systemactivities.LOCAL_STREAM_STATE_UPDATE
2019-07-22 20:33:38.996 1665-1726/? I/[OAR] SystemUXController: OnLocalStreamChanged, enabled?=0
2019-07-22 20:33:38.996 1665-1726/? I/[OAR] InputManager: Switching Primary controller due to vrapi
2019-07-22 20:33:38.995 625-625/? D/VrApiService: GPU: Next Perf Level = (2, 2)
2019-07-22 20:33:38.997 1665-1726/? I/PlatformManager: isLiveStreaming response:  0
2019-07-22 20:33:38.997 1665-29228/? I/Clocks: LockClocks( cpu=2, gpu=2 ) - end (52.2 ms)
2019-07-22 20:33:39.007 4385-4410/? I/panelapp: LE reactvr
2019-07-22 20:33:39.009 4385-4410/? D/OculusLogger:  logEvent(reactvr, {{device_type=PACIFIC, headset_type=PACIFIC, id=238666243259190, session_id=b792853a-c929-4195-9c58-8e2d6f78c275, uid=507, device_region=UNSPECIFIED, type=network_fetch_start, real_timestamp=1563820418957}}, false)
2019-07-22 20:33:39.009 4385-4410/? I/panelapp: LE reactvr
2019-07-22 20:33:39.012 4385-4410/? D/OculusLogger:  logEvent(reactvr, {{device_type=PACIFIC, headset_type=PACIFIC, id=238666243259190, session_id=b792853a-c929-4195-9c58-8e2d6f78c275, uid=508, device_region=UNSPECIFIED, type=network_fetch_start, real_timestamp=1563820418968}}, false)
2019-07-22 20:33:39.017 1728-1728/? I/[OAR] AnytimeUIAndroidPanelAppBase: updateLocalStreamState - false
2019-07-22 20:33:39.025 1665-1726/? I/TimeWarpProgs: [0xc89e6990] Built layerProgram 0x4440007 (texture type 2) in 5.0 ms
2019-07-22 20:33:39.027 4385-4410/? D/OculusLogger:  logEvent(section_entry, {{from_pkg=com.oculus.vrshell, device_type=PACIFIC, headset_type=PACIFIC, id=238666243259190, session_id=b792853a-c929-4195-9c58-8e2d6f78c275, device_region=UNSPECIFIED, sub_section_name=unknown_sources, section_name=library, service_type=LIBRARY, inactive_time_ms=-4878.353157997131, real_timestamp=1563820418958}}, false)
2019-07-22 20:33:39.027 4385-4410/? D/QuickPromotionModule: Signal trigger 'app_foreground'.
2019-07-22 20:33:39.030 1665-1726/? I/TimeWarpProgs: [0xc89e6990] Built layerProgram 0x4440007 (texture type 0) in 4.8 ms
2019-07-22 20:33:39.031 1665-29229/? I/Clocks: SetSchedFifo( tid=1726, pri=1 ) succeeded
2019-07-22 20:33:39.031 1665-29229/? I/TimeWarp: Will tear: 0.011278
2019-07-22 20:33:39.031 1665-29229/? I/Vsync: Vsync 3309976:  2 x 13.93 ms (71.93 Hz, at 45971.900)
2019-07-22 20:33:39.036 1567-1567/? I/PlatformPluginManager: enforcePartyChatStateConsistency - User not in a party.
2019-07-22 20:33:39.036 1567-1567/? I/PlatformPluginManager: stopPartyChat
2019-07-22 20:33:39.036 1567-1567/? I/PlatformPlugin: [PlatformPluginManager] Stopping party chat
2019-07-22 20:33:39.038 4385-4410/? D/OculusLogger:  logEvent(vrshell_info, {{from_pkg=com.oculus.vrshell, device_type=PACIFIC, headset_type=PACIFIC, id=238666243259190, data=["Permissions update received: write_storage microphone"], session_id=b792853a-c929-4195-9c58-8e2d6f78c275, device_region=UNSPECIFIED, service_type=LIBRARY}}, false)
