2019-07-22 20:33:28.177 29146-29162/? D/TrackingServiceConnectionNative: onDisconnected
2019-07-22 20:33:28.178 29146-29162/? D/TrackingServiceClient: TrackingServiceConnection mConnectedRemotes.clear()
2019-07-22 20:33:28.178 29146-29162/? I/TrackingServiceClient: OVR::TrackingService::ClientSetInterface
2019-07-22 20:33:28.192 29146-29162/? I/InputDeviceManager: ovrInputDeviceManager::Shutdown
2019-07-22 20:33:28.197 29146-29167/? I/InputHooks_Internal: InputHooksThreadRun ShutdownRequest received
2019-07-22 20:33:28.198 29146-29162/? D/InputHooksJava: Disabling Java Input Hooks
2019-07-22 20:33:28.202 29146-29162/? D/BatteryReceiver: Unregistering battery receiver
2019-07-22 20:33:28.217 29146-29162/? D/VrApi: targetSDKVersion 21
2019-07-22 20:33:28.220 29146-29162/? I/VrApi: DEVICE MODEL NUMBER = Pacific
2019-07-22 20:33:28.220 29146-29162/? I/VrApi: DEVICE HARDWARE = pacific
2019-07-22 20:33:28.220 29146-29162/? I/VrApi: DEVICE BUILD NAME = user-256880.5390.0
2019-07-22 20:33:28.220 29146-29162/? I/VrApi: DEVICE BUILD TYPE = user
2019-07-22 20:33:28.225 29146-29162/? I/VrApi: DEVICE OS VERSION = 7.1.2
2019-07-22 20:33:28.225 29146-29162/? I/VrApi: VRAPI VERSION = 1.1.23.0-145662328-145662328 Mar 12 2019 15:08:43 Development RELEASE
2019-07-22 20:33:28.225 29146-29162/? I/VrApi: VRAPI LOADER VERSION = 1.1.23.0
2019-07-22 20:33:28.225 29146-29162/? I/VrApi: APP NAME = VirtualBoyGo
2019-07-22 20:33:28.225 29146-29162/? I/VrApi: APP VERSION = 1.1 versionCode 1 internalVersionName <none>
2019-07-22 20:33:28.225 29146-29162/? I/VrApi: APP VR TYPE = vr_only
2019-07-22 20:33:28.225 29146-29162/? I/VrApi: APP PACKAGE NAME = com.nintendont.virtualboygo
2019-07-22 20:33:28.225 29146-29162/? I/VrApi: APP ACTIVITY CLASS = com.nintendont.virtualboygo.MainActivity
2019-07-22 20:33:28.240 1567-1578/? I/SDKLoggingService: Unable to find AppId for package (com.nintendont.virtualboygo)
2019-07-22 20:33:28.242 29146-29162/? I/VrApi: OVR::Stats thread stopped
2019-07-22 20:33:28.242 29146-29168/? I/Clocks: ReleaseClocks - start
2019-07-22 20:33:28.243 625-2625/? D/VrApiService: CPU_CLUSTER_0: Next Perf Level = (13, 13)
2019-07-22 20:33:28.244 625-2625/? D/VrApiService: CPU_CLUSTER_1: Next Perf Level = (13, 13)
2019-07-22 20:33:28.245 625-2625/? D/VrApiService: GPU: Next Perf Level = (2, 2)
2019-07-22 20:33:28.246 625-2625/? D/VrApiService: CPUBW: Next Perf Level = (8, 11)
2019-07-22 20:33:28.247 625-2625/? D/VrApiService: GPUBW: Next Perf Level = (9, 11)
2019-07-22 20:33:28.248 29146-29168/? I/Clocks: ReleaseClocks - end (6.0 ms)
2019-07-22 20:33:28.248 29146-29162/? I/TimeWarp: ------------- ~TimeWarpLocal() Start -------------
2019-07-22 20:33:28.249 29146-29162/? I/TimeWarp: pthread_join() called
2019-07-22 20:33:28.251 29146-29169/? I/TimeWarp: ShutdownRequest received
2019-07-22 20:33:28.251 29146-29169/? I/TimeWarp: WarpThreadShutdown()
2019-07-22 20:33:28.264 29146-29169/? I/ScreenCapture: Destroy ScreenCapture object
2019-07-22 20:33:28.268 29146-29169/? D/Appshot: release com.nintendont.virtualboygo
2019-07-22 20:33:28.473 1665-29193/? I/VrApi: FPS=66,Prd=33ms,Tear=0,Early=0,Stale=2,VSnc=1,Lat=0,Fov=0,CPU2/GPU=3/2,1286/315MHz,OC=F,TA=E/C/0,SP=F/F/N,Mem=1017MHz,Free=941MB,PSM=0,PLS=0,Temp=27.5C/25.0C,TW=2.34ms,App=0.00ms,GD=0.00ms
2019-07-22 20:33:28.496 1665-29194/? I/UtilPoller: GPU Util 0.166965 / CPU Util 0.715789 (avg 0.600716)
2019-07-22 20:33:28.540 29146-29169/? I/TimeWarp: [0x7f6c61b7b8] Destroying 4 layer programs (texture type 0)
2019-07-22 20:33:28.541 29146-29169/? I/TimeWarp: [0x7f6c61b7b8] Destroying 1 layer programs (texture type 2)
2019-07-22 20:33:28.541 29146-29169/? I/TimeWarp: [0x7f6c61b858] Destroying 4 layer programs (texture type 0)
2019-07-22 20:33:28.542 29146-29169/? I/TimeWarp: [0x7f6c61b858] Destroying 1 layer programs (texture type 2)
2019-07-22 20:33:28.542 29146-29169/? I/DirectRender: 0x7f6c612f58 DirectRender::Shutdown
2019-07-22 20:33:28.543 29146-29170/? D/Appshot: broadcastImageToShell intent_pkg: com.nintendont.virtualboygo jpg_size: 41203
2019-07-22 20:33:28.544 29146-29169/? I/DirectRender: Restoring EGL_RENDER_BUFFER to 12420
2019-07-22 20:33:28.551 29146-29169/? I/DirectRender: VrSurfaceManager::Shutdown
2019-07-22 20:33:28.553 29146-29169/? I/TimeWarp: WarpThreadShutdown() - End
2019-07-22 20:33:28.553 29146-29169/? I/TimeWarp: Exiting WarpThreadLoop()
2019-07-22 20:33:28.554 1728-1728/? D/[OAR] AnytimeUIBroadcastReceiver: action: com.oculus.vrshell.intent.action.UPDATE_APP_SCREENSHOT
2019-07-22 20:33:28.555 29146-29162/? I/TimeWarp: pthread_join() returned
2019-07-22 20:33:28.555 29146-29162/? I/TimeWarp: eglDestroySurface()
2019-07-22 20:33:28.555 1728-1728/? D/[OAR] HomeDialog: screenshot update package: com.nintendont.virtualboygo size: 41203
2019-07-22 20:33:28.555 29146-29162/? I/TimeWarp: OVR::Clocks thread stopped
2019-07-22 20:33:28.556 29146-29162/? I/Vsync: ---------------- Vsync::Shutdown ----------------
2019-07-22 20:33:28.556 29146-29162/? I/Vsync: Measured display refresh rate = 71.82 Hz
2019-07-22 20:33:28.556 29146-29162/? I/Vsync: Closed /sys/class/graphics/fb0/vsync_event
2019-07-22 20:33:28.556 29146-29162/? I/TimeWarp: ------------- ~TimeWarpLocal() End -------------
2019-07-22 20:33:28.556 29146-29162/? I/VrApi: ---------- vrapi_LeaveVrMode [end] ----------
2019-07-22 20:33:28.556 29146-29162/? I/VrIntegration: ------------ vrintegration_Shutdown -----------
2019-07-22 20:33:28.557 29146-29146/? D/VrActivity: com.nintendont.virtualboygo.MainActivity@90fbc81 onStop()
2019-07-22 20:33:28.568 615-615/? E/cnss-daemon: Stale or unreachable neighbors, ndm state: 16
2019-07-22 20:33:28.572 29146-29146/? D/VrApp: com.oculus.vrappframework.VrApp@e99b65f surfaceDestroyed()
2019-07-22 20:33:28.573 29146-29146/? I/App_Android: 0x7f7d2e1400 nativeSurfaceDestroyed()
2019-07-22 20:33:28.573 29146-29162/? I/App: 0x7f7d2e1400 msg: surfaceDestroyed
2019-07-22 20:33:28.573 29146-29146/? I/App_Android:     ANativeWindow_release( 0x7f6d429610 )
2019-07-22 20:33:28.591 29146-29157/? E/Parcel: Reading a NULL string not supported here.
2019-07-22 20:33:28.592 1665-1865/? E/Parcel: Reading a NULL string not supported here.
2019-07-22 20:33:28.593 29146-29157/? D/AudioTrack: updateAppOpsPlayAudio: checkOp OP_PLAY_AUDIO for com.nintendont.virtualboygo returns: 1 (IGNORED)
2019-07-22 20:33:28.593 29146-29157/? I/AudioTrack: updateAppOpsPlayAudio: pausing audio thread
2019-07-22 20:33:28.593 1665-1865/? D/AudioTrack: updateAppOpsPlayAudio: checkOp OP_PLAY_AUDIO for com.oculus.vrshell returns: 0 (ALLOWED)
2019-07-22 20:33:28.594 29146-29157/? E/Parcel: Reading a NULL string not supported here.
2019-07-22 20:33:28.595 29146-29157/? D/AudioTrack: updateAppOpsPlayAudio: checkOp OP_PLAY_AUDIO for com.nintendont.virtualboygo returns: 1 (IGNORED)
2019-07-22 20:33:28.595 29146-29157/? E/Parcel: Reading a NULL string not supported here.
2019-07-22 20:33:29.357 1281-1281/? D/ControllerNotifications: Enabling notifications
2019-07-22 20:33:29.358 1281-1281/? I/ControllerNotifications: Updating input notifications based on state ConnectedBatteryNormal
2019-07-22 20:33:29.364 1665-1726/? I/[OAR] InputManager: Switching Primary controller due to vrapi
2019-07-22 20:33:29.372 1665-1726/? I/TimeWarpProgs: [0xc89e6990] Built layerProgram 0x4440007 (texture type 2) in 5.1 ms
2019-07-22 20:33:29.469 1665-29193/? I/VrApi: FPS=72,Prd=34ms,Tear=0,Early=0,Stale=0,VSnc=1,Lat=0,Fov=0,CPU2/GPU=3/2,1286/315MHz,OC=F,TA=E/C/0,SP=F/F/N,Mem=1017MHz,Free=933MB,PSM=0,PLS=0,Temp=27.5C/25.0C,TW=2.20ms,App=0.00ms,GD=0.00ms
2019-07-22 20:33:29.499 1665-29194/? I/UtilPoller: GPU Util 0.179655 / CPU Util 0.522727 (avg 0.398073)
2019-07-22 20:33:29.574 1665-1726/? I/ShellSurfaceRender: Averages: drawCalls 1.5 progBinds 1.5 paramUpdates 9.3 textureBinds 1.9 bufferBinds 1.0
2019-07-22 20:33:29.768 1665-1726/? I/[OAR] AudioSystem: Device 0 doesn't have BufferedHapticVibration
2019-07-22 20:33:29.768 1665-1726/? I/[OAR] AudioMixer: Creating a new stream for client UiSound1
2019-07-22 20:33:29.768 1665-1726/? I/[OAR] AudioMixer: PlaySoundEffect: 8425 samples at 45962.664275
2019-07-22 20:33:29.936 1665-29195/? I/[OAR] AudioMixer: Finishing mono effect
2019-07-22 20:33:29.941 1665-1866/? I/OVRPlatform: [CurlHttpClient] Executing HTTP request: https://graph.oculus.com//v1.20/me?fields=current_party{id,leader{id},users{id,alias,display_name,profile_url,profile_url_small,presence,presence_status,presence_app{id,package_name},avatar_v2{avatar_image{uri}}},invited_users{id,alias,display_name,profile_url,profile_url_small,presence,presence_status,presence_app{id,package_name},avatar_v2{avatar_image{uri}}}}&app_version=152555004
2019-07-22 20:33:30.189 1665-1869/? I/OVRPlatform: [HttpRequest] Request `me?fields=current_party{id,leader{id},users{id,alias,display_name,profile_url,profile_url_small,presence,presence_status,presence_app{id,package_name},avatar_v2{avatar_image{uri}}},invited_users{id,alias,display_name,profile_url,profile_url_small,presence,presence_status,presence_app{id,package_name},avatar_v2{avatar_image{uri}}}}' (id: 47164) succeeded: {"id":"238666243259190"}
2019-07-22 20:33:30.190 1665-1869/? I/OVRPlatform: [RequestStopwatch] HttpRequestAsync (me?fields=current_party{id,leader{id},users{id,alias,display_name,profile_url,profile_url_small,presence,presence_status,presence_app{id,package_name},avatar_v2{avatar_image{uri}}},invited_users{id,alias,display_name,profile_url,profile_url_small,presence,presence_status,presence_app{id,package_name},avatar_v2{avatar_image{uri}}}}) took 255.1650 milliseconds
2019-07-22 20:33:30.200 1665-1726/? I/[OAR] PartyManager: Party Response Parse Time: 0.038021ms
2019-07-22 20:33:30.470 1665-29193/? I/VrApi: FPS=72,Prd=33ms,Tear=0,Early=0,Stale=0,VSnc=1,Lat=0,Fov=0,CPU2/GPU=3/2,1286/315MHz,OC=F,TA=E/C/0,SP=F/F/N,Mem=1017MHz,Free=935MB,PSM=0,PLS=0,Temp=27.5C/25.0C,TW=3.42ms,App=0.77ms,GD=0.00ms
2019-07-22 20:33:30.493 1665-29190/? I/Clocks: ReleaseClocks - start
2019-07-22 20:33:30.495 625-739/? D/VrApiService: CPU_CLUSTER_0: No client requests exists, release clocks
2019-07-22 20:33:30.496 625-739/? D/VrApiService: CPU_CLUSTER_1: No client requests exists, release clocks
2019-07-22 20:33:30.496 625-739/? D/VrApiService: GPU: No client requests exists, release clocks
2019-07-22 20:33:30.496 625-739/? D/VrApiService: CPUBW: No client requests exists, release clocks
2019-07-22 20:33:30.498 625-739/? D/VrApiService: GPUBW: No client requests exists, release clocks
2019-07-22 20:33:30.499 1665-29190/? I/Clocks: ReleaseClocks - end (5.0 ms)
2019-07-22 20:33:30.499 1665-29190/? I/Clocks: LockClocks( cpu=2, gpu=2 ) - start
2019-07-22 20:33:30.500 1665-29190/? I/Clocks: CPU levels [0, 5]
2019-07-22 20:33:30.500 1665-29190/? I/Clocks: GPU levels [0, 5]
2019-07-22 20:33:30.501 625-2325/? D/VrApiService: CPU_CLUSTER_0: Client 1665 sends freq request [11, 11]
2019-07-22 20:33:30.501 625-2325/? D/VrApiService: CPU_CLUSTER_0: Next Perf Level = (11, 11)
2019-07-22 20:33:30.502 625-2325/? D/VrApiService: CPU_CLUSTER_1: Client 1665 sends freq request [11, 11]
2019-07-22 20:33:30.502 625-2325/? D/VrApiService: CPU_CLUSTER_1: Next Perf Level = (11, 11)
2019-07-22 20:33:30.502 625-2325/? D/VrApiService: CPUBW: Client 1665 sends freq request [8, 11]
2019-07-22 20:33:30.502 625-2325/? D/VrApiService: CPUBW: Next Perf Level = (8, 11)
2019-07-22 20:33:30.504 625-2325/? D/VrApiService: GPUBW: Client 1665 sends freq request [9, 11]
2019-07-22 20:33:30.504 625-2325/? D/VrApiService: GPUBW: Next Perf Level = (9, 11)
2019-07-22 20:33:30.504 625-2325/? D/VrApiService: GPU: Client 1665 sends freq request [2, 2]
2019-07-22 20:33:30.504 625-2325/? D/VrApiService: GPU: Next Perf Level = (2, 2)
2019-07-22 20:33:30.505 1665-29194/? I/UtilPoller: GPU Util 0.309224 / CPU Util 0.553191 (avg 0.402623)
2019-07-22 20:33:30.505 1665-29190/? I/Clocks: LockClocks( cpu=2, gpu=2 ) - end (6.0 ms)
2019-07-22 20:33:31.472 1665-29193/? I/VrApi: FPS=72,Prd=33ms,Tear=0,Early=0,Stale=0,VSnc=1,Lat=0,Fov=0,CPU2/GPU=2/2,1132/315MHz,OC=F,TA=E/C/0,SP=F/F/N,Mem=1017MHz,Free=945MB,PSM=0,PLS=0,Temp=27.5C/25.0C,TW=3.42ms,App=0.77ms,GD=0.00ms
2019-07-22 20:33:31.508 1665-29194/? I/UtilPoller: GPU Util 0.310842 / CPU Util 0.555556 (avg 0.413389)
2019-07-22 20:33:31.761 1728-1728/? D/[OAR] HomeDialog: Quit Pressed
2019-07-22 20:33:31.761 1728-1728/? I/[OAR] AnytimeUIAndroidPanelAppBase: actionHideDialog - quit
2019-07-22 20:33:31.787 1665-1726/? I/[OAR] AudioSystem: Device 0 doesn't have BufferedHapticVibration
2019-07-22 20:33:31.787 1665-1726/? I/[OAR] AudioMixer: Creating a new stream for client UiSound2
2019-07-22 20:33:31.787 1665-1726/? I/[OAR] AudioMixer: PlaySoundEffect: 25052 samples at 45964.684275
2019-07-22 20:33:31.787 1665-1726/? I/[OAR] DialogController: DialogResult: quit
2019-07-22 20:33:31.792 29146-29146/? D/SystemActivitiesReceiver: SystemActivityReceiver.onReceive intent:Intent { act=com.oculus.system_activity flg=0x10 pkg=com.nintendont.virtualboygo (has extras) }
2019-07-22 20:33:31.792 29146-29146/? D/SystemActivitiesReceiver: fromPackageName: 'com.oculus.vrshell'
2019-07-22 20:33:31.792 29146-29146/? D/SystemActivitiesReceiver: command: '{"Command":"exitToHome","PlatformUIVersion":3,"ToPackage":"com.nintendont.virtualboygo"}'
2019-07-22 20:33:31.793 29146-29146/? D/SystemActivitiesReceiver: uri: ''
2019-07-22 20:33:31.793 1665-1726/? I/[OAR] MainActivity: Sent exit broadcast to SystemActivities for:  com.nintendont.virtualboygo
2019-07-22 20:33:31.793 1665-1726/? I/HostPlatform: Applying VRAPI Reorient
2019-07-22 20:33:31.793 29146-29146/? I/SystemUtils_Internal: nativeSystemActivityIntent in 'com.nintendont.virtualboygo': 'com.oculus.vrshell' '{"Command":"exitToHome","PlatformUIVersion":3,"ToPackage":"com.nintendont.virtualboygo"}' ''
2019-07-22 20:33:31.793 1665-1726/? I/Sensor: NoFilter: 0
2019-07-22 20:33:31.793 1665-1726/? I/[OAR] DialogController: CloseDialog old: 4, pendingUri systemux://dialog/exit, pendingComponent com.nintendont.virtualboygo
2019-07-22 20:33:31.793 29146-29146/? I/SystemUtils_Internal: finish() - exit to Home
2019-07-22 20:33:31.797 29146-29146/? D/ContextHelper: shouldSkipFinish: activity=com.nintendont.virtualboygo.MainActivity@90fbc81
2019-07-22 20:33:31.798 29146-29146/? D/ContextHelper: activity=com.nintendont.virtualboygo.MainActivity@90fbc81, resumed=false
2019-07-22 20:33:31.798 29146-29146/? D/ContextHelper: Calling finish() on com.nintendont.virtualboygo.MainActivity@90fbc81
2019-07-22 20:33:31.801 1665-1726/? I/PlatformManager: Checking livestreaming allowed for:  com.oculus.vrshell
2019-07-22 20:33:31.801 1665-1726/? I/[OAR] DialogController: Clearing existing dialog systemux://dialog/exit to None while in transition to pending dialog systemux://dialog/none
2019-07-22 20:33:31.804 1337-1733/? I/[CT]: [ORIENTATION:SensorFusionImpl-H]: SensorFusion 2: ResetCorrections
2019-07-22 20:33:31.805 1728-1728/? I/[OAR] AnytimeUIAndroidPanelApp: updateActiveComponent - systemux://library, returnComponent = 
2019-07-22 20:33:31.806 1567-2031/? E/ExternalPlatformLocal: isLivestreamingEnabledForApp for com.oculus.vrshell
2019-07-22 20:33:31.809 1728-1728/? I/[OAR] AnytimeUIAndroidPanelApp: configureDialog:  systemux://dialog/none [] ()
2019-07-22 20:33:31.810 1728-1728/? D/[OAR] TaskBarViewV1: NUX Mode = false
2019-07-22 20:33:31.811 1728-1728/? I/[OAR] AnytimeUIAndroidPanelAppBase: actionSetRoute - Route:  NONE(systemux://dialog/none)
2019-07-22 20:33:31.812 1665-1984/? I/OVRPlatform: [QueueAsyncResponseHandler] success: {"streaming_enabled":true}
2019-07-22 20:33:31.814 1665-1726/? I/[OAR] ShellApp: com.oculus.vrshell.home/com.oculus.vrshell.home.LibraryService:3 is now foregrounded
2019-07-22 20:33:31.815 1665-1726/? I/[OAR] PanelAppHost: Panel app 3 (com.oculus.vrshell.home/com.oculus.vrshell.home.LibraryService) changing state from background to foreground
2019-07-22 20:33:31.824 1665-1726/? D/[OAR] MainActivity: notify OS to set com.oculus.vrshell.home/com.oculus.vrshell.home.LibraryService to FOREGROUND
2019-07-22 20:33:31.838 1567-1567/? I/VRLifecycleSessionManager: Stored session info.
2019-07-22 20:33:31.844 1665-1726/? I/[OAR] SpeechRecognitionHandler: set enabled 0 from Disabled
2019-07-22 20:33:31.844 1665-1726/? I/InputHooks_Internal: SetInhibitHandleLongPress = false
2019-07-22 20:33:31.844 1665-1726/? I/GazeTimer: (45964.7131) CancelTimer
2019-07-22 20:33:31.844 1665-1726/? I/ScreenCaptureHelper: SetScreenCaptureInhibitFlag : enabled
2019-07-22 20:33:31.849 1665-1726/? D/VRProviderHelper: Could not find provider
2019-07-22 20:33:31.849 1665-1726/? I/PlatformManager: Resuming live stream
2019-07-22 20:33:31.859 1665-1726/? I/PlatformManager: isLiveStreamingAllowed response:  1
2019-07-22 20:33:31.861 1665-1726/? I/[OAR] PanelRenderLayer: New SurfaceLayer 1400 x 540
2019-07-22 20:33:31.863 4385-4410/? I/RCTVR: AppState foreground
2019-07-22 20:33:31.869 29146-29146/? D/SystemActivitiesReceiver: SystemActivityReceiver.onReceive intent:Intent { act=com.oculus.system_activity flg=0x10 pkg=com.nintendont.virtualboygo (has extras) }
2019-07-22 20:33:31.870 29146-29146/? D/SystemActivitiesReceiver: fromPackageName: 'com.oculus.vrshell'
2019-07-22 20:33:31.871 29146-29146/? D/SystemActivitiesReceiver: command: '{"Command":"returnToLauncher","PlatformUIVersion":3,"ToPackage":"com.nintendont.virtualboygo"}'
2019-07-22 20:33:31.871 29146-29146/? D/SystemActivitiesReceiver: uri: ''
2019-07-22 20:33:31.871 29146-29146/? I/SystemUtils_Internal: nativeSystemActivityIntent in 'com.nintendont.virtualboygo': 'com.oculus.vrshell' '{"Command":"returnToLauncher","PlatformUIVersion":3,"ToPackage":"com.nintendont.virtualboygo"}' ''
2019-07-22 20:33:31.871 29146-29146/? I/SystemUtils_Internal: ovrSystemUtils::AddEvent: queued event '{"Command":"returnToLauncher","PlatformUIVersion":3,"ToPackage":"com.nintendont.virtualboygo"}'
2019-07-22 20:33:31.871 29146-29146/? D/VrActivity: com.nintendont.virtualboygo.MainActivity@90fbc81 onDestroy()
2019-07-22 20:33:31.872 29146-29146/? I/App_Android: 0x7f7d2e1400 nativeDestroy
2019-07-22 20:33:31.872 29146-29146/? I/App: StopVrThread
2019-07-22 20:33:31.872 29146-29162/? I/App: VrThreadSynced=1 ReadyToExit=1
2019-07-22 20:33:31.872 29146-29162/? I/App: AppLocal::VrThreadFunction - shutdown
2019-07-22 20:33:31.872 4385-4410/? I/AppModule: Got permissions update, permissionsGranted = write_storage microphone
2019-07-22 20:33:31.872 29146-29162/? I/MessageQueue: 0x7f7d2e1428:ovrMessageQueue shutdown
2019-07-22 20:33:31.874 4385-4410/? I/panelapp: LE reactvr_info
2019-07-22 20:33:31.877 4385-4410/? W/AnalyticsLogger: AnalyticsLogger::Insert warning: Overwriting extra for event {reactvr_info} with same value: key={code}, value={400}
2019-07-22 20:33:31.879 29146-29162/? I/GazeCursor: OvrGazeCursorLocal::Shutdown
2019-07-22 20:33:31.881 4385-4410/? D/OculusLogger:  logEvent(reactvr_info, {{device_type=PACIFIC, download_size=144, headset_type=PACIFIC, total_time=157, transfer_time=0, connect_time=0, firstbyte_time=157, code=400, id=238666243259190, traceID=BKLuXfzuKYM, session_id=b792853a-c929-4195-9c58-8e2d6f78c275, namelookup_time=0, download_speed=917, device_region=UNSPECIFIED, uid=503, docID=, type=network_fetch_complete, real_timestamp=1563820388584}}, false)
2019-07-22 20:33:31.881 29146-29162/? I/OvrApp: Closed OvrApp
2019-07-22 20:33:31.883 4385-4410/? D/OculusLogger: reportQuickExperimentExposure(sessionless__oculus_library_disco_universe, disco_ui, 238666243259190)
2019-07-22 20:33:31.886 1728-1728/? I/[OAR] AnytimeUIAndroidPanelAppBase: updateLiveStreamStatus - isLiveStreaming=false, allowed=true
2019-07-22 20:33:31.892 4385-4437/? V/RCTVR_HERMES: [log]: 'Analytics', 'Section changed from library:unknown_sources to library:unknown_sources after 3167.1415059939027  ms (-23471.37536100298 inactive ms).'
2019-07-22 20:33:31.894 4385-4410/? I/RCTVRMEM: Total Allocated Space: 34970672, Total Free Space: 19555280, JavaScript Heap Size: 7122684
2019-07-22 20:33:31.894 4385-4410/? I/RvrPnl: FPS=0.465581/75.7177/0.0425775, MSPF=2.14786/13.207/23486.6, MEMALLOC=33.3506
2019-07-22 20:33:31.898 1665-1726/? I/PlatformManager: isLiveStreaming response:  0
2019-07-22 20:33:31.899 4385-4437/? I/RCTVR_HERMES: [info]: 'Analytics', { section_name: 'library',
      sub_section_name: 'unknown_sources',
      inactive_time_ms: -23471.37536100298,
      real_timestamp: 1563820411894,
      type: 'section_entry' }
2019-07-22 20:33:31.901 4385-4410/? I/panelapp: LE reactvr
2019-07-22 20:33:31.902 4385-4410/? D/OculusLogger:  logEvent(reactvr, {{device_type=PACIFIC, headset_type=PACIFIC, id=238666243259190, session_id=b792853a-c929-4195-9c58-8e2d6f78c275, uid=504, device_region=UNSPECIFIED, type=network_fetch_start, real_timestamp=1563820411886}}, false)
2019-07-22 20:33:31.903 4385-4410/? D/OculusLogger:  logEvent(section_entry, {{from_pkg=com.oculus.vrshell, device_type=PACIFIC, headset_type=PACIFIC, id=238666243259190, session_id=b792853a-c929-4195-9c58-8e2d6f78c275, device_region=UNSPECIFIED, sub_section_name=unknown_sources, section_name=library, inactive_time_ms=-23471.37536100298, real_timestamp=1563820411894, service_type=LIBRARY}}, false)
2019-07-22 20:33:31.912 4385-4437/? V/RCTVR_HERMES: [log]: 'Home', 'HomeGraphQueryUtils: fetching https://graph.oculus.com/graphql?forced_locale=de_DE&q=viewer()%7Buser%7Bdevice_preferences.device_id(%3Cdevice_id%3E)%7Bsessions_in_vr%7D%7D%7D&query_params=%7B%22device_id%22%3A%221ea56fd95349b43d%22%7D'
2019-07-22 20:33:31.914 29146-29162/? D/OvrConsole: Unregistering console receiver
2019-07-22 20:33:31.922 1665-1665/? D/[OAR] ShellControlBroadcastReceiver: onReceive with sAppPtr 3399337312 and action com.oculus.systemactivities.LOCAL_STREAM_STATE_UPDATE
2019-07-22 20:33:31.926 1665-1726/? I/[OAR] ShellApp: 0xca87a298 msg: broadcastIntent:
    is_capture_running = 0
    intent_action = com.oculus.systemactivities.LOCAL_STREAM_STATE_UPDATE
2019-07-22 20:33:31.926 1665-1726/? I/[OAR] SystemUXController: OnLocalStreamChanged, enabled?=0
2019-07-22 20:33:31.928 1728-1728/? I/[OAR] AnytimeUIAndroidPanelAppBase: updateLocalStreamState - false
2019-07-22 20:33:31.932 1665-1986/? I/OVRPlatform: [QueueAsyncResponseHandler] success: {"livestreaming_enabled":false,"is_paused":false,"livestreaming_type":0,"comments_visible":false,"mic_enabled":true}
2019-07-22 20:33:31.940 4385-4437/? V/RCTVR_HERMES: [log]: 'Home', 'SessionsInVR: Failed to fetch.'
2019-07-22 20:33:31.940 1665-1726/? I/[OAR] AudioSystem: Device 0 doesn't have BufferedHapticVibration
2019-07-22 20:33:31.940 1665-1726/? I/[OAR] AudioMixer: Creating a new stream for client UiSound3
2019-07-22 20:33:31.940 1665-1726/? I/[OAR] AudioMixer: PlaySoundEffect: 8425 samples at 45964.844275
2019-07-22 20:33:31.944 1665-1726/? I/[OAR] PanelAppAnalytics: Panel render last: 32582ms avg: 3270ms for com.oculus.vrshell.home/com.oculus.vrshell.home.LibraryService
2019-07-22 20:33:31.943 4385-4437/? I/RCTVR: JavaScript[0xc9459c98], Avg 1210.69185858471405, Max 11020141.7281400003, MaxInLast 23280.7847039997578
2019-07-22 20:33:31.946 4385-4437/? I/RCTVR_HERMES: Hermes Mem: numCollections 380, allocatedBytes 7443492, heapSize 18258728, va 12582912
2019-07-22 20:33:31.949 4385-4437/? I/RCTVR_HERMES: [info]: 'Home', [ 'Permissions update received: write_storage microphone' ]
2019-07-22 20:33:31.951 4385-4410/? I/panelapp: LE reactvr
2019-07-22 20:33:31.952 4385-4437/? W/RCTVR_HERMES: [warn]: QEData empty or corrupt for sessionless__oculus_mobile_library_badge_updates_category_universe
2019-07-22 20:33:31.952 4385-4410/? D/OculusLogger:  logEvent(reactvr, {{device_type=PACIFIC, headset_type=PACIFIC, id=238666243259190, session_id=b792853a-c929-4195-9c58-8e2d6f78c275, device_region=UNSPECIFIED, uid=505, type=network_fetch_start, real_timestamp=1563820411938}}, false)
2019-07-22 20:33:31.953 4385-4410/? D/QuickPromotionModule: Signal trigger 'app_foreground'.
2019-07-22 20:33:31.966 4385-4410/? D/OculusLogger:  logEvent(vrshell_info, {{from_pkg=com.oculus.vrshell, device_type=PACIFIC, headset_type=PACIFIC, id=238666243259190, data=["Permissions update received: write_storage microphone"], session_id=b792853a-c929-4195-9c58-8e2d6f78c275, device_region=UNSPECIFIED, service_type=LIBRARY}}, false)
2019-07-22 20:33:31.977 29146-29162/? I/App: AppLocal::VrThreadFunction - exit
2019-07-22 20:33:31.995 29146-29146/? I/App: ---------- ~AppLocal() ----------
2019-07-22 20:33:31.995 29146-29146/? I/TalkToJava: TtjMessageQueue.PostPrintf( quit )
2019-07-22 20:33:31.996 29146-29163/? I/TalkToJava: TalkToJava: Jvm->DetachCurrentThread
2019-07-22 20:33:31.997 29146-29146/? I/VrApi: ------------ vrapi_Shutdown [start] -----------
2019-07-22 20:33:31.997 29146-29146/? D/TrackingServiceClient: onShutdown
2019-07-22 20:33:31.997 29146-29146/? I/AudioCapture: AudioCapture::Shutdown
2019-07-22 20:33:31.997 29146-29146/? D/SystemActivitiesReceiver: Unregistering Oculus System Activity receiver
2019-07-22 20:33:32.021 4385-4385/? I/HomeApplication: onUserId
2019-07-22 20:33:32.022 29146-29146/? I/Breakpad: Breakpad Shutdown
2019-07-22 20:33:32.057 29146-29146/? W/SwapChain: Shutdown: 2 texture swapchains active
2019-07-22 20:33:32.057 29146-29146/? D/ScreenCaptureReceiver: stopReceiver com.nintendont.virtualboygo
2019-07-22 20:33:32.062 29146-29146/? I/VrApi: ------------ vrapi_Shutdown [end] -----------
2019-07-22 20:33:32.063 29146-29146/? I/App_Android: ExitOnDestroy is true, exiting
2019-07-22 20:33:32.065 29146-29146/? I/VulkanLoader: ovrVulkanLoader::Unload
    
    --------- beginning of crash
2019-07-22 20:33:32.067 29146-29146/? A/libc: Fatal signal 11 (SIGSEGV), code 1, fault addr 0x0 in tid 29146 (nt.virtualboygo)
2019-07-22 20:33:32.077 613-1039/? D/SettingsService: Setting value retrieved from db [crash_reports_enabled : 1]
2019-07-22 20:33:32.090 4385-4441/? I/RCTVRNET: Request complete: 'docid=' 'traceid=F+6eKnwAXFg' code=400 time=151
2019-07-22 20:33:32.094 4385-4410/? I/panelapp: LE reactvr_info
2019-07-22 20:33:32.094 4385-4410/? W/AnalyticsLogger: AnalyticsLogger::Insert warning: Overwriting extra for event {reactvr_info} with same value: key={code}, value={400}
2019-07-22 20:33:32.096 4385-4410/? D/OculusLogger:  logEvent(reactvr_info, {{download_size=144, device_type=PACIFIC, headset_type=PACIFIC, total_time=151, transfer_time=0, connect_time=0, firstbyte_time=151, code=400, traceID=F+6eKnwAXFg, id=238666243259190, session_id=b792853a-c929-4195-9c58-8e2d6f78c275, uid=505, device_region=UNSPECIFIED, namelookup_time=0, download_speed=953, docID=, type=network_fetch_complete, real_timestamp=1563820412090}}, false)
2019-07-22 20:33:32.110 4385-4441/? I/RCTVRNET: Request complete: 'docid=' 'traceid=GC5GrL3xkat' code=200 time=223
2019-07-22 20:33:32.116 1665-29195/? I/[OAR] AudioMixer: Finishing mono effect
2019-07-22 20:33:32.122 4385-4410/? I/panelapp: LE reactvr_info
2019-07-22 20:33:32.122 4385-4410/? W/AnalyticsLogger: AnalyticsLogger::Insert warning: Overwriting extra for event {reactvr_info} with same value: key={code}, value={200}
2019-07-22 20:33:32.124 4385-4410/? D/OculusLogger:  logEvent(reactvr_info, {{download_size=483, device_type=PACIFIC, headset_type=PACIFIC, total_time=223, transfer_time=0, connect_time=0, firstbyte_time=223, code=200, id=238666243259190, traceID=GC5GrL3xkat, session_id=b792853a-c929-4195-9c58-8e2d6f78c275, uid=504, device_region=UNSPECIFIED, download_speed=2165, namelookup_time=0, docID=, type=network_fetch_complete, real_timestamp=1563820412110}}, false)
2019-07-22 20:33:32.125 4385-4410/? D/OculusLogger: reportQuickExperimentExposure(sessionless__oculus_library_disco_universe, disco_ui, 238666243259190)
2019-07-22 20:33:32.316 1665-29195/? I/[OAR] AudioMixer: Finishing mono effect
2019-07-22 20:33:32.483 1665-1726/? I/[OAR] AudioSystem: Device 0 doesn't have BufferedHapticVibration
2019-07-22 20:33:32.483 1665-1726/? I/[OAR] AudioMixer: Creating a new stream for client UiSound4
2019-07-22 20:33:32.483 1665-1726/? I/[OAR] AudioMixer: PlaySoundEffect: 8425 samples at 45965.384275
2019-07-22 20:33:32.486 1665-29193/? I/VrApi: FPS=72,Prd=33ms,Tear=0,Early=0,Stale=0,VSnc=1,Lat=0,Fov=0,CPU2/GPU=2/2,1132/315MHz,OC=F,TA=E/C/0,SP=F/F/N,Mem=1017MHz,Free=968MB,PSM=0,PLS=0,Temp=27.5C/25.0C,TW=3.87ms,App=0.94ms,GD=0.00ms
2019-07-22 20:33:32.513 1665-29194/? I/UtilPoller: GPU Util 0.436631 / CPU Util 0.781250 (avg 0.740981)
2019-07-22 20:33:32.656 1665-29195/? I/[OAR] AudioMixer: Finishing mono effect
2019-07-22 20:33:32.904 4385-4410/? I/RvrPnl: FPS=60.6977/88.2918/19.8094, MSPF=0.0164751/11.3261/50.4811, MEMALLOC=33.3506
2019-07-22 20:33:32.912 611-728/? D/crash-reporter-device: allow to upload crashes.
2019-07-22 20:33:32.956 1567-29200/? I/AuthManager: User is logged in
2019-07-22 20:33:32.964 611-728/? E/crash-reporter-utils: could not open /data/misc/crashes/lldb-server_2018-05-27_13-51-09.crash
2019-07-22 20:33:32.964 611-728/? E/crash-uploader: could not read minidump content at /data/misc/crashes/lldb-server_2018-05-27_13-51-09.crash
2019-07-22 20:33:32.964 611-728/? E/crash-uploader: Could not parse crash report, /data/misc/crashes//lldb-server_2018-05-27_13-51-09.crash.meta
2019-07-22 20:33:32.965 611-728/? D/crash-reporter-device: allow to upload crashes.
2019-07-22 20:33:33.002 1567-29201/? I/AuthManager: User is logged in
2019-07-22 20:33:33.005 611-728/? E/crash-reporter-utils: could not open /data/misc/crashes/lldb-server_2018-05-27_13-51-09.crash
2019-07-22 20:33:33.005 611-728/? E/crash-uploader: could not read minidump content at /data/misc/crashes/lldb-server_2018-05-27_13-51-09.crash
2019-07-22 20:33:33.005 611-728/? E/crash-uploader: Could not parse crash report, /data/misc/crashes//lldb-server_2018-05-27_13-51-09.crash.meta
2019-07-22 20:33:33.020 29199-29199/? A/DEBUG: *** *** *** *** *** *** *** *** *** *** *** *** *** *** *** ***
2019-07-22 20:33:33.021 29199-29199/? A/DEBUG: Build fingerprint: 'oculus/vr_pacific/pacific:7.1.2/N2G48H/256880.5390.0:user/release-keys'
2019-07-22 20:33:33.021 29199-29199/? A/DEBUG: Revision: '0'
2019-07-22 20:33:33.021 29199-29199/? A/DEBUG: ABI: 'arm64'
2019-07-22 20:33:33.021 29199-29199/? A/DEBUG: pid: 29146, tid: 29146, name: nt.virtualboygo  >>> com.nintendont.virtualboygo <<<
2019-07-22 20:33:33.021 29199-29199/? A/DEBUG: signal 11 (SIGSEGV), code 1 (SEGV_MAPERR), fault addr 0x0
2019-07-22 20:33:33.021 29199-29199/? A/DEBUG:     x0   0000000000000000  x1   0000007f87fe9040  x2   0000000000000001  x3   0000007f87e0c6c8
2019-07-22 20:33:33.021 29199-29199/? A/DEBUG:     x4   0000007f88002140  x5   0000007f87e0c698  x6   00000000001a8560  x7   00000000037b8cc8
2019-07-22 20:33:33.021 29199-29199/? A/DEBUG:     x8   0000007f868ee710  x9   0000000000000000  x10  0000000000000000  x11  0000000000000001
2019-07-22 20:33:33.021 29199-29199/? A/DEBUG:     x12  0000000000000000  x13  0000000000000000  x14  00000000000000c6  x15  0000007f88494810
2019-07-22 20:33:33.021 29199-29199/? A/DEBUG:     x16  0000007f88489448  x17  0000007f88428f14  x18  00000000000000c5  x19  0000000000000000
2019-07-22 20:33:33.021 29199-29199/? A/DEBUG:     x20  0000007f7d5915e8  x21  0000000000001000  x22  0000007f7d591000  x23  0000007f868ec730
2019-07-22 20:33:33.022 29199-29199/? A/DEBUG:     x24  0000007f88491000  x25  0000007f86745368  x26  0000007f88491000  x27  0000000000000018
2019-07-22 20:33:33.022 29199-29199/? A/DEBUG:     x28  0000000000000040  x29  0000007fd58a5300  x30  0000007f88438834
2019-07-22 20:33:33.022 29199-29199/? A/DEBUG:     sp   0000007fd58a52a0  pc   0000007f86745394  pstate 0000000060000000
2019-07-22 20:33:33.033 29199-29199/? A/DEBUG: backtrace:
2019-07-22 20:33:33.034 29199-29199/? A/DEBUG:     #00 pc 000000000009f394  /data/app/com.nintendont.virtualboygo-1/lib/arm64/libovrapp.so (_ZN3OVR13ovrSurfaceDefD2Ev+44)
2019-07-22 20:33:33.034 29199-29199/? A/DEBUG:     #01 pc 0000000000086830  /system/lib64/libc.so (__cxa_finalize+340)
2019-07-22 20:33:33.034 29199-29199/? A/DEBUG:     #02 pc 0000000000019a58  /system/lib64/libc.so (exit+24)
2019-07-22 20:33:33.034 29199-29199/? A/DEBUG:     #03 pc 00000000000dad10  /data/app/com.nintendont.virtualboygo-1/lib/arm64/libovrapp.so (Java_com_oculus_vrappframework_VrApp_nativeOnDestroy+180)
2019-07-22 20:33:33.034 29199-29199/? A/DEBUG:     #04 pc 000000000011bd64  /data/app/com.nintendont.virtualboygo-1/oat/arm64/base.odex (offset 0x109000)
2019-07-22 20:33:33.034 1567-29202/? I/AuthManager: User is logged in
2019-07-22 20:33:33.122 611-728/? I/crash-uploader: [Crash Reporter Rate Limiting] total number of reported crashes (5) fo package (com.nintendont.virtualboygo) above threshold (5)
2019-07-22 20:33:33.122 611-728/? I/crash-uploader: [Crash Reporter Rate Limiting] did not upload crash /data/misc/crashes//com.nintendont.virtualboygo_2019-07-22_20-33-32-081562.crash.meta
2019-07-22 20:33:33.122 611-728/? D/crash-reporter-device: Crash[native] com.nintendont.virtualboygo
2019-07-22 20:33:33.285 1665-1871/? I/OVRPlatform: [CurlHttpClient] Executing HTTP request: https://graph.oculus.com//v1.20/me?fields=current_party{id,leader{id},users{id,alias,display_name,profile_url,profile_url_small,presence,presence_status,presence_app{id,package_name},avatar_v2{avatar_image{uri}}},invited_users{id,alias,display_name,profile_url,profile_url_small,presence,presence_status,presence_app{id,package_name},avatar_v2{avatar_image{uri}}}}&app_version=152555004
2019-07-22 20:33:33.401 1665-1872/? I/OVRPlatform: [HttpRequest] Request `me?fields=current_party{id,leader{id},users{id,alias,display_name,profile_url,profile_url_small,presence,presence_status,presence_app{id,package_name},avatar_v2{avatar_image{uri}}},invited_users{id,alias,display_name,profile_url,profile_url_small,presence,presence_status,presence_app{id,package_name},avatar_v2{avatar_image{uri}}}}' (id: 47172) succeeded: {"id":"238666243259190"}
2019-07-22 20:33:33.401 1665-1872/? I/OVRPlatform: [RequestStopwatch] HttpRequestAsync (me?fields=current_party{id,leader{id},users{id,alias,display_name,profile_url,profile_url_small,presence,presence_status,presence_app{id,package_name},avatar_v2{avatar_image{uri}}},invited_users{id,alias,display_name,profile_url,profile_url_small,presence,presence_status,presence_app{id,package_name},avatar_v2{avatar_image{uri}}}}) took 124.2540 milliseconds
2019-07-22 20:33:33.402 1665-1726/? I/[OAR] PartyManager: Party Response Parse Time: 0.04224ms
2019-07-22 20:33:33.475 1665-29193/? I/VrApi: FPS=69,Prd=33ms,Tear=0,Early=0,Stale=4,VSnc=1,Lat=0,Fov=0,CPU2/GPU=2/2,1132/315MHz,OC=F,TA=E/C/0,SP=F/F/N,Mem=1017MHz,Free=961MB,PSM=0,PLS=0,Temp=27.5C/25.0C,TW=3.96ms,App=0.85ms,GD=0.00ms
2019-07-22 20:33:33.521 1665-29194/? I/UtilPoller: GPU Util 0.441634 / CPU Util 0.960000 (avg 0.820816)
2019-07-22 20:33:33.530 1665-29190/? I/Clocks: ReleaseClocks - start
2019-07-22 20:33:33.532 625-2625/? D/VrApiService: CPU_CLUSTER_0: No client requests exists, release clocks
2019-07-22 20:33:33.537 625-2625/? D/VrApiService: CPU_CLUSTER_1: No client requests exists, release clocks
2019-07-22 20:33:33.538 625-2625/? D/VrApiService: GPU: No client requests exists, release clocks
2019-07-22 20:33:33.538 625-2625/? D/VrApiService: CPUBW: No client requests exists, release clocks
2019-07-22 20:33:33.538 625-2625/? D/VrApiService: GPUBW: No client requests exists, release clocks
2019-07-22 20:33:33.540 1665-29190/? I/Clocks: ReleaseClocks - end (9.6 ms)
2019-07-22 20:33:33.540 1665-29190/? I/Clocks: LockClocks( cpu=3, gpu=2 ) - start
2019-07-22 20:33:33.543 1665-29190/? I/Clocks: CPU levels [0, 5]
2019-07-22 20:33:33.543 1665-29190/? I/Clocks: GPU levels [0, 5]
2019-07-22 20:33:33.543 625-625/? D/VrApiService: CPU_CLUSTER_0: Client 1665 sends freq request [13, 13]
2019-07-22 20:33:33.544 625-625/? D/VrApiService: CPU_CLUSTER_0: Next Perf Level = (13, 13)
2019-07-22 20:33:33.544 625-625/? D/VrApiService: CPU_CLUSTER_1: Client 1665 sends freq request [13, 13]
2019-07-22 20:33:33.544 625-625/? D/VrApiService: CPU_CLUSTER_1: Next Perf Level = (13, 13)
2019-07-22 20:33:33.550 625-625/? D/VrApiService: CPUBW: Client 1665 sends freq request [8, 11]
2019-07-22 20:33:33.550 625-625/? D/VrApiService: CPUBW: Next Perf Level = (8, 11)
2019-07-22 20:33:33.552 625-625/? D/VrApiService: GPUBW: Client 1665 sends freq request [9, 11]
2019-07-22 20:33:33.552 625-625/? D/VrApiService: GPUBW: Next Perf Level = (9, 11)
2019-07-22 20:33:33.552 625-625/? D/VrApiService: GPU: Client 1665 sends freq request [2, 2]
2019-07-22 20:33:33.552 625-625/? D/VrApiService: GPU: Next Perf Level = (2, 2)
2019-07-22 20:33:33.553 1665-29190/? I/Clocks: LockClocks( cpu=3, gpu=2 ) - end (13.4 ms)
2019-07-22 20:33:33.881 973-987/? I/VrAppLoader: VrApi Loader Version: 1.1.15.0-0-0 Jun 11 2018 11:32:55 
2019-07-22 20:33:33.883 973-987/? V/VrDriver: Loading 64-bit VrDriver.
2019-07-22 20:33:33.884 973-29206/? W/DropBoxManagerService: Dropping: data_app_native_crash (1857 > 0 bytes)
2019-07-22 20:33:33.887 973-987/? I/DriverLoader: *Adding Layer: PowerLevelSwitcher
2019-07-22 20:33:33.887 973-987/? I/DriverLoader: *Adding Layer: UtilPoller
2019-07-22 20:33:33.887 973-987/? I/DriverLoader: *Adding Layer: VrIntegrationLayer
2019-07-22 20:33:33.887 973-987/? I/DriverLoader: About to call StartLayer in vrapilayers.VrIntegrationLayer
2019-07-22 20:33:33.887 973-987/? D/VrIntegrationLayerJava: VrIntegrationLayer StartLayer: Loading libvrintegrationlayer.so
2019-07-22 20:33:33.887 973-987/? I/VrApiLayers: Initializing VrApiLayer
2019-07-22 20:33:33.887 973-987/? I/DriverLoader: VrapiLayer VrIntegrationLayer started
2019-07-22 20:33:33.887 973-987/? I/DriverLoader: About to call StartLayer in vrapilayers.UtilPoller
2019-07-22 20:33:33.887 973-987/? D/UtilPollerJava: UtilPoller StartLayer: Loading utilpoller.so
2019-07-22 20:33:33.894 973-987/? I/VrApiLayers: Initializing VrApiLayer
2019-07-22 20:33:33.894 973-987/? I/DriverLoader: VrapiLayer UtilPoller started
2019-07-22 20:33:33.894 973-987/? I/DriverLoader: About to call StartLayer in vrapilayers.PowerLevelSwitcher
2019-07-22 20:33:33.894 973-987/? D/PowerLevelSwitcherJava: PowerLevelSwitcher StartLayer: Loading powerlevelswitcher.so
2019-07-22 20:33:33.894 973-987/? I/VrApiLayers: Initializing VrApiLayer
2019-07-22 20:33:33.895 973-987/? I/DriverLoader: VrapiLayer PowerLevelSwitcher started
2019-07-22 20:33:33.895 973-987/? I/VrApi: ----------- vrapi_Initialize [start] ----------
2019-07-22 20:33:33.895 973-987/? I/Adreno: QUALCOMM build                   : 507ca40, Iea5f0bf7ba
    Build Date                       : 01/13/19
    OpenGL ES Shader Compiler Version: EV031.25.19.01
    Local Branch                     : 
    Remote Branch                    : refs/tags/AU_LINUX_ANDROID_LA.UM.5.7.R1.07.01.01.253.109
    Remote Branch                    : NONE
    Reconstruct Branch               : NOTHING
2019-07-22 20:33:33.895 973-987/? I/Adreno: Build Config                     : S L 3.8.9 AArch64
2019-07-22 20:33:33.901 973-990/? I/BootReceiver: Copying /data/tombstones/tombstone_02 to DropBox (SYSTEM_TOMBSTONE)
2019-07-22 20:33:33.905 4385-4410/? I/RvrPnl: FPS=69.991/163.057/38.2117, MSPF=0.0142875/6.13284/26.17, MEMALLOC=33.3506
2019-07-22 20:33:33.909 973-990/? W/DropBoxManagerService: Dropping: SYSTEM_TOMBSTONE (10 > 0 bytes)
2019-07-22 20:33:33.911 973-987/? I/Adreno: PFP: 0x005ff112, ME: 0x005ff066
2019-07-22 20:33:33.914 973-987/? I/DeviceProperties_Android: ovrDeviceProperties::Initialize
2019-07-22 20:33:33.921 973-987/? I/DeviceProperties_Android: Headset Model: 'pacific:BOE:H28U74301AMR    '
2019-07-22 20:33:33.922 973-987/? I/DeviceProperties_Android: Device Model: 'pacific'
2019-07-22 20:33:33.923 973-987/? I/DeviceProperties_Android: Device Region: 'US'
2019-07-22 20:33:33.924 973-987/? I/DeviceProperties_Android: GPU Type: 'ADRENO_530'
2019-07-22 20:33:33.925 973-987/? I/DeviceProperties_Android: Num Refresh Rates Supported 2
2019-07-22 20:33:33.925 973-987/? I/DeviceProperties_Android: Refresh Rate (0): 60.000000Hz
2019-07-22 20:33:33.925 973-987/? I/DeviceProperties_Android: Refresh Rate (1): 72.000000Hz
2019-07-22 20:33:33.926 973-987/? I/OSSDK: CalibrationManager: Using standalone implementation
2019-07-22 20:33:33.927 973-987/? W/OsSdk: Couldn't find calibration data for LDISP_SN
2019-07-22 20:33:33.928 973-987/? W/OsSdk: Couldn't find calibration data for RDISP_SN
2019-07-22 20:33:33.930 973-987/? I/DeviceProperties_Android: DisplayParms.ScanoutDirection = 0
2019-07-22 20:33:33.930 973-987/? I/DeviceProperties_Android: DisplayParms.ShutterType = 1
2019-07-22 20:33:33.930 973-987/? I/DeviceProperties_Android: DisplayParms.timing = 0.600000 0.600000
2019-07-22 20:33:33.932 973-987/? I/DeviceProperties_Android: DisplayParms.prediction = (2.000000 2.000000) (2.000000 2.000000)
2019-07-22 20:33:33.933 973-987/? I/DeviceProperties_Android: getDisplayDimensions returned: 2560, 1440
2019-07-22 20:33:33.933 973-987/? I/Breakpad: Breakpad Init
2019-07-22 20:33:33.933 973-987/? I/Breakpad: Breakpad for Native crashes disabled
2019-07-22 20:33:33.934 973-987/? D/SystemActivitiesReceiver: Registering Oculus System Activity receiver
2019-07-22 20:33:33.937 1567-1827/? E/LibraryDBCacheManager: content://com.oculus.horizon.cache/library_cache
2019-07-22 20:33:33.944 973-987/? I/SystemUtils_Internal: ShellSystemUtilsAnytimeUICapability: 2
2019-07-22 20:33:33.945 973-987/? I/VrRuntimeClient: VrRuntimeClient: Init
2019-07-22 20:33:33.945 973-987/? I/VrRuntimeClient: RuntimeService not enabled
2019-07-22 20:33:33.945 973-987/? I/VrRuntimeClient: Starting ScreenCaptureReceiver
2019-07-22 20:33:33.966 973-987/? D/ScreenCaptureReceiver: PIGK enabled
2019-07-22 20:33:33.966 973-987/? D/ScreenCaptureReceiver: startReceiver android
2019-07-22 20:33:33.967 973-987/? W/ContextImpl: Calling a method in the system process without a qualified user: android.app.ContextImpl.startService:1357 android.content.ContextWrapper.startService:613 android.content.ContextWrapper.startService:613 com.oculus.vrapi.ScreenCaptureHelper.advertiseStreamablePackage:54 oculus.internal.ui.VrBase.nativeOnCreate:-2 
2019-07-22 20:33:33.970 973-987/? I/ScreenCaptureHelper: Advertising android as streamable
2019-07-22 20:33:33.970 973-987/? I/AudioCapture: AudioCapture::Init
2019-07-22 20:33:33.970 973-987/? I/AudioCapture: Initializing audio capture using direct OS Callbacks
2019-07-22 20:33:33.971 973-987/? I/OSSDK: CalibrationManager: Using standalone implementation
2019-07-22 20:33:33.971 1567-1567/? I/OVRMediaService: onStartCommand Received message type: set_package_name, caller package: null
2019-07-22 20:33:33.971 1567-1567/? I/OVRMediaService: Got package name intent (android)
2019-07-22 20:33:33.973 973-987/? W/OsSdk: Couldn't find calibration data for LDISP_SN
2019-07-22 20:33:33.982 973-1348/? I/WindowManager: WIN DEATH: Window{a699674 u0 com.nintendont.virtualboygo/com.nintendont.virtualboygo.MainActivity}
2019-07-22 20:33:33.983 973-1348/? W/WindowManager: Force-removing child win Window{a54d734 u0 SurfaceView - com.nintendont.virtualboygo/com.nintendont.virtualboygo.MainActivity} from container Window{a699674 u0 com.nintendont.virtualboygo/com.nintendont.virtualboygo.MainActivity}
2019-07-22 20:33:33.984 973-983/? D/GraphicsStats: Buffer count: 4
2019-07-22 20:33:33.990 973-987/? W/OsSdk: Couldn't find calibration data for RDISP_SN
2019-07-22 20:33:33.993 973-987/? I/Distortion: Loaded distortion file from Calibration Manager
2019-07-22 20:33:33.993 973-987/? I/Distortion: ovrDistortionMeshHeader::magic = 0x56347807
2019-07-22 20:33:33.993 973-987/? I/Distortion: ovrDistortionMeshHeader::deviceModel = 0x40
2019-07-22 20:33:33.993 973-987/? I/Distortion: ovrDistortionMeshHeader::headsetModel = 0x40
2019-07-22 20:33:33.994 973-987/? I/Distortion: ovrDistortionMeshHeader::eyeBlocksWide = 32
2019-07-22 20:33:33.994 973-987/? I/Distortion: ovrDistortionMeshHeader::eyeBlocksHigh = 32
2019-07-22 20:33:33.994 973-987/? I/Distortion: ovrDistortionMeshHeader::lensSeparationMeters = 0.063500
2019-07-22 20:33:33.994 973-987/? I/Distortion: ovrDistortionMeshHeader::horizontalOffsetMeters = 0.000000
2019-07-22 20:33:33.994 973-987/? I/Distortion: ovrDistortionMeshHeader::displayWidthMeters = 0.120960
2019-07-22 20:33:33.994 973-987/? I/Distortion: ovrDistortionMeshHeader::displayHeightMeters = 0.068040
2019-07-22 20:33:33.994 973-987/? I/Distortion: ovrDistortionMeshHeader::displayWidthPixels = 2560
2019-07-22 20:33:33.994 973-987/? I/Distortion: ovrDistortionMeshHeader::displayHeightPixels = 1440
2019-07-22 20:33:33.995 973-987/? I/Distortion: ovrDistortionMeshHeader::eyeTextureWidthPixels = 1024
2019-07-22 20:33:33.995 973-987/? I/Distortion: ovrDistortionMeshHeader::eyeTextureHeightPixels = 1024
2019-07-22 20:33:33.995 973-987/? I/Distortion: ovrDistortionMeshHeader::leftEye = up 45.000000 / down 45.000000 / left 45.000000 / right 45.000000
2019-07-22 20:33:33.995 973-987/? I/Distortion: ovrDistortionMeshHeader::rightEye = up 45.000000 / down 45.000000 / left 45.000000 / right 45.000000
2019-07-22 20:33:33.995 973-987/? I/OSSDK: CalibrationManager: Using standalone implementation
2019-07-22 20:33:34.001 1665-1726/? I/[OAR] AudioSystem: Device 0 doesn't have BufferedHapticVibration
2019-07-22 20:33:34.001 1665-1726/? I/[OAR] AudioMixer: Creating a new stream for client UiSound5
2019-07-22 20:33:34.001 1665-1726/? I/[OAR] AudioMixer: PlaySoundEffect: 8425 samples at 45966.904275
2019-07-22 20:33:34.001 597-597/? I/Zygote: Process 29146 exited due to signal (11)
2019-07-22 20:33:34.004 973-15198/? W/WindowManager: Failed looking up window callers=com.android.server.wm.WindowManagerService.windowForClientLocked:9495 com.android.server.wm.WindowState$DeathRecipient.binderDied:1807 android.os.BinderProxy.sendDeathNotice:688 
2019-07-22 20:33:34.006 973-15198/? I/WindowManager: WIN DEATH: null
2019-07-22 20:33:34.007 973-987/? W/OsSdk: Couldn't find calibration data for LDISP_SN
2019-07-22 20:33:34.008 973-1294/? I/ActivityManager: Process com.nintendont.virtualboygo (pid 29146) has died
2019-07-22 20:33:34.008 973-1294/? D/ActivityManager: cleanUpApplicationRecord -- 29146
2019-07-22 20:33:34.011 973-987/? W/OsSdk: Couldn't find calibration data for RDISP_SN
2019-07-22 20:33:34.013 973-987/? I/Distortion: Loaded distortion file from Calibration Manager
2019-07-22 20:33:34.013 973-987/? I/Distortion: ovrDistortionMeshHeader::magic = 0x56347807
2019-07-22 20:33:34.013 973-987/? I/Distortion: ovrDistortionMeshHeader::deviceModel = 0x40
2019-07-22 20:33:34.013 973-987/? I/Distortion: ovrDistortionMeshHeader::headsetModel = 0x40
2019-07-22 20:33:34.013 973-987/? I/Distortion: ovrDistortionMeshHeader::eyeBlocksWide = 32
2019-07-22 20:33:34.013 973-987/? I/Distortion: ovrDistortionMeshHeader::eyeBlocksHigh = 32
2019-07-22 20:33:34.013 973-987/? I/Distortion: ovrDistortionMeshHeader::lensSeparationMeters = 0.063500
2019-07-22 20:33:34.013 973-987/? I/Distortion: ovrDistortionMeshHeader::horizontalOffsetMeters = 0.000000
2019-07-22 20:33:34.013 973-987/? I/Distortion: ovrDistortionMeshHeader::displayWidthMeters = 0.120960
2019-07-22 20:33:34.013 973-987/? I/Distortion: ovrDistortionMeshHeader::displayHeightMeters = 0.068040
2019-07-22 20:33:34.013 973-987/? I/Distortion: ovrDistortionMeshHeader::displayWidthPixels = 2560
2019-07-22 20:33:34.013 973-987/? I/Distortion: ovrDistortionMeshHeader::displayHeightPixels = 1440
2019-07-22 20:33:34.013 973-987/? I/Distortion: ovrDistortionMeshHeader::eyeTextureWidthPixels = 1024
2019-07-22 20:33:34.013 973-987/? I/Distortion: ovrDistortionMeshHeader::eyeTextureHeightPixels = 1024
2019-07-22 20:33:34.013 973-987/? I/Distortion: ovrDistortionMeshHeader::leftEye = up 45.000000 / down 45.000000 / left 45.000000 / right 45.000000
2019-07-22 20:33:34.013 973-987/? I/Distortion: ovrDistortionMeshHeader::rightEye = up 45.000000 / down 45.000000 / left 45.000000 / right 45.000000
2019-07-22 20:33:34.013 973-987/? I/TrackingServiceClient: initialize
2019-07-22 20:33:34.014 973-987/? D/TrackingServiceClient: onInitialize
2019-07-22 20:33:34.014 973-987/? W/TrackingServiceClient: No package metadata available for android
2019-07-22 20:33:34.015 1567-1567/? I/PlatformPluginManager: onAppStart android false
2019-07-22 20:33:34.016 973-987/? I/InputHooks: InitializeInputHooks
2019-07-22 20:33:34.016 973-987/? I/InputHooks: InitializeInputHooks create
2019-07-22 20:33:34.016 973-987/? I/InputHooks: InitializeInputHookscreated calling init
2019-07-22 20:33:34.016 973-987/? I/InputHooks_Internal: SetReorientHMDOnControllerRecenter = false
2019-07-22 20:33:34.016 973-987/? I/InputHooks_Internal: SetBlockRemoteButtonsWhenNotEmulatingHMT = true
2019-07-22 20:33:34.016 973-987/? I/InputHooks_Internal: SetLatchBackButtonEntireFrame = true
2019-07-22 20:33:34.016 973-987/? I/VrApi: ----------- vrapi_Initialize [end] ----------
2019-07-22 20:33:34.015 1567-1567/? I/PlatformPluginManager: onAppStart - Stopping party chat passthrough
2019-07-22 20:33:34.017 1567-1567/? I/PlatformPlugin: [PlatformPluginManager] SetSystemVoipPassthrough 0
2019-07-22 20:33:34.017 1567-1567/? I/OVRPlatform: [PartyChat] PartyChatSetPassthrough 0
2019-07-22 20:33:34.017 1567-29044/? I/OVRPlatform: [PartyChat] Updating playback mode to 1
2019-07-22 20:33:34.018 1567-1567/? I/OVRPlatform: [PartiesAPI] ovr_Party_PluginGetSharedMemHandle: This function is deprecated, do not use
2019-07-22 20:33:34.037 1567-1567/? E/OVRMediaServiceManager: Not initialized
2019-07-22 20:33:34.044 973-987/? D/NonVrActivityIntentWrapper: Is Intent { act=android.intent.action.MAIN cat=[android.intent.category.LAUNCHER] flg=0x10000000 pkg=com.oculus.os.clearactivity cmp=com.oculus.os.clearactivity/.ClearActivity (has extras) }, a valid launch intent: true
2019-07-22 20:33:34.045 973-987/? I/ActivityManager: START u0 {act=android.intent.action.MAIN cat=[android.intent.category.LAUNCHER] flg=0x10000000 pkg=com.oculus.os.clearactivity cmp=com.oculus.os.clearactivity/.ClearActivity (has extras)} from uid 1000 on display 0
