2019-07-22 20:33:34.053 973-987/? D/ActivityTrigger: ActivityTrigger activityPauseTrigger 
2019-07-22 20:33:34.055 1665-1665/? D/[OAR] MainActivity: onPause()
2019-07-22 20:33:34.055 1665-1665/? I/[OAR] ShellVideoPlayer: onActivityPaused
2019-07-22 20:33:34.055 1665-1665/? D/OculusVideoPlayer: onPause()
2019-07-22 20:33:34.059 973-12826/? I/MediaFocusControl:  AudioFocus  abandonAudioFocus() from uid/pid 10021/1665 clientId=android.media.AudioManager@5ce1257com.oculus.video.OculusVideoPlayer@89e8144
2019-07-22 20:33:34.068 4385-4437/? I/RCTVR_HERMES: [info]: 'Library', [ 'global library update received' ]
2019-07-22 20:33:34.070 1665-1726/? I/[OAR] ShellApp: 0xca87a298 msg: pause
2019-07-22 20:33:34.070 1665-1726/? I/[OAR] ShellApp: Background
2019-07-22 20:33:34.070 1665-1726/? I/[OAR] PanelAppHost: OnBackground
2019-07-22 20:33:34.070 1665-1726/? I/[OAR] PanelAppHost: Panel app 3 (com.oculus.vrshell.home/com.oculus.vrshell.home.LibraryService) changing state from foreground to background
2019-07-22 20:33:34.070 1665-1726/? D/[OAR] MainActivity: notify OS to set com.oculus.vrshell.home/com.oculus.vrshell.home.LibraryService to BACKGROUND
2019-07-22 20:33:34.072 1958-2269/? I/RCTVR_HERMES: [info]: 'Library', [ 'global library update received' ]
2019-07-22 20:33:34.073 1958-2269/? I/RCTVR: JavaScript[0xc70bc4c8], Avg 10655.6132440960409, Max 11022391.7864039987, MaxInLast 26863.5905949994922
2019-07-22 20:33:34.073 1958-2269/? I/RCTVR_HERMES: Hermes Mem: numCollections 56, allocatedBytes 11760948, heapSize 22981856, va 16777216
2019-07-22 20:33:34.074 1665-1726/? I/[OAR] PanelAppHost: com.oculus.vrshell.home/com.oculus.vrshell.home.LibraryService:3 is now backgrounded due to: paused
2019-07-22 20:33:34.075 4385-4410/? I/RCTVR: AppState backgroundReason [paused]
2019-07-22 20:33:34.076 1665-1726/? I/[OAR] ShellApp: ShellApp::LeaveVrMode()
2019-07-22 20:33:34.076 1665-1726/? I/[OAR] AudioMixer: Waiting for sound effect to complete
2019-07-22 20:33:34.081 4385-4437/? I/RCTVR_HERMES: [info]: 'Analytics', { section_name: 'library',
      sub_section_name: 'unknown_sources',
      active_duration_ms: 2191.6689999997616,
      real_timestamp: 1563820414079,
      type: 'section_exit' }
2019-07-22 20:33:34.082 4385-4437/? I/RCTVR_HERMES: [info]: 'Analytics', { section_name: 'library',
      sub_section_name: 'unknown_sources',
      tile: 'home_launcher_tile_mini',
      target_type: 'launcher_tile_tutorial',
      active_duration_ms: 2179.527594000101,
      real_timestamp: 1563820414081,
      type: 'oculus_home_impression_tile' }
2019-07-22 20:33:34.087 4385-4437/? V/RCTVR_HERMES: [log]: 'Home', 'HomeGraphQueryUtils: fetching https://graph.oculus.com/graphql?forced_locale=de_DE&q=viewer()%7Buser%7Bdevice_preferences.device_id(%3Cdevice_id%3E)%7Bsessions_in_vr%7D%7D%7D&query_params=%7B%22device_id%22%3A%221ea56fd95349b43d%22%7D'
2019-07-22 20:33:34.088 4385-4437/? V/RCTVR_HERMES: [log]: 'Home', 'SessionsInVR: Failed to fetch.'
2019-07-22 20:33:34.108 973-29207/? I/VrApi: ---------- vrapi_EnterVrMode [start] ----------
2019-07-22 20:33:34.108 973-29207/? I/InputHooks_Internal: OculusButtonMappingOverride: 0
2019-07-22 20:33:34.109 973-29207/? D/InputHooksJava: Enabling Java Input Hooks
2019-07-22 20:33:34.109 973-29207/? W/InputHooksJava: Unable to enable input hooks on a non-Activity Context
2019-07-22 20:33:34.109 973-29207/? I/InputDeviceManager: ovrInputDeviceManager::Initialize
2019-07-22 20:33:34.112 973-29207/? I/ScreenCaptureHelper: GetScreenCaptureInhibitFlagFromVrHelper
2019-07-22 20:33:34.113 973-29207/? D/VRProviderHelper: Could not find provider
2019-07-22 20:33:34.113 973-29207/? D/TrackingServiceConnectionNative: onClientConnect
2019-07-22 20:33:34.113 973-29207/? D/BinderConnection: Connecting to TrackingService
2019-07-22 20:33:34.115 973-29207/? D/TrackingServiceConnectionNative: onConnected
2019-07-22 20:33:34.116 1337-1369/? I/TrackingService: TrackingService::getSharedMemoryFileDescriptor
2019-07-22 20:33:34.120 973-29207/? I/TrackingServiceClient: OVR::TrackingService::ClientSetInterface
2019-07-22 20:33:34.120 973-29207/? I/TrackingServiceClient: TrackingService client: roFd(260)
2019-07-22 20:33:34.121 973-29207/? I/TrackingServiceClient: TrackingService client: connected to interface version 7.
2019-07-22 20:33:34.121 973-29207/? I/TrackingServiceClient: TrackingService client: last prediction time is 0.000981 seconds old
2019-07-22 20:33:34.121 973-29207/? I/TrackingServiceClient: TrackingService client: provided by pid=1337
2019-07-22 20:33:34.121 1337-1752/? I/TrackingService: TrackingService::registerClient
2019-07-22 20:33:34.121 1337-1752/? I/TrackingService: Registering client with TrackingServiceHost
2019-07-22 20:33:34.123 1337-1752/? I/TrackingService: Notifying client pid 973 of new remote 53d2fe40aaa3be04
2019-07-22 20:33:34.123 973-29207/? D/TrackingServiceClient: TrackingServiceClient onRemoteConnected 53d2fe40aaa3be04
2019-07-22 20:33:34.124 1337-1752/? I/TrackingService: TrackingServiceHost GetSharedMemoryFileDescriptor for client pid 973
2019-07-22 20:33:34.124 1337-1752/? I/TrackingService: TrackingServiceHost registered common client; there are 0 secure clients
2019-07-22 20:33:34.124 973-29207/? I/TrackingServiceClient: ClientConnectComplete
2019-07-22 20:33:34.125 973-29207/? D/VrApi: targetSDKVersion 25
2019-07-22 20:33:34.125 973-29207/? I/VrApi: DEVICE MODEL NUMBER = Pacific
2019-07-22 20:33:34.125 973-29207/? I/VrApi: DEVICE HARDWARE = pacific
2019-07-22 20:33:34.125 973-29207/? I/VrApi: DEVICE BUILD NAME = user-256880.5390.0
2019-07-22 20:33:34.125 973-29207/? I/VrApi: DEVICE BUILD TYPE = user
2019-07-22 20:33:34.126 973-29207/? I/VrApi: DEVICE OS VERSION = 7.1.2
2019-07-22 20:33:34.126 973-29207/? I/VrApi: VRAPI VERSION = 1.1.23.0-145662328-145662328 Mar 12 2019 15:08:43 Development RELEASE
2019-07-22 20:33:34.127 973-29207/? I/VrApi: VRAPI LOADER VERSION = 1.1.15.0
2019-07-22 20:33:34.127 973-29207/? I/VrApi: APP NAME = Android-System
2019-07-22 20:33:34.127 973-29207/? I/VrApi: APP VERSION = 7.1.2 versionCode 25 internalVersionName <none>
2019-07-22 20:33:34.127 973-29207/? I/VrApi: APP VR TYPE = <none>
2019-07-22 20:33:34.127 973-29207/? I/VrApi: APP PACKAGE NAME = android
2019-07-22 20:33:34.127 973-29207/? I/VrApi: APP ACTIVITY CLASS = com.oculus.os.DialogContext
2019-07-22 20:33:34.127 973-29207/? I/VrApi: ovrModeParms::VRAPI_MODE_FLAG_ALLOW_POWER_SAVE = 1
2019-07-22 20:33:34.127 973-29207/? I/VrApi: ovrModeParms::VRAPI_MODE_FLAG_RESET_WINDOW_FULLSCREEN = 1
2019-07-22 20:33:34.127 973-29207/? I/VrApi: ovrModeParms::VRAPI_MODE_FLAG_NATIVE_WINDOW = 1
2019-07-22 20:33:34.127 973-29207/? I/VrApi: ovrModeParms::VRAPI_MODE_FLAG_FRONT_BUFFER_PROTECTED = 0
2019-07-22 20:33:34.127 973-29207/? I/VrApi: ovrModeParms::VRAPI_MODE_FLAG_FRONT_BUFFER_565 = 0
2019-07-22 20:33:34.127 973-29207/? I/VrApi: ovrModeParms::VRAPI_MODE_FLAG_FRONT_BUFFER_SRGB = 0
2019-07-22 20:33:34.127 973-29207/? I/VrApi: ovrModeParms::VRAPI_MODE_FLAG_CREATE_CONTEXT_NO_ERROR = 0
2019-07-22 20:33:34.127 973-29207/? I/VrApi: HMD sensor attached.
2019-07-22 20:33:34.130 625-625/? D/VrApiService: refresh-rate changed to 60Hz
2019-07-22 20:33:34.133 973-29207/? I/VrApi: Set Display(0) Refresh Rate = 60.000000
2019-07-22 20:33:34.133 973-29207/? D/BatteryReceiver: Registering battery receiver
2019-07-22 20:33:34.145 973-29207/? D/HeadsetReceiver: getCurrentHeadsetState: false
2019-07-22 20:33:34.145 973-29207/? I/DeviceStatus_Android: nativeHeadsetEvent(0)
2019-07-22 20:33:34.149 973-29207/? I/DeviceStatus_Android: nativeGamepadListener(0)
2019-07-22 20:33:34.150 973-29207/? I/TimeWarp: ---------------- TimeWarpLocal() ----------------
2019-07-22 20:33:34.157 1567-1567/? I/PlatformPluginManager: onAppStart android false
2019-07-22 20:33:34.158 4385-4410/? D/OculusLogger:  logEvent(vrshell_info, {{from_pkg=com.oculus.vrshell, device_type=PACIFIC, headset_type=PACIFIC, id=238666243259190, data=["global library update received"], session_id=b792853a-c929-4195-9c58-8e2d6f78c275, device_region=UNSPECIFIED, service_type=LIBRARY}}, false)
2019-07-22 20:33:34.159 4385-4410/? D/OculusLogger:  logEvent(section_exit, {{from_pkg=com.oculus.vrshell, device_type=PACIFIC, headset_type=PACIFIC, id=238666243259190, session_id=b792853a-c929-4195-9c58-8e2d6f78c275, device_region=UNSPECIFIED, sub_section_name=unknown_sources, active_duration_ms=2191.6689999997616, section_name=library, real_timestamp=1563820414079, service_type=LIBRARY}}, false)
2019-07-22 20:33:34.158 1567-1567/? I/PlatformPluginManager: onAppStart - Stopping party chat passthrough
2019-07-22 20:33:34.160 1567-1567/? I/PlatformPlugin: [PlatformPluginManager] SetSystemVoipPassthrough 0
2019-07-22 20:33:34.160 1567-1567/? I/OVRPlatform: [PartyChat] PartyChatSetPassthrough 0
2019-07-22 20:33:34.160 4385-4410/? D/OculusLogger:  logEvent(oculus_home_impression_tile, {{from_pkg=com.oculus.vrshell, device_type=PACIFIC, headset_type=PACIFIC, section_name=library, tile=home_launcher_tile_mini, service_type=LIBRARY, id=238666243259190, session_id=b792853a-c929-4195-9c58-8e2d6f78c275, device_region=UNSPECIFIED, target_type=launcher_tile_tutorial, sub_section_name=unknown_sources, active_duration_ms=2179.527594000101, real_timestamp=1563820414081}}, false)
2019-07-22 20:33:34.161 4385-4410/? I/panelapp: LE reactvr
2019-07-22 20:33:34.161 1567-29044/? I/OVRPlatform: [PartyChat] Updating playback mode to 1
2019-07-22 20:33:34.161 1567-1567/? I/OVRPlatform: [PartiesAPI] ovr_Party_PluginGetSharedMemHandle: This function is deprecated, do not use
2019-07-22 20:33:34.161 4385-4410/? D/OculusLogger:  logEvent(reactvr, {{device_type=PACIFIC, headset_type=PACIFIC, id=238666243259190, session_id=b792853a-c929-4195-9c58-8e2d6f78c275, uid=506, device_region=UNSPECIFIED, type=network_fetch_start, real_timestamp=1563820414088}}, false)
2019-07-22 20:33:34.163 4385-4437/? W/RCTVR_HERMES: [warn]: QEData empty or corrupt for sessionless__oculus_mobile_library_badge_updates_category_universe
2019-07-22 20:33:34.168 1567-1567/? E/OVRMediaServiceManager: Not initialized
2019-07-22 20:33:34.174 1665-29191/? I/Clocks: SetSchedFifo( tid=1726, pri=0 ) succeeded
2019-07-22 20:33:34.176 1665-29195/? I/[OAR] AudioMixer: Finishing mono effect
2019-07-22 20:33:34.176 1665-1726/? I/[OAR] AudioMixer: Waiting for sound effect to complete
2019-07-22 20:33:34.183 1567-1567/? I/PlatformPluginManager: enforcePartyChatStateConsistency - User not in a party.
2019-07-22 20:33:34.183 1567-1567/? I/PlatformPluginManager: stopPartyChat
2019-07-22 20:33:34.184 1567-1567/? I/PlatformPlugin: [PlatformPluginManager] Stopping party chat
2019-07-22 20:33:34.196 4385-4441/? I/RCTVRNET: Request complete: 'docid=' 'traceid=GO1/RT1opSm' code=400 time=107
2019-07-22 20:33:34.206 973-29207/? I/TimeWarp: CheckProfilerConnected: profiler 0
2019-07-22 20:33:34.206 973-29207/? I/TimeWarp: forceNumScreenSlices = 1
2019-07-22 20:33:34.206 973-29207/? I/TimeWarp: warpMeshClipMode = 1
2019-07-22 20:33:34.206 973-29207/? I/TimeWarp: colorScale: 1.000000 1.000000 1.000000
2019-07-22 20:33:34.206 973-29207/? I/Vsync: ---------------- Vsync::Init ----------------
2019-07-22 20:33:34.207 973-29207/? I/Vsync: Using VsyncModel 0
2019-07-22 20:33:34.209 973-29207/? I/Vsync: Opened /sys/class/graphics/fb0/vsync_event
2019-07-22 20:33:34.209 973-29207/? I/Clocks: UseVrsvc 1
2019-07-22 20:33:34.209 973-29207/? I/TimeWarp: OVR::Clocks thread started
2019-07-22 20:33:34.209 973-29207/? I/TimeWarp: Application context EGL_CONTEXT_CLIENT_VERSION = 3
2019-07-22 20:33:34.209 973-29207/? I/TimeWarp: TimeWarpAllocatedFrontBuffer = 1
2019-07-22 20:33:34.210 1665-29191/? I/Vsync: Vsync 3309628:  1 x 16.70 ms (71.82 Hz, at 45967.079)
2019-07-22 20:33:34.214 973-29207/? I/TimeWarp: display       cached=       0x0 new=       0x1
2019-07-22 20:33:34.214 973-29207/? I/TimeWarp: config        cached=       0x0 new=0x7f672d1f00
2019-07-22 20:33:34.214 973-29207/? I/TimeWarp: native_window cached=       0x0 new=0x7f65bb5e10
2019-07-22 20:33:34.214 973-29207/? I/TimeWarp: num_attribs   cached=         0 new=         0
2019-07-22 20:33:34.214 973-29207/? I/TimeWarp: attrib_list   cached=      1505 new=      1505
2019-07-22 20:33:34.222 973-29207/? I/TimeWarp: eglCreateWindowSurfaceCached: created new surface 0x7f6a22f600
2019-07-22 20:33:34.224 973-29207/? I/TimeWarp: ANativeWindow_GetFormat = HAL_PIXEL_FORMAT_RGBA_8888 (1)
2019-07-22 20:33:34.224 973-29207/? I/TimeWarp: frontBufferWidth = 2560
2019-07-22 20:33:34.224 973-29207/? I/TimeWarp: frontBufferHeight = 1440
2019-07-22 20:33:34.224 973-29207/? I/TimeWarp: frontBufferIsProtected = 0
2019-07-22 20:33:34.224 973-29207/? I/TimeWarp: frontBufferIs565 = 0
2019-07-22 20:33:34.225 973-29210/? I/TimeWarp: WarpThreadInit()
2019-07-22 20:33:34.225 973-29209/? I/Clocks: LockClocks( cpu=2, gpu=2 ) - start
2019-07-22 20:33:34.227 1665-29191/? I/Vsync: Vsync 3309629:  1 x 16.70 ms (71.82 Hz, at 45967.095)
2019-07-22 20:33:34.232 973-29209/? I/Clocks: CPU levels [0, 5]
2019-07-22 20:33:34.232 973-29209/? I/Clocks: GPU levels [0, 5]
2019-07-22 20:33:34.233 625-2625/? D/VrApiService: CPU_CLUSTER_0: Client 973 sends freq request [11, 11]
2019-07-22 20:33:34.234 625-2625/? D/VrApiService: CPU_CLUSTER_0: Next Perf Level = (13, 13)
2019-07-22 20:33:34.234 625-2625/? D/VrApiService: CPU_CLUSTER_1: Client 973 sends freq request [11, 11]
2019-07-22 20:33:34.234 625-2625/? D/VrApiService: CPU_CLUSTER_1: Next Perf Level = (13, 13)
2019-07-22 20:33:34.235 625-2625/? D/VrApiService: CPUBW: Client 973 sends freq request [8, 11]
2019-07-22 20:33:34.235 625-2625/? D/VrApiService: CPUBW: Next Perf Level = (8, 11)
2019-07-22 20:33:34.239 625-2625/? D/VrApiService: GPUBW: Client 973 sends freq request [9, 11]
2019-07-22 20:33:34.239 625-2625/? D/VrApiService: GPUBW: Next Perf Level = (9, 11)
2019-07-22 20:33:34.239 625-2625/? D/VrApiService: GPU: Client 973 sends freq request [2, 2]
2019-07-22 20:33:34.239 625-2625/? D/VrApiService: GPU: Next Perf Level = (2, 2)
2019-07-22 20:33:34.240 973-29209/? I/Clocks: LockClocks( cpu=2, gpu=2 ) - end (13.9 ms)
2019-07-22 20:33:34.241 973-29210/? I/Clocks: SetSchedFifo( tid=29210, pri=2 ) succeeded
2019-07-22 20:33:34.241 973-29209/? I/Clocks: ReleaseClocks - start
2019-07-22 20:33:34.243 973-29210/? I/TimeWarp: Context is EGL_CONTEXT_PRIORITY_HIGH_IMG
2019-07-22 20:33:34.243 625-739/? D/VrApiService: CPU_CLUSTER_0: Next Perf Level = (13, 13)
2019-07-22 20:33:34.243 625-739/? D/VrApiService: CPU_CLUSTER_1: Next Perf Level = (13, 13)
2019-07-22 20:33:34.244 625-739/? D/VrApiService: GPU: Next Perf Level = (2, 2)
2019-07-22 20:33:34.244 1665-29191/? I/Vsync: Vsync 3309630:  1 x 16.71 ms (71.82 Hz, at 45967.112)
2019-07-22 20:33:34.244 625-739/? D/VrApiService: CPUBW: Next Perf Level = (8, 11)
2019-07-22 20:33:34.245 973-29210/? I/GL_Utils: es3 = TRUE
2019-07-22 20:33:34.245 973-29210/? I/GL_Utils: Found: GL_OES_vertex_array_object
2019-07-22 20:33:34.245 973-29210/? I/GL_Utils: Found: GL_QCOM_tiled_rendering
2019-07-22 20:33:34.245 973-29210/? I/GL_Utils: Found: GL_EXT_sRGB_write_control
2019-07-22 20:33:34.245 973-29210/? I/GL_Utils: Found: GL_EXT_disjoint_timer_query
2019-07-22 20:33:34.245 973-29210/? I/GL_Utils: Found: GL_EXT_memory_object
2019-07-22 20:33:34.245 973-29210/? I/GL_Utils: Found: GL_EXT_memory_object_fd
2019-07-22 20:33:34.246 973-29210/? I/GL_Utils: Found: GL_QCOM_texture_foveated
2019-07-22 20:33:34.246 973-29210/? I/GL_Utils: Found: GL_KHR_debug
2019-07-22 20:33:34.246 973-29210/? I/GL_Utils: Found: GL_EXT_texture_border_clamp
2019-07-22 20:33:34.255 973-29210/? I/TimeWarp: frontBufferIsSrgb = 0
2019-07-22 20:33:34.255 973-29210/? I/DirectRender: 0x7f6a45ae98 DirectRender::Init(true)
2019-07-22 20:33:34.255 973-29210/? I/DirectRender: Performing an initial swapbuffers.
2019-07-22 20:33:34.258 625-739/? D/VrApiService: GPUBW: Next Perf Level = (9, 11)
2019-07-22 20:33:34.259 973-29210/? I/DirectRender: surface size: 2560 x 1440
2019-07-22 20:33:34.259 973-29210/? I/DirectRender: Clearing JNI Exceptions
2019-07-22 20:33:34.259 973-29210/? I/DirectRender: Supports KHR_mutable_render_buffer!
2019-07-22 20:33:34.261 1665-29191/? I/Vsync: Vsync 3309631:  1 x 16.71 ms (71.82 Hz, at 45967.130)
2019-07-22 20:33:34.261 973-29210/? I/DirectRender: Set EGL_RENDER_BUFFER to EGL_SINGLE_BUFFER
2019-07-22 20:33:34.264 973-29209/? I/Clocks: ReleaseClocks - end (22.3 ms)
2019-07-22 20:33:34.265 1567-1577/? I/art: Background sticky concurrent mark sweep GC freed 62948(5MB) AllocSpace objects, 2(40KB) LOS objects, 30% free, 13MB/18MB, paused 27.499ms total 151.626ms
2019-07-22 20:33:34.271 973-29210/? I/DirectRender: Enabled auto refresh mode
2019-07-22 20:33:34.276 973-29210/? I/DirectRender: TilerControl: 4
2019-07-22 20:33:34.276 973-29210/? I/DirectRender: Fullscreen
2019-07-22 20:33:34.276 1665-1726/? I/[OAR] AudioEngine: Setting FadeNextBuffer
2019-07-22 20:33:34.277 973-29210/? I/OSSDK: CalibrationManager: Using standalone implementation
2019-07-22 20:33:34.277 1665-29191/? I/Vsync: Vsync 3309632:  1 x 16.71 ms (71.82 Hz, at 45967.146)
2019-07-22 20:33:34.279 973-29210/? W/OsSdk: Couldn't find calibration data for LDISP_SN
2019-07-22 20:33:34.280 973-29210/? W/OsSdk: Couldn't find calibration data for RDISP_SN
2019-07-22 20:33:34.281 973-29210/? I/Distortion: Loaded distortion file from Calibration Manager
2019-07-22 20:33:34.281 973-29210/? I/Distortion: ovrDistortionMeshHeader::magic = 0x56347807
2019-07-22 20:33:34.281 973-29210/? I/Distortion: ovrDistortionMeshHeader::deviceModel = 0x40
2019-07-22 20:33:34.281 973-29210/? I/Distortion: ovrDistortionMeshHeader::headsetModel = 0x40
2019-07-22 20:33:34.281 973-29210/? I/Distortion: ovrDistortionMeshHeader::eyeBlocksWide = 32
2019-07-22 20:33:34.281 973-29210/? I/Distortion: ovrDistortionMeshHeader::eyeBlocksHigh = 32
2019-07-22 20:33:34.281 973-29210/? I/Distortion: ovrDistortionMeshHeader::lensSeparationMeters = 0.063500
2019-07-22 20:33:34.281 973-29210/? I/Distortion: ovrDistortionMeshHeader::horizontalOffsetMeters = 0.000000
2019-07-22 20:33:34.281 973-29210/? I/Distortion: ovrDistortionMeshHeader::displayWidthMeters = 0.120960
2019-07-22 20:33:34.281 973-29210/? I/Distortion: ovrDistortionMeshHeader::displayHeightMeters = 0.068040
2019-07-22 20:33:34.281 973-29210/? I/Distortion: ovrDistortionMeshHeader::displayWidthPixels = 2560
2019-07-22 20:33:34.281 973-29210/? I/Distortion: ovrDistortionMeshHeader::displayHeightPixels = 1440
2019-07-22 20:33:34.281 973-29210/? I/Distortion: ovrDistortionMeshHeader::eyeTextureWidthPixels = 1024
2019-07-22 20:33:34.281 973-29210/? I/Distortion: ovrDistortionMeshHeader::eyeTextureHeightPixels = 1024
2019-07-22 20:33:34.281 973-29210/? I/Distortion: ovrDistortionMeshHeader::leftEye = up 45.000000 / down 45.000000 / left 45.000000 / right 45.000000
2019-07-22 20:33:34.281 973-29210/? I/Distortion: ovrDistortionMeshHeader::rightEye = up 45.000000 / down 45.000000 / left 45.000000 / right 45.000000
2019-07-22 20:33:34.281 973-29210/? I/DistortionMesh: LoadDistortionMeshFromMemory
2019-07-22 20:33:34.282 973-29210/? I/DistortionMesh: distortion mesh clipping saved 27.97% fill
2019-07-22 20:33:34.283 973-29210/? I/TimeWarp: EYE_DECENTER using calibration offsets
2019-07-22 20:33:34.283 973-29210/? I/OSSDK: CalibrationManager: Using standalone implementation
2019-07-22 20:33:34.289 973-29210/? W/OsSdk: Couldn't find calibration data for LDISP_SN
2019-07-22 20:33:34.290 973-29210/? W/OsSdk: Couldn't find calibration data for RDISP_SN
2019-07-22 20:33:34.291 973-29210/? W/OsSdk: Couldn't find calibration data for calibration/display/left/left_screen_offset.json
2019-07-22 20:33:34.291 973-29210/? W/TimeWarp: EYE_DECENTER failure to find left eye data
2019-07-22 20:33:34.292 973-29210/? W/OsSdk: Couldn't find calibration data for calibration/display/right/right_screen_offset.json
2019-07-22 20:33:34.292 973-29210/? W/TimeWarp: EYE_DECENTER failure to find right eye data
2019-07-22 20:33:34.292 973-29210/? I/TimeWarp: EYE_DECENTER left H: 0 V: 0  right H: 0 V: 0
2019-07-22 20:33:34.293 973-29210/? D/VrApiNotificationReceiverHelper: initializeForContext
2019-07-22 20:33:34.294 1665-29191/? I/Vsync: Vsync 3309633:  1 x 16.71 ms (71.82 Hz, at 45967.162)
2019-07-22 20:33:34.294 973-29210/? I/SurfaceTextureNotifier: Allocated shared memory fd 262
2019-07-22 20:33:34.295 973-29210/? I/NotificationSurfaceBroadcastReceiver: Registering com.oculus.vrdriver.new_notification_to_show
2019-07-22 20:33:34.295 973-29210/? I/NotificationSurfaceBroadcastReceiver: Registering com.oculus.vrdriver.teardown_notification
2019-07-22 20:33:34.295 973-29210/? I/NotificationSurfaceBroadcastReceiver: Registering com.oculus.vrdriver.block_input_for_overlay
2019-07-22 20:33:34.295 973-29210/? I/ScreenCapture: Create ScreenCapture object
2019-07-22 20:33:34.295 973-29210/? D/Appshot: init android
2019-07-22 20:33:34.296 1665-29195/? I/[OAR] AudioEngine: Fading final buffer
2019-07-22 20:33:34.305 973-29210/? I/TimeWarpProgs: [0x7f6a463798] Built layerProgram 0x40003 (texture type 0) in 7.3 ms
2019-07-22 20:33:34.310 973-29210/? I/TimeWarpProgs: [0x7f6a463798] Built layerProgram 0x4440007 (texture type 0) in 4.4 ms
2019-07-22 20:33:34.310 973-29210/? I/TimeWarp: WarpThreadInit() - End
2019-07-22 20:33:34.310 973-29207/? I/TimeWarp: -------------- TimeWarpLocal() End --------------
2019-07-22 20:33:34.310 1665-29191/? I/Vsync: Vsync 3309634:  1 x 16.70 ms (71.82 Hz, at 45967.179)
2019-07-22 20:33:34.320 973-29207/? W/ContextImpl: Calling a method in the system process without a qualified user: android.app.ContextImpl.startService:1357 android.content.ContextWrapper.startService:613 android.content.ContextWrapper.startService:613 com.oculus.vrapi.ScreenCaptureHelper.advertiseStreamablePackage:54 <bottom of call stack> 
2019-07-22 20:33:34.327 1665-29191/? I/Vsync: Vsync 3309635:  1 x 16.72 ms (71.82 Hz, at 45967.196)
2019-07-22 20:33:34.333 973-29207/? I/ScreenCaptureHelper: Advertising android as streamable
2019-07-22 20:33:34.335 973-29207/? I/VrApi: OVR::Stats thread started
2019-07-22 20:33:34.335 1567-1567/? I/OVRMediaService: onStartCommand Received message type: set_package_name, caller package: null
2019-07-22 20:33:34.338 1567-1567/? I/OVRMediaService: Got package name intent (android)
2019-07-22 20:33:34.339 973-29207/? I/VrApi: System brightness = 255
2019-07-22 20:33:34.344 1665-29191/? I/Vsync: Vsync 3309636:  1 x 16.70 ms (71.82 Hz, at 45967.213)
2019-07-22 20:33:34.345 973-29212/? D/VrApi: targetSDKVersion 25
2019-07-22 20:33:34.345 973-29212/? I/Metrics: device name = Oculus Pacific
2019-07-22 20:33:34.351 973-29207/? I/VrApi: Set brightness to 255
2019-07-22 20:33:34.353 1567-1567/? I/PlatformPluginManager: onAppStart android false
2019-07-22 20:33:34.355 973-29207/? I/VrApi: Set DND mode to false
2019-07-22 20:33:34.356 1567-1567/? I/PlatformPluginManager: onAppStart - Stopping party chat passthrough
2019-07-22 20:33:34.356 1567-1567/? I/PlatformPlugin: [PlatformPluginManager] SetSystemVoipPassthrough 0
2019-07-22 20:33:34.357 1567-1567/? I/OVRPlatform: [PartyChat] PartyChatSetPassthrough 0
2019-07-22 20:33:34.358 1567-29044/? I/OVRPlatform: [PartyChat] Updating playback mode to 1
2019-07-22 20:33:34.358 1567-1567/? I/OVRPlatform: [PartiesAPI] ovr_Party_PluginGetSharedMemHandle: This function is deprecated, do not use
2019-07-22 20:33:34.361 1665-29191/? I/Vsync: Vsync 3309637:  1 x 16.72 ms (71.82 Hz, at 45967.229)
2019-07-22 20:33:34.368 613-613/? D/SettingsService: Setting value retrieved from db [managed_device : -1]
2019-07-22 20:33:34.370 1567-1567/? E/OVRMediaServiceManager: Not initialized
2019-07-22 20:33:34.371 1567-1567/? I/PlatformPluginManager: enforcePartyChatStateConsistency - User not in a party.
2019-07-22 20:33:34.371 1567-1567/? I/PlatformPluginManager: stopPartyChat
2019-07-22 20:33:34.371 1567-1567/? I/PlatformPlugin: [PlatformPluginManager] Stopping party chat
2019-07-22 20:33:34.377 1665-1726/? I/[OAR] AudioEngine: Stopping player
2019-07-22 20:33:34.377 1665-29191/? I/Vsync: Vsync 3309638:  1 x 16.68 ms (71.82 Hz, at 45967.246)
2019-07-22 20:33:34.394 1665-29191/? I/Vsync: Vsync 3309639:  1 x 16.71 ms (71.82 Hz, at 45967.263)
2019-07-22 20:33:34.411 1665-29191/? I/Vsync: Vsync 3309640:  1 x 16.71 ms (71.82 Hz, at 45967.279)
2019-07-22 20:33:34.412 973-982/? I/art: Background partial concurrent mark sweep GC freed 45615(2MB) AllocSpace objects, 20(1456KB) LOS objects, 33% free, 13MB/20MB, paused 1.220ms total 115.387ms
2019-07-22 20:33:34.412 973-29207/? I/VrApi: System DND mode = false
2019-07-22 20:33:34.413 973-29207/? W/VrApi: Can't set FLAG_FULLSCREEN without an Activity
2019-07-22 20:33:34.413 973-29207/? I/InputDeviceManager: ovrInputDeviceManager::SetRemoteConnected - hardwareID = 53d2fe40aaa3be04, modelID = 2005
2019-07-22 20:33:34.413 973-29207/? I/InputDeviceManager: ovrInputDeviceManager::CreateDevice - hardwareID = 53d2fe40aaa3be04, modelID = 2005
2019-07-22 20:33:34.413 973-29207/? I/InputDeviceManager: ovrInputDeviceManager::AllocDevice - hardwareID = 53d2fe40aaa3be04, modelID = 2005
2019-07-22 20:33:34.413 973-29207/? I/VrApi: ---------- vrapi_EnterVrMode [end] ----------
2019-07-22 20:33:34.427 1665-29191/? I/Vsync: Vsync 3309641:  1 x 16.71 ms (71.82 Hz, at 45967.296)
2019-07-22 20:33:34.430 1665-29191/? I/Clocks: SetSchedFifo( tid=1726, pri=1 ) succeeded
2019-07-22 20:33:34.432 1665-1726/? I/TimeWarpProgs: [0xc89e6990] Built layerProgram 0x4440065 (texture type 0) in 14.4 ms
2019-07-22 20:33:34.432 973-29207/? I/DynamicClockLevelScaler: Start: forcing GPU utilization
2019-07-22 20:33:34.433 4385-4437/? W/RCTVR_HERMES: [warn]: QEData empty or corrupt for sessionless__oculus_vrshell_aui_library_badge_universe
2019-07-22 20:33:34.433 973-29207/? I/InputHooks_Internal: SetInhibitHandleLongPress = true
2019-07-22 20:33:34.433 973-29207/? I/GazeTimer: (45967.3015) CancelTimer
2019-07-22 20:33:34.433 973-29207/? I/InputHooks_Internal: SetInhibitHandleHomeKey = true
2019-07-22 20:33:34.444 1665-29191/? I/Vsync: Vsync 3309642:  1 x 16.71 ms (71.82 Hz, at 45967.313)
2019-07-22 20:33:34.447 1665-29191/? I/Clocks: SetSchedFifo( tid=1726, pri=0 ) succeeded
2019-07-22 20:33:34.461 1665-29191/? I/Vsync: Vsync 3309643:  1 x 16.70 ms (71.82 Hz, at 45967.329)
2019-07-22 20:33:34.461 1665-1726/? I/[OAR] ModelDef: Destroying ModelFileModel assets/go_controller.ovrscene
2019-07-22 20:33:34.477 1665-29191/? I/Vsync: Vsync 3309644:  1 x 16.71 ms (71.82 Hz, at 45967.346)
2019-07-22 20:33:34.481 1665-1726/? I/VrApi: ---------- vrapi_LeaveVrMode [start] ----------
2019-07-22 20:33:34.481 1665-1726/? I/TrackingServiceClient: OVR::TrackingService::ClientSetInterface
2019-07-22 20:33:34.481 1665-1726/? D/TrackingServiceClient: onClientDisconnect
2019-07-22 20:33:34.481 1665-1726/? D/TrackingServiceConnectionNative: onClientDisconnect
2019-07-22 20:33:34.482 1337-1369/? I/TrackingService: Unregistering client by ITrackingService.unregisterClient
2019-07-22 20:33:34.482 1337-1369/? I/TrackingService: TrackingServiceHost Unregistering client: pid 1665
2019-07-22 20:33:34.482 1665-1726/? D/BinderConnection: Disconnecting from TrackingService service
2019-07-22 20:33:34.482 1665-1726/? D/TrackingServiceConnectionNative: onDisconnected
2019-07-22 20:33:34.482 1665-1726/? D/TrackingServiceClient: TrackingServiceConnection mConnectedRemotes.clear()
2019-07-22 20:33:34.482 1665-1726/? I/TrackingServiceClient: OVR::TrackingService::ClientSetInterface
2019-07-22 20:33:34.482 1665-1726/? I/InputDeviceManager: ovrInputDeviceManager::Shutdown
2019-07-22 20:33:34.492 1665-29193/? I/VrApi: FPS=72,Prd=34ms,Tear=0,Early=0,Stale=0,VSnc=1,Lat=0,Fov=0,CPU2/GPU=3/2,1286/315MHz,OC=F,TA=F/C/0,SP=F/N/N,Mem=1296MHz,Free=976MB,PSM=0,PLS=0,Temp=27.5C/0.0C,TW=3.89ms,App=0.84ms,GD=0.00ms
2019-07-22 20:33:34.494 1665-29191/? I/Vsync: Vsync 3309645:  1 x 16.71 ms (71.82 Hz, at 45967.363)
2019-07-22 20:33:34.494 1665-29189/? I/InputHooks_Internal: InputHooksThreadRun ShutdownRequest received
2019-07-22 20:33:34.496 1665-1726/? D/InputHooksJava: Disabling Java Input Hooks
2019-07-22 20:33:34.499 1665-1726/? D/BatteryReceiver: Unregistering battery receiver
2019-07-22 20:33:34.506 1665-1726/? D/VrApi: targetSDKVersion 27
2019-07-22 20:33:34.509 1665-1726/? I/VrApi: DEVICE MODEL NUMBER = Pacific
2019-07-22 20:33:34.509 1665-1726/? I/VrApi: DEVICE HARDWARE = pacific
2019-07-22 20:33:34.509 1665-1726/? I/VrApi: DEVICE BUILD NAME = user-256880.5390.0
2019-07-22 20:33:34.509 1665-1726/? I/VrApi: DEVICE BUILD TYPE = user
2019-07-22 20:33:34.509 1665-1726/? I/VrApi: DEVICE OS VERSION = 7.1.2
2019-07-22 20:33:34.509 1665-1726/? I/VrApi: VRAPI VERSION = 1.1.23.0-145662328-145662328 Mar 12 2019 15:08:52 Development RELEASE
2019-07-22 20:33:34.509 1665-1726/? I/VrApi: VRAPI LOADER VERSION = 1.1.16.0
2019-07-22 20:33:34.509 1665-1726/? I/VrApi: APP NAME = Oculus App Runtime
2019-07-22 20:33:34.509 1665-1726/? I/VrApi: APP VERSION = 3.12.31 versionCode 152555004 internalVersionName 3.12.31.c5c5d49cbcf3 2019_04_30_18_56
2019-07-22 20:33:34.509 1665-1726/? I/VrApi: APP VR TYPE = vr_only
2019-07-22 20:33:34.509 1665-1726/? I/VrApi: APP PACKAGE NAME = com.oculus.vrshell
2019-07-22 20:33:34.509 1665-1726/? I/VrApi: APP ACTIVITY CLASS = com.oculus.vrshell.MainActivity
2019-07-22 20:33:34.511 1665-29191/? I/Vsync: Vsync 3309646:  1 x 16.70 ms (71.82 Hz, at 45967.379)
2019-07-22 20:33:34.514 1567-1567/? I/PlatformPluginManager: enforcePartyChatStateConsistency - User not in a party.
2019-07-22 20:33:34.514 1567-1567/? I/PlatformPluginManager: stopPartyChat
2019-07-22 20:33:34.514 1567-1567/? I/PlatformPlugin: [PlatformPluginManager] Stopping party chat
2019-07-22 20:33:34.527 1665-29191/? I/Vsync: Vsync 3309647:  1 x 16.72 ms (71.82 Hz, at 45967.396)
2019-07-22 20:33:34.544 1665-29191/? I/Vsync: Vsync 3309648:  1 x 16.69 ms (71.82 Hz, at 45967.413)
2019-07-22 20:33:34.551 1567-1582/? W/SDKLoggingService: Unable to update activity ms com.oculus.vrshell, not in library.
2019-07-22 20:33:34.555 613-2705/? D/SettingsService: Setting value retrieved from db [managed_device : -1]
2019-07-22 20:33:34.557 973-986/? W/ActivityManager: Activity pause timeout for ActivityRecord{c244914 u0 com.oculus.vrshell/.MainActivity t3297}
2019-07-22 20:33:34.561 1665-29191/? I/Vsync: Vsync 3309649:  1 x 16.71 ms (71.82 Hz, at 45967.429)
2019-07-22 20:33:34.561 1665-1726/? I/VrApi: OVR::Stats thread stopped
2019-07-22 20:33:34.561 1665-29190/? I/Clocks: ReleaseClocks - start
2019-07-22 20:33:34.563 625-2625/? D/VrApiService: CPU_CLUSTER_0: No client requests exists, release clocks
2019-07-22 20:33:34.567 625-2625/? D/VrApiService: CPU_CLUSTER_1: No client requests exists, release clocks
2019-07-22 20:33:34.567 625-2625/? D/VrApiService: GPU: No client requests exists, release clocks
2019-07-22 20:33:34.567 625-2625/? D/VrApiService: CPUBW: No client requests exists, release clocks
2019-07-22 20:33:34.569 625-2625/? D/VrApiService: GPUBW: No client requests exists, release clocks
2019-07-22 20:33:34.569 1665-29190/? I/Clocks: ReleaseClocks - end (7.6 ms)
2019-07-22 20:33:34.569 1665-1726/? I/TimeWarp: ------------- ~TimeWarpLocal() Start -------------
2019-07-22 20:33:34.569 1665-1726/? I/TimeWarp: pthread_join() called
2019-07-22 20:33:34.577 1665-29191/? I/Vsync: Vsync 3309650:  1 x 16.73 ms (71.82 Hz, at 45967.446)
2019-07-22 20:33:34.577 1665-29191/? I/TimeWarp: ShutdownRequest received
2019-07-22 20:33:34.577 1665-29191/? I/TimeWarp: WarpThreadShutdown()
2019-07-22 20:33:34.584 1665-29191/? I/ScreenCapture: Destroy ScreenCapture object
2019-07-22 20:33:34.584 1665-29191/? D/Appshot: release com.oculus.vrshell
2019-07-22 20:33:34.584 1665-29191/? I/TimeWarp: [0xc89e6990] Destroying 4 layer programs (texture type 0)
2019-07-22 20:33:34.585 1665-29191/? I/TimeWarp: [0xc89e6990] Destroying 1 layer programs (texture type 2)
2019-07-22 20:33:34.585 1665-29191/? I/TimeWarp: [0xc89e6990] Destroying 1 layer programs (texture type 3)
2019-07-22 20:33:34.585 1665-29191/? I/TimeWarp: [0xc89e69e0] Destroying 2 layer programs (texture type 0)
2019-07-22 20:33:34.585 1665-29191/? I/DirectRender: 0xc89de400 DirectRender::Shutdown
2019-07-22 20:33:34.585 1665-29191/? I/DirectRender: Restoring EGL_RENDER_BUFFER to 12420
2019-07-22 20:33:34.589 1665-29191/? I/DirectRender: VrSurfaceManager::Shutdown
2019-07-22 20:33:34.590 1665-29191/? I/TimeWarp: WarpThreadShutdown() - End
2019-07-22 20:33:34.590 1665-29191/? I/TimeWarp: Exiting WarpThreadLoop()
2019-07-22 20:33:34.591 1665-1726/? I/TimeWarp: pthread_join() returned
2019-07-22 20:33:34.591 1665-1726/? I/TimeWarp: eglDestroySurface()
2019-07-22 20:33:34.595 1665-1726/? I/TimeWarp: OVR::Clocks thread stopped
2019-07-22 20:33:34.595 1665-1726/? I/Vsync: ---------------- Vsync::Shutdown ----------------
2019-07-22 20:33:34.595 1665-1726/? I/Vsync: Measured display refresh rate = 71.82 Hz
2019-07-22 20:33:34.596 1665-1726/? I/Vsync: Closed /sys/class/graphics/fb0/vsync_event
2019-07-22 20:33:34.596 1665-1726/? I/TimeWarp: ------------- ~TimeWarpLocal() End -------------
2019-07-22 20:33:34.596 1665-1726/? I/VrApi: ---------- vrapi_LeaveVrMode [end] ----------
2019-07-22 20:33:34.596 1665-1726/? I/VrIntegration: ------------ vrintegration_Shutdown -----------
2019-07-22 20:33:34.596 1665-1726/? I/[OAR] ShellFrameAnalytics: ShellFrame frameFunction: 13911us/16918590us, trace: 0us/47us, process commands: 138us/6616us, system update: 519us/25191us, render 237us/8195us, post render 1us/4us
2019-07-22 20:33:34.602 973-29209/? I/Clocks: LockClocks( cpu=1, gpu=1 ) - start
2019-07-22 20:33:34.606 973-29209/? I/Clocks: CPU levels [0, 5]
2019-07-22 20:33:34.606 973-29209/? I/Clocks: GPU levels [0, 5]
2019-07-22 20:33:34.607 625-625/? D/VrApiService: CPU_CLUSTER_0: Client 973 sends freq request [10, 10]
2019-07-22 20:33:34.608 625-625/? D/VrApiService: CPU_CLUSTER_0: Next Perf Level = (10, 10)
2019-07-22 20:33:34.614 625-625/? D/VrApiService: CPU_CLUSTER_1: Client 973 sends freq request [10, 10]
2019-07-22 20:33:34.614 625-625/? D/VrApiService: CPU_CLUSTER_1: Next Perf Level = (10, 10)
2019-07-22 20:33:34.619 625-625/? D/VrApiService: CPUBW: Client 973 sends freq request [8, 11]
2019-07-22 20:33:34.620 625-625/? D/VrApiService: CPUBW: Next Perf Level = (8, 11)
2019-07-22 20:33:34.624 625-625/? D/VrApiService: GPUBW: Client 973 sends freq request [9, 11]
2019-07-22 20:33:34.624 625-625/? D/VrApiService: GPUBW: Next Perf Level = (9, 11)
2019-07-22 20:33:34.624 625-625/? D/VrApiService: GPU: Client 973 sends freq request [1, 1]
2019-07-22 20:33:34.624 625-625/? D/VrApiService: GPU: Next Perf Level = (1, 1)
2019-07-22 20:33:34.626 973-29209/? I/Clocks: LockClocks( cpu=1, gpu=1 ) - end (24.3 ms)
2019-07-22 20:33:34.631 973-29207/? I/TimeWarpProgs: [0x7f6a4636f8] Built layerProgram 0x4440004 (texture type 3) in 10.3 ms
2019-07-22 20:33:34.641 973-29207/? I/TimeWarpProgs: [0x7f6a4636f8] Built layerProgram 0x4440007 (texture type 0) in 10.3 ms
2019-07-22 20:33:34.647 973-29207/? I/TimeWarpProgs: [0x7f6a4636f8] Built layerProgram 0x4448003 (texture type 0) in 5.8 ms
2019-07-22 20:33:34.653 973-29210/? I/TimeWarp: Waited 0.343 seconds for first call to warp swap.
2019-07-22 20:33:34.653 973-29210/? I/TimeWarp: Waited 0.000 seconds for first vsync.
2019-07-22 20:33:34.653 973-29210/? I/TimeWarp: Setting global CAC to 1
2019-07-22 20:33:34.711 973-29210/? I/TimeWarpProgs: [0x7f6a463798] Built layerProgram 0x4448007 (texture type 0) in 6.1 ms
2019-07-22 20:33:34.719 973-29207/? I/TimeWarpProgs: [0x7f6a4636f8] Built layerProgram 0x4448007 (texture type 0) in 8.7 ms
2019-07-22 20:33:34.721 973-993/? I/ActivityManager: Displayed com.oculus.os.clearactivity/.ClearActivity: +158ms
2019-07-22 20:33:34.721 973-29210/? I/TimeWarp: Tear: 0.057321
2019-07-22 20:33:34.722 973-29210/? I/Vsync: Vsync 2758055:  5 x 16.71 ms (59.98 Hz, at 45967.590)
2019-07-22 20:33:34.722 973-29210/? I/TimeWarp: Adjusting 2758055.05 > 2758052 to 2758055
2019-07-22 20:33:34.723 973-986/? D/ActivityTrigger: ActivityTrigger activityStopTrigger 
2019-07-22 20:33:34.815 1665-1665/? D/[OAR] MainActivity: com.oculus.vrshell.MainActivity@90fbc81 surfaceDestroyed()
2019-07-22 20:33:34.829 1665-1665/? I/[OAR] ShellMain:     looperMessageQueue->SendPrintf("surfaceDestroyed ")
2019-07-22 20:33:34.829 1665-1726/? I/[OAR] ShellApp: 0xca87a298 msg: surfaceDestroyed
2019-07-22 20:33:34.829 1665-1665/? I/[OAR] ShellMain:     ANativeWindow_release(nativeWindow)
2019-07-22 20:33:34.861 973-982/? I/art: Background partial concurrent mark sweep GC freed 2507(146KB) AllocSpace objects, 0(0B) LOS objects, 33% free, 21MB/31MB, paused 3.840ms total 110.831ms
2019-07-22 20:33:35.435 973-29207/? I/TimeWarpProgs: [0x7f6a4636f8] Built layerProgram 0x4448005 (texture type 0) in 9.9 ms
2019-07-22 20:33:35.456 973-29210/? I/TimeWarpProgs: [0x7f6a463798] Built layerProgram 0x4448005 (texture type 0) in 5.7 ms
2019-07-22 20:33:35.457 973-29210/? I/TimeWarp: Tear: 0.008013
2019-07-22 20:33:35.458 973-29210/? I/Vsync: Vsync 2758099:  2 x 16.71 ms (59.86 Hz, at 45968.326)
2019-07-22 20:33:35.468 973-29213/? I/UtilPoller: GPU Util 0.238070 / CPU Util 0.995789 (avg 0.790174)
2019-07-22 20:33:35.478 973-29209/? I/Clocks: ReleaseClocks - start
2019-07-22 20:33:35.480 625-739/? D/VrApiService: CPU_CLUSTER_0: No client requests exists, release clocks
2019-07-22 20:33:35.482 625-739/? D/VrApiService: CPU_CLUSTER_1: No client requests exists, release clocks
2019-07-22 20:33:35.483 625-739/? D/VrApiService: GPU: No client requests exists, release clocks
2019-07-22 20:33:35.483 625-739/? D/VrApiService: CPUBW: No client requests exists, release clocks
2019-07-22 20:33:35.484 625-739/? D/VrApiService: GPUBW: No client requests exists, release clocks
2019-07-22 20:33:35.485 973-29209/? I/Clocks: ReleaseClocks - end (5.8 ms)
2019-07-22 20:33:35.485 973-29209/? I/Clocks: LockClocks( cpu=2, gpu=1 ) - start
2019-07-22 20:33:35.485 973-29209/? I/Clocks: CPU levels [0, 5]
2019-07-22 20:33:35.485 973-29209/? I/Clocks: GPU levels [0, 5]
2019-07-22 20:33:35.486 625-625/? D/VrApiService: CPU_CLUSTER_0: Client 973 sends freq request [11, 11]
2019-07-22 20:33:35.486 625-625/? D/VrApiService: CPU_CLUSTER_0: Next Perf Level = (11, 11)
2019-07-22 20:33:35.486 625-625/? D/VrApiService: CPU_CLUSTER_1: Client 973 sends freq request [11, 11]
2019-07-22 20:33:35.486 625-625/? D/VrApiService: CPU_CLUSTER_1: Next Perf Level = (11, 11)
2019-07-22 20:33:35.489 625-625/? D/VrApiService: CPUBW: Client 973 sends freq request [8, 11]
2019-07-22 20:33:35.489 625-625/? D/VrApiService: CPUBW: Next Perf Level = (8, 11)
2019-07-22 20:33:35.490 625-625/? D/VrApiService: GPUBW: Client 973 sends freq request [9, 11]
2019-07-22 20:33:35.490 625-625/? D/VrApiService: GPUBW: Next Perf Level = (9, 11)
2019-07-22 20:33:35.490 625-625/? D/VrApiService: GPU: Client 973 sends freq request [1, 1]
2019-07-22 20:33:35.491 625-625/? D/VrApiService: GPU: Next Perf Level = (1, 1)
2019-07-22 20:33:35.491 973-29209/? I/Clocks: LockClocks( cpu=2, gpu=1 ) - end (6.2 ms)
2019-07-22 20:33:35.554 973-29212/? I/Telemetry: App memory usage: PSS=272MB
2019-07-22 20:33:35.557 973-29212/? I/VrApi: FPS=1,Prd=1477ms,Tear=0,Early=0,Stale=0,VSnc=1,Lat=0,Fov=0,CPU2/GPU=1/1,1056/214MHz,OC=F,TA=E/0/0,SP=F/N/N,Mem=1017MHz,Free=870MB,PSM=0,PLS=0,Temp=27.5C/25.0C,TW=3.81ms,App=1.48ms,GD=0.00ms
2019-07-22 20:33:36.188 1322-1322/? D/VRPowerManagerService: processing message: sensor changed
2019-07-22 20:33:36.189 1322-1322/? I/VRPowerManagerService: transition from HEADSET_MOUNTED to HEADSET_UNMOUNTED
2019-07-22 20:33:36.191 1281-1803/? D/VRPowerManagerClient: Headset state: 3
2019-07-22 20:33:36.192 1281-1803/? V/ControllerNotifications: Handling unmount notification
2019-07-22 20:33:36.193 1337-1385/? D/TrackingService: Received transition request to STANDBY current is RUNNING
2019-07-22 20:33:36.193 468-1475/? D/audio_hw_primary: adev_set_mic_mute state 0
2019-07-22 20:33:36.193 1337-1385/? D/TrackingService: Executing transition from RUNNING to STANDBY
2019-07-22 20:33:36.193 1337-1385/? D/TrackingService: Setting power state to STANDBY
2019-07-22 20:33:36.199 1567-1844/? W/VRLifecycleManager: onHeadsetUnmounted
2019-07-22 20:33:36.199 1567-29051/? I/VRLifecycleSessionManager: Stored session info.
2019-07-22 20:33:36.202 1567-1844/? I/PlatformPluginManager: setHeadsetMountState: false
2019-07-22 20:33:36.204 1567-29051/? W/VRLifecycleManager: onHeadsetUnmounted
2019-07-22 20:33:36.204 1567-1844/? I/OVRPlatform: [AudioManager] SetHeadsetMounted: false
2019-07-22 20:33:36.204 1567-1844/? I/OVRPlatform: [AudioManager] Current headsetMounted_ false
2019-07-22 20:33:36.204 1567-1844/? I/OVRPlatform: [AudioManager] Current headphoneStatus_: DISCONNECTED
2019-07-22 20:33:36.204 1567-1844/? I/OVRPlatform: [PartyChat] Setting connection MicrophoneMutedState MUTED
2019-07-22 20:33:36.204 1567-1844/? I/MountStatusPoller: mounted false
2019-07-22 20:33:36.204 1567-29044/? I/OVRPlatform: [PartyChat] Updating playback mode to 0
2019-07-22 20:33:36.205 973-29207/? I/VrApi: ovr_HandleHmdEvents: HMT was UNmounted
2019-07-22 20:33:36.211 1567-29051/? I/MountStatusPoller: mounted false
2019-07-22 20:33:36.394 973-29212/? I/VrApi: FPS=49,Prd=39ms,Tear=2,Early=1,Stale=12,VSnc=1,Lat=0,Fov=0,CPU2/GPU=2/1,1132/214MHz,OC=F,TA=E/0/0,SP=F/N/N,Mem=1017MHz,Free=891MB,PSM=0,PLS=0,Temp=27.5C/25.0C,TW=3.77ms,App=1.14ms,GD=0.00ms
2019-07-22 20:33:36.475 973-29213/? I/UtilPoller: GPU Util 0.302871 / CPU Util 0.565217 (avg 0.414829)
2019-07-22 20:33:37.094 1665-29219/? D/[OAR] VrShellAnalyticsUploader: User-Agent: VrShellAnalytics2/1.0.0 [FBAN/OculusVrShell;FBAV/3.12.31;FBBV/152555004;FBBD/oculus;FBBPD/pacific;FBMF/Oculus;FBDV/Pacific;FBSV/7.1.2;FBPN/com.oculus.vrshell;]
2019-07-22 20:33:37.112 1567-1578/? E/DatabaseUtils: Writing exception to parcel
    java.lang.SecurityException: Component access not allowed.
        at com.oculus.content.PermissionChecks.throwAccessException(PermissionChecks.java:91)
        at com.oculus.content.AbstractContentProvider.enforcePermissions(AbstractContentProvider.java:209)
        at com.oculus.content.AbstractContentProvider.ensureInitializedAndEnforcePermissions(AbstractContentProvider.java:215)
        at com.oculus.content.AbstractContentProvider.query(AbstractContentProvider.java:366)
        at android.content.ContentProvider$Transport.query(ContentProvider.java:240)
        at android.content.ContentProviderNative.onTransact(ContentProviderNative.java:112)
        at android.os.Binder.execTransact(Binder.java:565)
2019-07-22 20:33:37.121 1665-29219/? E/FbConnectHelper: Failed to query FB auth token from Horizon
    java.lang.SecurityException: Component access not allowed.
        at android.os.Parcel.readException(Parcel.java:1692)
        at android.database.DatabaseUtils.readExceptionFromParcel(DatabaseUtils.java:183)
        at android.database.DatabaseUtils.readExceptionFromParcel(DatabaseUtils.java:135)
        at android.content.ContentProviderProxy.query(ContentProviderNative.java:421)
        at android.content.ContentResolver.query(ContentResolver.java:534)
        at android.content.ContentResolver.query(ContentResolver.java:475)
        at com.oculus.fbconnecthelper.FbConnectHelper.queryFbAuthTokenFromHorizon(FbConnectHelper.java:76)
        at com.oculus.fbconnecthelper.FbConnectHelper.getFbAuthToken(FbConnectHelper.java:113)
        at com.oculus.analytics.SimpleUploader.getAccessToken(SimpleUploader.java:44)
        at com.facebook.analytics2.uploader.okhttp3.OkHttp3AnalyticsUploader.createRequest(OkHttp3AnalyticsUploader.java:119)
        at com.facebook.analytics2.uploader.okhttp3.OkHttp3AnalyticsUploader.upload(OkHttp3AnalyticsUploader.java:89)
        at com.facebook.analytics2.logger.PrivacyControlledUploader.upload(PrivacyControlledUploader.java:36)
        at com.facebook.analytics2.logger.UploadProcessor.uploadNext(UploadProcessor.java:49)
        at com.facebook.analytics2.logger.UploadJobHandler.doMaybeUploadNext(UploadJobHandler.java:206)
        at com.facebook.analytics2.logger.UploadJobHandler.handleMessage(UploadJobHandler.java:89)
        at android.os.Handler.dispatchMessage(Handler.java:102)
        at android.os.Looper.loop(Looper.java:154)
        at android.os.HandlerThread.run(HandlerThread.java:61)
2019-07-22 20:33:37.312 1665-29219/? D/[OAR] VrShellAnalyticsUploader: User-Agent: VrShellAnalytics2/1.0.0 [FBAN/OculusVrShell;FBAV/3.12.31;FBBV/152555004;FBBD/oculus;FBBPD/pacific;FBMF/Oculus;FBDV/Pacific;FBSV/7.1.2;FBPN/com.oculus.vrshell;]
2019-07-22 20:33:37.325 1567-2031/? E/DatabaseUtils: Writing exception to parcel
    java.lang.SecurityException: Component access not allowed.
        at com.oculus.content.PermissionChecks.throwAccessException(PermissionChecks.java:91)
        at com.oculus.content.AbstractContentProvider.enforcePermissions(AbstractContentProvider.java:209)
        at com.oculus.content.AbstractContentProvider.ensureInitializedAndEnforcePermissions(AbstractContentProvider.java:215)
        at com.oculus.content.AbstractContentProvider.query(AbstractContentProvider.java:366)
        at android.content.ContentProvider$Transport.query(ContentProvider.java:240)
        at android.content.ContentProviderNative.onTransact(ContentProviderNative.java:112)
        at android.os.Binder.execTransact(Binder.java:565)
2019-07-22 20:33:37.333 1665-29219/? E/FbConnectHelper: Failed to query FB auth token from Horizon
    java.lang.SecurityException: Component access not allowed.
        at android.os.Parcel.readException(Parcel.java:1692)
        at android.database.DatabaseUtils.readExceptionFromParcel(DatabaseUtils.java:183)
        at android.database.DatabaseUtils.readExceptionFromParcel(DatabaseUtils.java:135)
        at android.content.ContentProviderProxy.query(ContentProviderNative.java:421)
        at android.content.ContentResolver.query(ContentResolver.java:534)
        at android.content.ContentResolver.query(ContentResolver.java:475)
        at com.oculus.fbconnecthelper.FbConnectHelper.queryFbAuthTokenFromHorizon(FbConnectHelper.java:76)
        at com.oculus.fbconnecthelper.FbConnectHelper.getFbAuthToken(FbConnectHelper.java:113)
        at com.oculus.analytics.SimpleUploader.getAccessToken(SimpleUploader.java:44)
        at com.facebook.analytics2.uploader.okhttp3.OkHttp3AnalyticsUploader.createRequest(OkHttp3AnalyticsUploader.java:119)
        at com.facebook.analytics2.uploader.okhttp3.OkHttp3AnalyticsUploader.upload(OkHttp3AnalyticsUploader.java:89)
        at com.facebook.analytics2.logger.PrivacyControlledUploader.upload(PrivacyControlledUploader.java:36)
        at com.facebook.analytics2.logger.UploadProcessor.uploadNext(UploadProcessor.java:49)
        at com.facebook.analytics2.logger.UploadJobHandler.doMaybeUploadNext(UploadJobHandler.java:206)
        at com.facebook.analytics2.logger.UploadJobHandler.handleMessage(UploadJobHandler.java:89)
        at android.os.Handler.dispatchMessage(Handler.java:102)
        at android.os.Looper.loop(Looper.java:154)
        at android.os.HandlerThread.run(HandlerThread.java:61)
2019-07-22 20:33:37.362 468-514/? D/audio_hw_primary: out_standby: enter: stream (0xe607d000) usecase(12: audio-ull-playback)
2019-07-22 20:33:37.392 973-29212/? I/VrApi: FPS=60,Prd=40ms,Tear=0,Early=0,Stale=0,VSnc=1,Lat=0,Fov=0,CPU2/GPU=2/1,1132/214MHz,OC=F,TA=E/0/0,SP=F/N/N,Mem=1017MHz,Free=890MB,PSM=0,PLS=0,Temp=27.5C/25.0C,TW=3.85ms,App=1.09ms,GD=0.00ms
2019-07-22 20:33:37.424 468-514/? D/audio_hw_primary: disable_audio_route: reset and update mixer path: audio-ull-playback
2019-07-22 20:33:37.426 468-514/? D/hardware_info: hw_info_append_hw_type : device_name = speaker
2019-07-22 20:33:37.426 468-514/? D/audio_hw_primary: disable_snd_device: snd_device(2: speaker)
2019-07-22 20:33:37.427 468-514/? D/msm8974_platform: platform_can_split_snd_device: snd_device(2) num devices(0) new_snd_devices(-431550016)
2019-07-22 20:33:37.438 468-514/? D/aud_dev_arbi: releaseOneDevice: not sending command, device argument (2) does not match any registered device
2019-07-22 20:33:37.438 468-514/? D/aud_dev_arbi: releaseOneDevice: device 2 owner is 0
2019-07-22 20:33:37.438 468-514/? D/audio_hw_primary: out_standby: exit
2019-07-22 20:33:37.479 973-29213/? I/UtilPoller: GPU Util 0.302654 / CPU Util 0.566667 (avg 0.404193)
2019-07-22 20:33:37.740 1322-1322/? D/VRPowerManagerService: processing message: sensor changed
2019-07-22 20:33:37.741 1322-1322/? I/VRPowerManagerService: transition from HEADSET_UNMOUNTED to HEADSET_MOUNTED
2019-07-22 20:33:37.741 1281-1304/? D/VRPowerManagerClient: Headset state: 2
2019-07-22 20:33:37.742 1281-1304/? V/ControllerNotifications: Headset was mounted, requesting that notifications are enabled
2019-07-22 20:33:37.742 1281-1304/? V/ControllerNotifications: Queueing enable of notifications in 5000ms
2019-07-22 20:33:37.742 1337-1752/? D/TrackingService: Received transition request to RUNNING current is STANDBY
2019-07-22 20:33:37.742 1337-1752/? D/TrackingService: Executing transition from STANDBY to RUNNING
2019-07-22 20:33:37.742 1337-1752/? D/TrackingService: Setting power state to RUNNING
2019-07-22 20:33:37.743 1337-1733/? I/[CT]: [ORIENTATION:SensorFusionImpl-H]: SensorFusion 2: ResetCorrections
2019-07-22 20:33:37.745 468-520/? D/audio_hw_primary: adev_set_mic_mute state 0
2019-07-22 20:33:37.758 973-29207/? I/VrApi: ovr_HandleHmdEvents: HMT was mounted
2019-07-22 20:33:37.758 973-29207/? I/Sensor: NoFilter: 0
2019-07-22 20:33:37.759 1337-1733/? I/[CT]: [ORIENTATION:SensorFusionImpl-H]: SensorFusion 2: ResetCorrections
2019-07-22 20:33:37.948 1567-1844/? W/VRLifecycleManager: onHeadsetMounted
2019-07-22 20:33:37.950 1567-29051/? W/VRLifecycleManager: onHeadsetMounted
2019-07-22 20:33:37.951 1567-29051/? I/MountStatusPoller: mounted true
2019-07-22 20:33:37.955 1567-1844/? I/PlatformPluginManager: setHeadsetMountState: true
2019-07-22 20:33:37.957 1567-1844/? I/OVRPlatform: [AudioManager] SetHeadsetMounted: true
